Archive member included to satisfy reference by file (symbol)

C:/Users/YBL/.sifli/tools/arm-none-eabi-gcc/14.2.1/bin/../lib/gcc/arm-none-eabi/14.2.1/thumb/v8-m.main+fp/hard\libg_nano.a(libc_a-exit.o)
                              C:/Users/YBL/.sifli/tools/arm-none-eabi-gcc/14.2.1/bin/../lib/gcc/arm-none-eabi/14.2.1/thumb/v8-m.main+fp/hard/crt0.o (exit)
C:/Users/YBL/.sifli/tools/arm-none-eabi-gcc/14.2.1/bin/../lib/gcc/arm-none-eabi/14.2.1/thumb/v8-m.main+fp/hard\libg_nano.a(libc_a-findfp.o)
                              C:/Users/YBL/.sifli/tools/arm-none-eabi-gcc/14.2.1/bin/../lib/gcc/arm-none-eabi/14.2.1/thumb/v8-m.main+fp/hard\libg_nano.a(libc_a-exit.o) (__stdio_exit_handler)
C:/Users/YBL/.sifli/tools/arm-none-eabi-gcc/14.2.1/bin/../lib/gcc/arm-none-eabi/14.2.1/thumb/v8-m.main+fp/hard\libg_nano.a(libc_a-fwalk.o)
                              C:/Users/YBL/.sifli/tools/arm-none-eabi-gcc/14.2.1/bin/../lib/gcc/arm-none-eabi/14.2.1/thumb/v8-m.main+fp/hard\libg_nano.a(libc_a-findfp.o) (_fwalk_sglue)
C:/Users/YBL/.sifli/tools/arm-none-eabi-gcc/14.2.1/bin/../lib/gcc/arm-none-eabi/14.2.1/thumb/v8-m.main+fp/hard\libg_nano.a(libc_a-stdio.o)
                              C:/Users/YBL/.sifli/tools/arm-none-eabi-gcc/14.2.1/bin/../lib/gcc/arm-none-eabi/14.2.1/thumb/v8-m.main+fp/hard\libg_nano.a(libc_a-findfp.o) (__sread)
C:/Users/YBL/.sifli/tools/arm-none-eabi-gcc/14.2.1/bin/../lib/gcc/arm-none-eabi/14.2.1/thumb/v8-m.main+fp/hard\libg_nano.a(libc_a-memset.o)
                              C:/Users/YBL/.sifli/tools/arm-none-eabi-gcc/14.2.1/bin/../lib/gcc/arm-none-eabi/14.2.1/thumb/v8-m.main+fp/hard/crt0.o (memset)
C:/Users/YBL/.sifli/tools/arm-none-eabi-gcc/14.2.1/bin/../lib/gcc/arm-none-eabi/14.2.1/thumb/v8-m.main+fp/hard\libg_nano.a(libc_a-closer.o)
                              C:/Users/YBL/.sifli/tools/arm-none-eabi-gcc/14.2.1/bin/../lib/gcc/arm-none-eabi/14.2.1/thumb/v8-m.main+fp/hard\libg_nano.a(libc_a-stdio.o) (_close_r)
C:/Users/YBL/.sifli/tools/arm-none-eabi-gcc/14.2.1/bin/../lib/gcc/arm-none-eabi/14.2.1/thumb/v8-m.main+fp/hard\libg_nano.a(libc_a-reent.o)
                              C:/Users/YBL/.sifli/tools/arm-none-eabi-gcc/14.2.1/bin/../lib/gcc/arm-none-eabi/14.2.1/thumb/v8-m.main+fp/hard\libg_nano.a(libc_a-closer.o) (errno)
C:/Users/YBL/.sifli/tools/arm-none-eabi-gcc/14.2.1/bin/../lib/gcc/arm-none-eabi/14.2.1/thumb/v8-m.main+fp/hard\libg_nano.a(libc_a-impure.o)
                              C:/Users/YBL/.sifli/tools/arm-none-eabi-gcc/14.2.1/bin/../lib/gcc/arm-none-eabi/14.2.1/thumb/v8-m.main+fp/hard\libg_nano.a(libc_a-reent.o) (_impure_ptr)
C:/Users/YBL/.sifli/tools/arm-none-eabi-gcc/14.2.1/bin/../lib/gcc/arm-none-eabi/14.2.1/thumb/v8-m.main+fp/hard\libg_nano.a(libc_a-lseekr.o)
                              C:/Users/YBL/.sifli/tools/arm-none-eabi-gcc/14.2.1/bin/../lib/gcc/arm-none-eabi/14.2.1/thumb/v8-m.main+fp/hard\libg_nano.a(libc_a-stdio.o) (_lseek_r)
C:/Users/YBL/.sifli/tools/arm-none-eabi-gcc/14.2.1/bin/../lib/gcc/arm-none-eabi/14.2.1/thumb/v8-m.main+fp/hard\libg_nano.a(libc_a-readr.o)
                              C:/Users/YBL/.sifli/tools/arm-none-eabi-gcc/14.2.1/bin/../lib/gcc/arm-none-eabi/14.2.1/thumb/v8-m.main+fp/hard\libg_nano.a(libc_a-stdio.o) (_read_r)
C:/Users/YBL/.sifli/tools/arm-none-eabi-gcc/14.2.1/bin/../lib/gcc/arm-none-eabi/14.2.1/thumb/v8-m.main+fp/hard\libg_nano.a(libc_a-writer.o)
                              C:/Users/YBL/.sifli/tools/arm-none-eabi-gcc/14.2.1/bin/../lib/gcc/arm-none-eabi/14.2.1/thumb/v8-m.main+fp/hard\libg_nano.a(libc_a-stdio.o) (_write_r)
C:/Users/YBL/.sifli/tools/arm-none-eabi-gcc/14.2.1/bin/../lib/gcc/arm-none-eabi/14.2.1/thumb/v8-m.main+fp/hard\libg_nano.a(libc_a-init.o)
                              C:/Users/YBL/.sifli/tools/arm-none-eabi-gcc/14.2.1/bin/../lib/gcc/arm-none-eabi/14.2.1/thumb/v8-m.main+fp/hard/crt0.o (__libc_init_array)
C:/Users/YBL/.sifli/tools/arm-none-eabi-gcc/14.2.1/bin/../lib/gcc/arm-none-eabi/14.2.1/thumb/v8-m.main+fp/hard\libg_nano.a(libc_a-lock.o)
                              C:/Users/YBL/.sifli/tools/arm-none-eabi-gcc/14.2.1/bin/../lib/gcc/arm-none-eabi/14.2.1/thumb/v8-m.main+fp/hard\libg_nano.a(libc_a-findfp.o) (__retarget_lock_init_recursive)
C:/Users/YBL/.sifli/tools/arm-none-eabi-gcc/14.2.1/bin/../lib/gcc/arm-none-eabi/14.2.1/thumb/v8-m.main+fp/hard\libg_nano.a(libc_a-freer.o)
                              C:/Users/YBL/.sifli/tools/arm-none-eabi-gcc/14.2.1/bin/../lib/gcc/arm-none-eabi/14.2.1/thumb/v8-m.main+fp/hard\libg_nano.a(libc_a-reent.o) (_free_r)
C:/Users/YBL/.sifli/tools/arm-none-eabi-gcc/14.2.1/bin/../lib/gcc/arm-none-eabi/14.2.1/thumb/v8-m.main+fp/hard\libg_nano.a(libc_a-mallocr.o)
                              C:/Users/YBL/.sifli/tools/arm-none-eabi-gcc/14.2.1/bin/../lib/gcc/arm-none-eabi/14.2.1/thumb/v8-m.main+fp/hard\libg_nano.a(libc_a-findfp.o) (_malloc_r)
C:/Users/YBL/.sifli/tools/arm-none-eabi-gcc/14.2.1/bin/../lib/gcc/arm-none-eabi/14.2.1/thumb/v8-m.main+fp/hard\libg_nano.a(libc_a-mlock.o)
                              C:/Users/YBL/.sifli/tools/arm-none-eabi-gcc/14.2.1/bin/../lib/gcc/arm-none-eabi/14.2.1/thumb/v8-m.main+fp/hard\libg_nano.a(libc_a-freer.o) (__malloc_lock)
C:/Users/YBL/.sifli/tools/arm-none-eabi-gcc/14.2.1/bin/../lib/gcc/arm-none-eabi/14.2.1/thumb/v8-m.main+fp/hard\libg_nano.a(libc_a-fflush.o)
                              C:/Users/YBL/.sifli/tools/arm-none-eabi-gcc/14.2.1/bin/../lib/gcc/arm-none-eabi/14.2.1/thumb/v8-m.main+fp/hard\libg_nano.a(libc_a-findfp.o) (_fflush_r)
C:/Users/YBL/.sifli/tools/arm-none-eabi-gcc/14.2.1/bin/../lib/gcc/arm-none-eabi/14.2.1/thumb/v8-m.main+fp/hard\libg_nano.a(libc_a-sbrkr.o)
                              C:/Users/YBL/.sifli/tools/arm-none-eabi-gcc/14.2.1/bin/../lib/gcc/arm-none-eabi/14.2.1/thumb/v8-m.main+fp/hard\libg_nano.a(libc_a-mallocr.o) (_sbrk_r)
C:/Users/YBL/.sifli/tools/arm-none-eabi-gcc/14.2.1/bin/../lib/gcc/arm-none-eabi/14.2.1/thumb/v8-m.main+fp/hard\libnosys.a(close.o)
                              C:/Users/YBL/.sifli/tools/arm-none-eabi-gcc/14.2.1/bin/../lib/gcc/arm-none-eabi/14.2.1/thumb/v8-m.main+fp/hard\libg_nano.a(libc_a-closer.o) (_close)
C:/Users/YBL/.sifli/tools/arm-none-eabi-gcc/14.2.1/bin/../lib/gcc/arm-none-eabi/14.2.1/thumb/v8-m.main+fp/hard\libnosys.a(lseek.o)
                              C:/Users/YBL/.sifli/tools/arm-none-eabi-gcc/14.2.1/bin/../lib/gcc/arm-none-eabi/14.2.1/thumb/v8-m.main+fp/hard\libg_nano.a(libc_a-lseekr.o) (_lseek)
C:/Users/YBL/.sifli/tools/arm-none-eabi-gcc/14.2.1/bin/../lib/gcc/arm-none-eabi/14.2.1/thumb/v8-m.main+fp/hard\libnosys.a(read.o)
                              C:/Users/YBL/.sifli/tools/arm-none-eabi-gcc/14.2.1/bin/../lib/gcc/arm-none-eabi/14.2.1/thumb/v8-m.main+fp/hard\libg_nano.a(libc_a-readr.o) (_read)
C:/Users/YBL/.sifli/tools/arm-none-eabi-gcc/14.2.1/bin/../lib/gcc/arm-none-eabi/14.2.1/thumb/v8-m.main+fp/hard\libnosys.a(sbrk.o)
                              C:/Users/YBL/.sifli/tools/arm-none-eabi-gcc/14.2.1/bin/../lib/gcc/arm-none-eabi/14.2.1/thumb/v8-m.main+fp/hard\libg_nano.a(libc_a-sbrkr.o) (_sbrk)
C:/Users/YBL/.sifli/tools/arm-none-eabi-gcc/14.2.1/bin/../lib/gcc/arm-none-eabi/14.2.1/thumb/v8-m.main+fp/hard\libnosys.a(write.o)
                              C:/Users/YBL/.sifli/tools/arm-none-eabi-gcc/14.2.1/bin/../lib/gcc/arm-none-eabi/14.2.1/thumb/v8-m.main+fp/hard\libg_nano.a(libc_a-writer.o) (_write)
C:/Users/YBL/.sifli/tools/arm-none-eabi-gcc/14.2.1/bin/../lib/gcc/arm-none-eabi/14.2.1/thumb/v8-m.main+fp/hard\libnosys.a(_exit.o)
                              C:/Users/YBL/.sifli/tools/arm-none-eabi-gcc/14.2.1/bin/../lib/gcc/arm-none-eabi/14.2.1/thumb/v8-m.main+fp/hard\libg_nano.a(libc_a-exit.o) (_exit)

Discarded input sections

 .text          0x00000000        0x0 C:/Users/YBL/.sifli/tools/arm-none-eabi-gcc/14.2.1/bin/../lib/gcc/arm-none-eabi/14.2.1/thumb/v8-m.main+fp/hard/crti.o
 .data          0x00000000        0x0 C:/Users/YBL/.sifli/tools/arm-none-eabi-gcc/14.2.1/bin/../lib/gcc/arm-none-eabi/14.2.1/thumb/v8-m.main+fp/hard/crti.o
 .bss           0x00000000        0x0 C:/Users/YBL/.sifli/tools/arm-none-eabi-gcc/14.2.1/bin/../lib/gcc/arm-none-eabi/14.2.1/thumb/v8-m.main+fp/hard/crti.o
 .text          0x00000000        0x0 C:/Users/YBL/.sifli/tools/arm-none-eabi-gcc/14.2.1/bin/../lib/gcc/arm-none-eabi/14.2.1/thumb/v8-m.main+fp/hard/crtbegin.o
 .data          0x00000000        0x0 C:/Users/YBL/.sifli/tools/arm-none-eabi-gcc/14.2.1/bin/../lib/gcc/arm-none-eabi/14.2.1/thumb/v8-m.main+fp/hard/crtbegin.o
 .bss           0x00000000        0x0 C:/Users/YBL/.sifli/tools/arm-none-eabi-gcc/14.2.1/bin/../lib/gcc/arm-none-eabi/14.2.1/thumb/v8-m.main+fp/hard/crtbegin.o
 .rodata.all_implied_fbits
                0x00000000       0x24 C:/Users/YBL/.sifli/tools/arm-none-eabi-gcc/14.2.1/bin/../lib/gcc/arm-none-eabi/14.2.1/thumb/v8-m.main+fp/hard/crtbegin.o
 .init_array    0x00000000        0x4 C:/Users/YBL/.sifli/tools/arm-none-eabi-gcc/14.2.1/bin/../lib/gcc/arm-none-eabi/14.2.1/thumb/v8-m.main+fp/hard/crtbegin.o
 .fini_array    0x00000000        0x4 C:/Users/YBL/.sifli/tools/arm-none-eabi-gcc/14.2.1/bin/../lib/gcc/arm-none-eabi/14.2.1/thumb/v8-m.main+fp/hard/crtbegin.o
 .eh_frame      0x00000000        0x0 C:/Users/YBL/.sifli/tools/arm-none-eabi-gcc/14.2.1/bin/../lib/gcc/arm-none-eabi/14.2.1/thumb/v8-m.main+fp/hard/crtbegin.o
 .tm_clone_table
                0x00000000        0x0 C:/Users/YBL/.sifli/tools/arm-none-eabi-gcc/14.2.1/bin/../lib/gcc/arm-none-eabi/14.2.1/thumb/v8-m.main+fp/hard/crtbegin.o
 .text.deregister_tm_clones
                0x00000000       0x1c C:/Users/YBL/.sifli/tools/arm-none-eabi-gcc/14.2.1/bin/../lib/gcc/arm-none-eabi/14.2.1/thumb/v8-m.main+fp/hard/crtbegin.o
 .text.register_tm_clones
                0x00000000       0x28 C:/Users/YBL/.sifli/tools/arm-none-eabi-gcc/14.2.1/bin/../lib/gcc/arm-none-eabi/14.2.1/thumb/v8-m.main+fp/hard/crtbegin.o
 .data.__dso_handle
                0x00000000        0x4 C:/Users/YBL/.sifli/tools/arm-none-eabi-gcc/14.2.1/bin/../lib/gcc/arm-none-eabi/14.2.1/thumb/v8-m.main+fp/hard/crtbegin.o
 .text.__do_global_dtors_aux
                0x00000000       0x28 C:/Users/YBL/.sifli/tools/arm-none-eabi-gcc/14.2.1/bin/../lib/gcc/arm-none-eabi/14.2.1/thumb/v8-m.main+fp/hard/crtbegin.o
 .text.frame_dummy
                0x00000000       0x24 C:/Users/YBL/.sifli/tools/arm-none-eabi-gcc/14.2.1/bin/../lib/gcc/arm-none-eabi/14.2.1/thumb/v8-m.main+fp/hard/crtbegin.o
 .bss.completed.1
                0x00000000        0x1 C:/Users/YBL/.sifli/tools/arm-none-eabi-gcc/14.2.1/bin/../lib/gcc/arm-none-eabi/14.2.1/thumb/v8-m.main+fp/hard/crtbegin.o
 .bss.object.0  0x00000000       0x18 C:/Users/YBL/.sifli/tools/arm-none-eabi-gcc/14.2.1/bin/../lib/gcc/arm-none-eabi/14.2.1/thumb/v8-m.main+fp/hard/crtbegin.o
 .ARM.attributes
                0x00000000       0x38 C:/Users/YBL/.sifli/tools/arm-none-eabi-gcc/14.2.1/bin/../lib/gcc/arm-none-eabi/14.2.1/thumb/v8-m.main+fp/hard/crtbegin.o
 .text          0x00000000       0x7c C:/Users/YBL/.sifli/tools/arm-none-eabi-gcc/14.2.1/bin/../lib/gcc/arm-none-eabi/14.2.1/thumb/v8-m.main+fp/hard/crt0.o
 .data          0x00000000        0x0 C:/Users/YBL/.sifli/tools/arm-none-eabi-gcc/14.2.1/bin/../lib/gcc/arm-none-eabi/14.2.1/thumb/v8-m.main+fp/hard/crt0.o
 .bss           0x00000000        0x0 C:/Users/YBL/.sifli/tools/arm-none-eabi-gcc/14.2.1/bin/../lib/gcc/arm-none-eabi/14.2.1/thumb/v8-m.main+fp/hard/crt0.o
 .ARM.extab     0x00000000        0x0 C:/Users/YBL/.sifli/tools/arm-none-eabi-gcc/14.2.1/bin/../lib/gcc/arm-none-eabi/14.2.1/thumb/v8-m.main+fp/hard/crt0.o
 .ARM.exidx     0x00000000       0x10 C:/Users/YBL/.sifli/tools/arm-none-eabi-gcc/14.2.1/bin/../lib/gcc/arm-none-eabi/14.2.1/thumb/v8-m.main+fp/hard/crt0.o
 .debug_line_str
                0x00000000       0xde C:/Users/YBL/.sifli/tools/arm-none-eabi-gcc/14.2.1/bin/../lib/gcc/arm-none-eabi/14.2.1/thumb/v8-m.main+fp/hard/crt0.o
 .ARM.attributes
                0x00000000       0x24 C:/Users/YBL/.sifli/tools/arm-none-eabi-gcc/14.2.1/bin/../lib/gcc/arm-none-eabi/14.2.1/thumb/v8-m.main+fp/hard/crt0.o
 .data          0x00000000        0x0 build_sf32lb52-lchspi-ulp_hcpu\\ftab\\board\\ftab.o
 .bss           0x00000000        0x0 build_sf32lb52-lchspi-ulp_hcpu\\ftab\\board\\ftab.o
 .text          0x00000000        0x0 C:/Users/YBL/.sifli/tools/arm-none-eabi-gcc/14.2.1/bin/../lib/gcc/arm-none-eabi/14.2.1/thumb/v8-m.main+fp/hard\libg_nano.a(libc_a-exit.o)
 .data          0x00000000        0x0 C:/Users/YBL/.sifli/tools/arm-none-eabi-gcc/14.2.1/bin/../lib/gcc/arm-none-eabi/14.2.1/thumb/v8-m.main+fp/hard\libg_nano.a(libc_a-exit.o)
 .bss           0x00000000        0x0 C:/Users/YBL/.sifli/tools/arm-none-eabi-gcc/14.2.1/bin/../lib/gcc/arm-none-eabi/14.2.1/thumb/v8-m.main+fp/hard\libg_nano.a(libc_a-exit.o)
 .text.exit     0x00000000       0x24 C:/Users/YBL/.sifli/tools/arm-none-eabi-gcc/14.2.1/bin/../lib/gcc/arm-none-eabi/14.2.1/thumb/v8-m.main+fp/hard\libg_nano.a(libc_a-exit.o)
 .debug_frame   0x00000000       0x28 C:/Users/YBL/.sifli/tools/arm-none-eabi-gcc/14.2.1/bin/../lib/gcc/arm-none-eabi/14.2.1/thumb/v8-m.main+fp/hard\libg_nano.a(libc_a-exit.o)
 .ARM.attributes
                0x00000000       0x38 C:/Users/YBL/.sifli/tools/arm-none-eabi-gcc/14.2.1/bin/../lib/gcc/arm-none-eabi/14.2.1/thumb/v8-m.main+fp/hard\libg_nano.a(libc_a-exit.o)
 .text          0x00000000        0x0 C:/Users/YBL/.sifli/tools/arm-none-eabi-gcc/14.2.1/bin/../lib/gcc/arm-none-eabi/14.2.1/thumb/v8-m.main+fp/hard\libg_nano.a(libc_a-findfp.o)
 .data          0x00000000        0x0 C:/Users/YBL/.sifli/tools/arm-none-eabi-gcc/14.2.1/bin/../lib/gcc/arm-none-eabi/14.2.1/thumb/v8-m.main+fp/hard\libg_nano.a(libc_a-findfp.o)
 .bss           0x00000000        0x0 C:/Users/YBL/.sifli/tools/arm-none-eabi-gcc/14.2.1/bin/../lib/gcc/arm-none-eabi/14.2.1/thumb/v8-m.main+fp/hard\libg_nano.a(libc_a-findfp.o)
 .text.std      0x00000000       0x6c C:/Users/YBL/.sifli/tools/arm-none-eabi-gcc/14.2.1/bin/../lib/gcc/arm-none-eabi/14.2.1/thumb/v8-m.main+fp/hard\libg_nano.a(libc_a-findfp.o)
 .text.stdio_exit_handler
                0x00000000       0x18 C:/Users/YBL/.sifli/tools/arm-none-eabi-gcc/14.2.1/bin/../lib/gcc/arm-none-eabi/14.2.1/thumb/v8-m.main+fp/hard\libg_nano.a(libc_a-findfp.o)
 .text.cleanup_stdio
                0x00000000       0x40 C:/Users/YBL/.sifli/tools/arm-none-eabi-gcc/14.2.1/bin/../lib/gcc/arm-none-eabi/14.2.1/thumb/v8-m.main+fp/hard\libg_nano.a(libc_a-findfp.o)
 .text.__fp_lock
                0x00000000       0x18 C:/Users/YBL/.sifli/tools/arm-none-eabi-gcc/14.2.1/bin/../lib/gcc/arm-none-eabi/14.2.1/thumb/v8-m.main+fp/hard\libg_nano.a(libc_a-findfp.o)
 .text.__fp_unlock
                0x00000000       0x18 C:/Users/YBL/.sifli/tools/arm-none-eabi-gcc/14.2.1/bin/../lib/gcc/arm-none-eabi/14.2.1/thumb/v8-m.main+fp/hard\libg_nano.a(libc_a-findfp.o)
 .text.global_stdio_init.part.0
                0x00000000       0x40 C:/Users/YBL/.sifli/tools/arm-none-eabi-gcc/14.2.1/bin/../lib/gcc/arm-none-eabi/14.2.1/thumb/v8-m.main+fp/hard\libg_nano.a(libc_a-findfp.o)
 .text.__sfp_lock_acquire
                0x00000000        0xc C:/Users/YBL/.sifli/tools/arm-none-eabi-gcc/14.2.1/bin/../lib/gcc/arm-none-eabi/14.2.1/thumb/v8-m.main+fp/hard\libg_nano.a(libc_a-findfp.o)
 .text.__sfp_lock_release
                0x00000000        0xc C:/Users/YBL/.sifli/tools/arm-none-eabi-gcc/14.2.1/bin/../lib/gcc/arm-none-eabi/14.2.1/thumb/v8-m.main+fp/hard\libg_nano.a(libc_a-findfp.o)
 .text.__sfp    0x00000000       0xa8 C:/Users/YBL/.sifli/tools/arm-none-eabi-gcc/14.2.1/bin/../lib/gcc/arm-none-eabi/14.2.1/thumb/v8-m.main+fp/hard\libg_nano.a(libc_a-findfp.o)
 .text.__sinit  0x00000000       0x30 C:/Users/YBL/.sifli/tools/arm-none-eabi-gcc/14.2.1/bin/../lib/gcc/arm-none-eabi/14.2.1/thumb/v8-m.main+fp/hard\libg_nano.a(libc_a-findfp.o)
 .text.__fp_lock_all
                0x00000000       0x1c C:/Users/YBL/.sifli/tools/arm-none-eabi-gcc/14.2.1/bin/../lib/gcc/arm-none-eabi/14.2.1/thumb/v8-m.main+fp/hard\libg_nano.a(libc_a-findfp.o)
 .text.__fp_unlock_all
                0x00000000       0x1c C:/Users/YBL/.sifli/tools/arm-none-eabi-gcc/14.2.1/bin/../lib/gcc/arm-none-eabi/14.2.1/thumb/v8-m.main+fp/hard\libg_nano.a(libc_a-findfp.o)
 .data.__sglue  0x00000000        0xc C:/Users/YBL/.sifli/tools/arm-none-eabi-gcc/14.2.1/bin/../lib/gcc/arm-none-eabi/14.2.1/thumb/v8-m.main+fp/hard\libg_nano.a(libc_a-findfp.o)
 .bss.__sf      0x00000000      0x138 C:/Users/YBL/.sifli/tools/arm-none-eabi-gcc/14.2.1/bin/../lib/gcc/arm-none-eabi/14.2.1/thumb/v8-m.main+fp/hard\libg_nano.a(libc_a-findfp.o)
 .bss.__stdio_exit_handler
                0x00000000        0x4 C:/Users/YBL/.sifli/tools/arm-none-eabi-gcc/14.2.1/bin/../lib/gcc/arm-none-eabi/14.2.1/thumb/v8-m.main+fp/hard\libg_nano.a(libc_a-findfp.o)
 .debug_frame   0x00000000      0x144 C:/Users/YBL/.sifli/tools/arm-none-eabi-gcc/14.2.1/bin/../lib/gcc/arm-none-eabi/14.2.1/thumb/v8-m.main+fp/hard\libg_nano.a(libc_a-findfp.o)
 .ARM.attributes
                0x00000000       0x38 C:/Users/YBL/.sifli/tools/arm-none-eabi-gcc/14.2.1/bin/../lib/gcc/arm-none-eabi/14.2.1/thumb/v8-m.main+fp/hard\libg_nano.a(libc_a-findfp.o)
 .text          0x00000000        0x0 C:/Users/YBL/.sifli/tools/arm-none-eabi-gcc/14.2.1/bin/../lib/gcc/arm-none-eabi/14.2.1/thumb/v8-m.main+fp/hard\libg_nano.a(libc_a-fwalk.o)
 .data          0x00000000        0x0 C:/Users/YBL/.sifli/tools/arm-none-eabi-gcc/14.2.1/bin/../lib/gcc/arm-none-eabi/14.2.1/thumb/v8-m.main+fp/hard\libg_nano.a(libc_a-fwalk.o)
 .bss           0x00000000        0x0 C:/Users/YBL/.sifli/tools/arm-none-eabi-gcc/14.2.1/bin/../lib/gcc/arm-none-eabi/14.2.1/thumb/v8-m.main+fp/hard\libg_nano.a(libc_a-fwalk.o)
 .text._fwalk_sglue
                0x00000000       0x3c C:/Users/YBL/.sifli/tools/arm-none-eabi-gcc/14.2.1/bin/../lib/gcc/arm-none-eabi/14.2.1/thumb/v8-m.main+fp/hard\libg_nano.a(libc_a-fwalk.o)
 .debug_frame   0x00000000       0x34 C:/Users/YBL/.sifli/tools/arm-none-eabi-gcc/14.2.1/bin/../lib/gcc/arm-none-eabi/14.2.1/thumb/v8-m.main+fp/hard\libg_nano.a(libc_a-fwalk.o)
 .ARM.attributes
                0x00000000       0x38 C:/Users/YBL/.sifli/tools/arm-none-eabi-gcc/14.2.1/bin/../lib/gcc/arm-none-eabi/14.2.1/thumb/v8-m.main+fp/hard\libg_nano.a(libc_a-fwalk.o)
 .text          0x00000000        0x0 C:/Users/YBL/.sifli/tools/arm-none-eabi-gcc/14.2.1/bin/../lib/gcc/arm-none-eabi/14.2.1/thumb/v8-m.main+fp/hard\libg_nano.a(libc_a-stdio.o)
 .data          0x00000000        0x0 C:/Users/YBL/.sifli/tools/arm-none-eabi-gcc/14.2.1/bin/../lib/gcc/arm-none-eabi/14.2.1/thumb/v8-m.main+fp/hard\libg_nano.a(libc_a-stdio.o)
 .bss           0x00000000        0x0 C:/Users/YBL/.sifli/tools/arm-none-eabi-gcc/14.2.1/bin/../lib/gcc/arm-none-eabi/14.2.1/thumb/v8-m.main+fp/hard\libg_nano.a(libc_a-stdio.o)
 .text.__sread  0x00000000       0x22 C:/Users/YBL/.sifli/tools/arm-none-eabi-gcc/14.2.1/bin/../lib/gcc/arm-none-eabi/14.2.1/thumb/v8-m.main+fp/hard\libg_nano.a(libc_a-stdio.o)
 .text.__seofread
                0x00000000        0x4 C:/Users/YBL/.sifli/tools/arm-none-eabi-gcc/14.2.1/bin/../lib/gcc/arm-none-eabi/14.2.1/thumb/v8-m.main+fp/hard\libg_nano.a(libc_a-stdio.o)
 .text.__swrite
                0x00000000       0x38 C:/Users/YBL/.sifli/tools/arm-none-eabi-gcc/14.2.1/bin/../lib/gcc/arm-none-eabi/14.2.1/thumb/v8-m.main+fp/hard\libg_nano.a(libc_a-stdio.o)
 .text.__sseek  0x00000000       0x26 C:/Users/YBL/.sifli/tools/arm-none-eabi-gcc/14.2.1/bin/../lib/gcc/arm-none-eabi/14.2.1/thumb/v8-m.main+fp/hard\libg_nano.a(libc_a-stdio.o)
 .text.__sclose
                0x00000000        0x8 C:/Users/YBL/.sifli/tools/arm-none-eabi-gcc/14.2.1/bin/../lib/gcc/arm-none-eabi/14.2.1/thumb/v8-m.main+fp/hard\libg_nano.a(libc_a-stdio.o)
 .debug_frame   0x00000000       0x88 C:/Users/YBL/.sifli/tools/arm-none-eabi-gcc/14.2.1/bin/../lib/gcc/arm-none-eabi/14.2.1/thumb/v8-m.main+fp/hard\libg_nano.a(libc_a-stdio.o)
 .ARM.attributes
                0x00000000       0x38 C:/Users/YBL/.sifli/tools/arm-none-eabi-gcc/14.2.1/bin/../lib/gcc/arm-none-eabi/14.2.1/thumb/v8-m.main+fp/hard\libg_nano.a(libc_a-stdio.o)
 .text          0x00000000        0x0 C:/Users/YBL/.sifli/tools/arm-none-eabi-gcc/14.2.1/bin/../lib/gcc/arm-none-eabi/14.2.1/thumb/v8-m.main+fp/hard\libg_nano.a(libc_a-memset.o)
 .data          0x00000000        0x0 C:/Users/YBL/.sifli/tools/arm-none-eabi-gcc/14.2.1/bin/../lib/gcc/arm-none-eabi/14.2.1/thumb/v8-m.main+fp/hard\libg_nano.a(libc_a-memset.o)
 .bss           0x00000000        0x0 C:/Users/YBL/.sifli/tools/arm-none-eabi-gcc/14.2.1/bin/../lib/gcc/arm-none-eabi/14.2.1/thumb/v8-m.main+fp/hard\libg_nano.a(libc_a-memset.o)
 .text.memset   0x00000000       0x10 C:/Users/YBL/.sifli/tools/arm-none-eabi-gcc/14.2.1/bin/../lib/gcc/arm-none-eabi/14.2.1/thumb/v8-m.main+fp/hard\libg_nano.a(libc_a-memset.o)
 .debug_frame   0x00000000       0x20 C:/Users/YBL/.sifli/tools/arm-none-eabi-gcc/14.2.1/bin/../lib/gcc/arm-none-eabi/14.2.1/thumb/v8-m.main+fp/hard\libg_nano.a(libc_a-memset.o)
 .ARM.attributes
                0x00000000       0x38 C:/Users/YBL/.sifli/tools/arm-none-eabi-gcc/14.2.1/bin/../lib/gcc/arm-none-eabi/14.2.1/thumb/v8-m.main+fp/hard\libg_nano.a(libc_a-memset.o)
 .text          0x00000000        0x0 C:/Users/YBL/.sifli/tools/arm-none-eabi-gcc/14.2.1/bin/../lib/gcc/arm-none-eabi/14.2.1/thumb/v8-m.main+fp/hard\libg_nano.a(libc_a-closer.o)
 .data          0x00000000        0x0 C:/Users/YBL/.sifli/tools/arm-none-eabi-gcc/14.2.1/bin/../lib/gcc/arm-none-eabi/14.2.1/thumb/v8-m.main+fp/hard\libg_nano.a(libc_a-closer.o)
 .bss           0x00000000        0x0 C:/Users/YBL/.sifli/tools/arm-none-eabi-gcc/14.2.1/bin/../lib/gcc/arm-none-eabi/14.2.1/thumb/v8-m.main+fp/hard\libg_nano.a(libc_a-closer.o)
 .text._close_r
                0x00000000       0x20 C:/Users/YBL/.sifli/tools/arm-none-eabi-gcc/14.2.1/bin/../lib/gcc/arm-none-eabi/14.2.1/thumb/v8-m.main+fp/hard\libg_nano.a(libc_a-closer.o)
 .debug_frame   0x00000000       0x2c C:/Users/YBL/.sifli/tools/arm-none-eabi-gcc/14.2.1/bin/../lib/gcc/arm-none-eabi/14.2.1/thumb/v8-m.main+fp/hard\libg_nano.a(libc_a-closer.o)
 .ARM.attributes
                0x00000000       0x38 C:/Users/YBL/.sifli/tools/arm-none-eabi-gcc/14.2.1/bin/../lib/gcc/arm-none-eabi/14.2.1/thumb/v8-m.main+fp/hard\libg_nano.a(libc_a-closer.o)
 .text          0x00000000        0x0 C:/Users/YBL/.sifli/tools/arm-none-eabi-gcc/14.2.1/bin/../lib/gcc/arm-none-eabi/14.2.1/thumb/v8-m.main+fp/hard\libg_nano.a(libc_a-reent.o)
 .data          0x00000000        0x0 C:/Users/YBL/.sifli/tools/arm-none-eabi-gcc/14.2.1/bin/../lib/gcc/arm-none-eabi/14.2.1/thumb/v8-m.main+fp/hard\libg_nano.a(libc_a-reent.o)
 .bss           0x00000000        0x0 C:/Users/YBL/.sifli/tools/arm-none-eabi-gcc/14.2.1/bin/../lib/gcc/arm-none-eabi/14.2.1/thumb/v8-m.main+fp/hard\libg_nano.a(libc_a-reent.o)
 .text._reclaim_reent
                0x00000000       0xbc C:/Users/YBL/.sifli/tools/arm-none-eabi-gcc/14.2.1/bin/../lib/gcc/arm-none-eabi/14.2.1/thumb/v8-m.main+fp/hard\libg_nano.a(libc_a-reent.o)
 .bss.errno     0x00000000        0x4 C:/Users/YBL/.sifli/tools/arm-none-eabi-gcc/14.2.1/bin/../lib/gcc/arm-none-eabi/14.2.1/thumb/v8-m.main+fp/hard\libg_nano.a(libc_a-reent.o)
 .debug_frame   0x00000000       0x38 C:/Users/YBL/.sifli/tools/arm-none-eabi-gcc/14.2.1/bin/../lib/gcc/arm-none-eabi/14.2.1/thumb/v8-m.main+fp/hard\libg_nano.a(libc_a-reent.o)
 .ARM.attributes
                0x00000000       0x38 C:/Users/YBL/.sifli/tools/arm-none-eabi-gcc/14.2.1/bin/../lib/gcc/arm-none-eabi/14.2.1/thumb/v8-m.main+fp/hard\libg_nano.a(libc_a-reent.o)
 .text          0x00000000        0x0 C:/Users/YBL/.sifli/tools/arm-none-eabi-gcc/14.2.1/bin/../lib/gcc/arm-none-eabi/14.2.1/thumb/v8-m.main+fp/hard\libg_nano.a(libc_a-impure.o)
 .data          0x00000000        0x0 C:/Users/YBL/.sifli/tools/arm-none-eabi-gcc/14.2.1/bin/../lib/gcc/arm-none-eabi/14.2.1/thumb/v8-m.main+fp/hard\libg_nano.a(libc_a-impure.o)
 .bss           0x00000000        0x0 C:/Users/YBL/.sifli/tools/arm-none-eabi-gcc/14.2.1/bin/../lib/gcc/arm-none-eabi/14.2.1/thumb/v8-m.main+fp/hard\libg_nano.a(libc_a-impure.o)
 .data._impure_ptr
                0x00000000        0x4 C:/Users/YBL/.sifli/tools/arm-none-eabi-gcc/14.2.1/bin/../lib/gcc/arm-none-eabi/14.2.1/thumb/v8-m.main+fp/hard\libg_nano.a(libc_a-impure.o)
 .data._impure_data
                0x00000000       0x4c C:/Users/YBL/.sifli/tools/arm-none-eabi-gcc/14.2.1/bin/../lib/gcc/arm-none-eabi/14.2.1/thumb/v8-m.main+fp/hard\libg_nano.a(libc_a-impure.o)
 .ARM.attributes
                0x00000000       0x38 C:/Users/YBL/.sifli/tools/arm-none-eabi-gcc/14.2.1/bin/../lib/gcc/arm-none-eabi/14.2.1/thumb/v8-m.main+fp/hard\libg_nano.a(libc_a-impure.o)
 .text          0x00000000        0x0 C:/Users/YBL/.sifli/tools/arm-none-eabi-gcc/14.2.1/bin/../lib/gcc/arm-none-eabi/14.2.1/thumb/v8-m.main+fp/hard\libg_nano.a(libc_a-lseekr.o)
 .data          0x00000000        0x0 C:/Users/YBL/.sifli/tools/arm-none-eabi-gcc/14.2.1/bin/../lib/gcc/arm-none-eabi/14.2.1/thumb/v8-m.main+fp/hard\libg_nano.a(libc_a-lseekr.o)
 .bss           0x00000000        0x0 C:/Users/YBL/.sifli/tools/arm-none-eabi-gcc/14.2.1/bin/../lib/gcc/arm-none-eabi/14.2.1/thumb/v8-m.main+fp/hard\libg_nano.a(libc_a-lseekr.o)
 .text._lseek_r
                0x00000000       0x24 C:/Users/YBL/.sifli/tools/arm-none-eabi-gcc/14.2.1/bin/../lib/gcc/arm-none-eabi/14.2.1/thumb/v8-m.main+fp/hard\libg_nano.a(libc_a-lseekr.o)
 .debug_frame   0x00000000       0x2c C:/Users/YBL/.sifli/tools/arm-none-eabi-gcc/14.2.1/bin/../lib/gcc/arm-none-eabi/14.2.1/thumb/v8-m.main+fp/hard\libg_nano.a(libc_a-lseekr.o)
 .ARM.attributes
                0x00000000       0x38 C:/Users/YBL/.sifli/tools/arm-none-eabi-gcc/14.2.1/bin/../lib/gcc/arm-none-eabi/14.2.1/thumb/v8-m.main+fp/hard\libg_nano.a(libc_a-lseekr.o)
 .text          0x00000000        0x0 C:/Users/YBL/.sifli/tools/arm-none-eabi-gcc/14.2.1/bin/../lib/gcc/arm-none-eabi/14.2.1/thumb/v8-m.main+fp/hard\libg_nano.a(libc_a-readr.o)
 .data          0x00000000        0x0 C:/Users/YBL/.sifli/tools/arm-none-eabi-gcc/14.2.1/bin/../lib/gcc/arm-none-eabi/14.2.1/thumb/v8-m.main+fp/hard\libg_nano.a(libc_a-readr.o)
 .bss           0x00000000        0x0 C:/Users/YBL/.sifli/tools/arm-none-eabi-gcc/14.2.1/bin/../lib/gcc/arm-none-eabi/14.2.1/thumb/v8-m.main+fp/hard\libg_nano.a(libc_a-readr.o)
 .text._read_r  0x00000000       0x24 C:/Users/YBL/.sifli/tools/arm-none-eabi-gcc/14.2.1/bin/../lib/gcc/arm-none-eabi/14.2.1/thumb/v8-m.main+fp/hard\libg_nano.a(libc_a-readr.o)
 .debug_frame   0x00000000       0x2c C:/Users/YBL/.sifli/tools/arm-none-eabi-gcc/14.2.1/bin/../lib/gcc/arm-none-eabi/14.2.1/thumb/v8-m.main+fp/hard\libg_nano.a(libc_a-readr.o)
 .ARM.attributes
                0x00000000       0x38 C:/Users/YBL/.sifli/tools/arm-none-eabi-gcc/14.2.1/bin/../lib/gcc/arm-none-eabi/14.2.1/thumb/v8-m.main+fp/hard\libg_nano.a(libc_a-readr.o)
 .text          0x00000000        0x0 C:/Users/YBL/.sifli/tools/arm-none-eabi-gcc/14.2.1/bin/../lib/gcc/arm-none-eabi/14.2.1/thumb/v8-m.main+fp/hard\libg_nano.a(libc_a-writer.o)
 .data          0x00000000        0x0 C:/Users/YBL/.sifli/tools/arm-none-eabi-gcc/14.2.1/bin/../lib/gcc/arm-none-eabi/14.2.1/thumb/v8-m.main+fp/hard\libg_nano.a(libc_a-writer.o)
 .bss           0x00000000        0x0 C:/Users/YBL/.sifli/tools/arm-none-eabi-gcc/14.2.1/bin/../lib/gcc/arm-none-eabi/14.2.1/thumb/v8-m.main+fp/hard\libg_nano.a(libc_a-writer.o)
 .text._write_r
                0x00000000       0x24 C:/Users/YBL/.sifli/tools/arm-none-eabi-gcc/14.2.1/bin/../lib/gcc/arm-none-eabi/14.2.1/thumb/v8-m.main+fp/hard\libg_nano.a(libc_a-writer.o)
 .debug_frame   0x00000000       0x2c C:/Users/YBL/.sifli/tools/arm-none-eabi-gcc/14.2.1/bin/../lib/gcc/arm-none-eabi/14.2.1/thumb/v8-m.main+fp/hard\libg_nano.a(libc_a-writer.o)
 .ARM.attributes
                0x00000000       0x38 C:/Users/YBL/.sifli/tools/arm-none-eabi-gcc/14.2.1/bin/../lib/gcc/arm-none-eabi/14.2.1/thumb/v8-m.main+fp/hard\libg_nano.a(libc_a-writer.o)
 .text          0x00000000        0x0 C:/Users/YBL/.sifli/tools/arm-none-eabi-gcc/14.2.1/bin/../lib/gcc/arm-none-eabi/14.2.1/thumb/v8-m.main+fp/hard\libg_nano.a(libc_a-init.o)
 .data          0x00000000        0x0 C:/Users/YBL/.sifli/tools/arm-none-eabi-gcc/14.2.1/bin/../lib/gcc/arm-none-eabi/14.2.1/thumb/v8-m.main+fp/hard\libg_nano.a(libc_a-init.o)
 .bss           0x00000000        0x0 C:/Users/YBL/.sifli/tools/arm-none-eabi-gcc/14.2.1/bin/../lib/gcc/arm-none-eabi/14.2.1/thumb/v8-m.main+fp/hard\libg_nano.a(libc_a-init.o)
 .text.__libc_init_array
                0x00000000       0x48 C:/Users/YBL/.sifli/tools/arm-none-eabi-gcc/14.2.1/bin/../lib/gcc/arm-none-eabi/14.2.1/thumb/v8-m.main+fp/hard\libg_nano.a(libc_a-init.o)
 .debug_frame   0x00000000       0x2c C:/Users/YBL/.sifli/tools/arm-none-eabi-gcc/14.2.1/bin/../lib/gcc/arm-none-eabi/14.2.1/thumb/v8-m.main+fp/hard\libg_nano.a(libc_a-init.o)
 .ARM.attributes
                0x00000000       0x38 C:/Users/YBL/.sifli/tools/arm-none-eabi-gcc/14.2.1/bin/../lib/gcc/arm-none-eabi/14.2.1/thumb/v8-m.main+fp/hard\libg_nano.a(libc_a-init.o)
 .text          0x00000000        0x0 C:/Users/YBL/.sifli/tools/arm-none-eabi-gcc/14.2.1/bin/../lib/gcc/arm-none-eabi/14.2.1/thumb/v8-m.main+fp/hard\libg_nano.a(libc_a-lock.o)
 .data          0x00000000        0x0 C:/Users/YBL/.sifli/tools/arm-none-eabi-gcc/14.2.1/bin/../lib/gcc/arm-none-eabi/14.2.1/thumb/v8-m.main+fp/hard\libg_nano.a(libc_a-lock.o)
 .bss           0x00000000        0x0 C:/Users/YBL/.sifli/tools/arm-none-eabi-gcc/14.2.1/bin/../lib/gcc/arm-none-eabi/14.2.1/thumb/v8-m.main+fp/hard\libg_nano.a(libc_a-lock.o)
 .text.__retarget_lock_init
                0x00000000        0x2 C:/Users/YBL/.sifli/tools/arm-none-eabi-gcc/14.2.1/bin/../lib/gcc/arm-none-eabi/14.2.1/thumb/v8-m.main+fp/hard\libg_nano.a(libc_a-lock.o)
 .text.__retarget_lock_init_recursive
                0x00000000        0x2 C:/Users/YBL/.sifli/tools/arm-none-eabi-gcc/14.2.1/bin/../lib/gcc/arm-none-eabi/14.2.1/thumb/v8-m.main+fp/hard\libg_nano.a(libc_a-lock.o)
 .text.__retarget_lock_close
                0x00000000        0x2 C:/Users/YBL/.sifli/tools/arm-none-eabi-gcc/14.2.1/bin/../lib/gcc/arm-none-eabi/14.2.1/thumb/v8-m.main+fp/hard\libg_nano.a(libc_a-lock.o)
 .text.__retarget_lock_close_recursive
                0x00000000        0x2 C:/Users/YBL/.sifli/tools/arm-none-eabi-gcc/14.2.1/bin/../lib/gcc/arm-none-eabi/14.2.1/thumb/v8-m.main+fp/hard\libg_nano.a(libc_a-lock.o)
 .text.__retarget_lock_acquire
                0x00000000        0x2 C:/Users/YBL/.sifli/tools/arm-none-eabi-gcc/14.2.1/bin/../lib/gcc/arm-none-eabi/14.2.1/thumb/v8-m.main+fp/hard\libg_nano.a(libc_a-lock.o)
 .text.__retarget_lock_acquire_recursive
                0x00000000        0x2 C:/Users/YBL/.sifli/tools/arm-none-eabi-gcc/14.2.1/bin/../lib/gcc/arm-none-eabi/14.2.1/thumb/v8-m.main+fp/hard\libg_nano.a(libc_a-lock.o)
 .text.__retarget_lock_try_acquire
                0x00000000        0x4 C:/Users/YBL/.sifli/tools/arm-none-eabi-gcc/14.2.1/bin/../lib/gcc/arm-none-eabi/14.2.1/thumb/v8-m.main+fp/hard\libg_nano.a(libc_a-lock.o)
 .text.__retarget_lock_try_acquire_recursive
                0x00000000        0x4 C:/Users/YBL/.sifli/tools/arm-none-eabi-gcc/14.2.1/bin/../lib/gcc/arm-none-eabi/14.2.1/thumb/v8-m.main+fp/hard\libg_nano.a(libc_a-lock.o)
 .text.__retarget_lock_release
                0x00000000        0x2 C:/Users/YBL/.sifli/tools/arm-none-eabi-gcc/14.2.1/bin/../lib/gcc/arm-none-eabi/14.2.1/thumb/v8-m.main+fp/hard\libg_nano.a(libc_a-lock.o)
 .text.__retarget_lock_release_recursive
                0x00000000        0x2 C:/Users/YBL/.sifli/tools/arm-none-eabi-gcc/14.2.1/bin/../lib/gcc/arm-none-eabi/14.2.1/thumb/v8-m.main+fp/hard\libg_nano.a(libc_a-lock.o)
 .bss.__lock___arc4random_mutex
                0x00000000        0x1 C:/Users/YBL/.sifli/tools/arm-none-eabi-gcc/14.2.1/bin/../lib/gcc/arm-none-eabi/14.2.1/thumb/v8-m.main+fp/hard\libg_nano.a(libc_a-lock.o)
 .bss.__lock___dd_hash_mutex
                0x00000000        0x1 C:/Users/YBL/.sifli/tools/arm-none-eabi-gcc/14.2.1/bin/../lib/gcc/arm-none-eabi/14.2.1/thumb/v8-m.main+fp/hard\libg_nano.a(libc_a-lock.o)
 .bss.__lock___tz_mutex
                0x00000000        0x1 C:/Users/YBL/.sifli/tools/arm-none-eabi-gcc/14.2.1/bin/../lib/gcc/arm-none-eabi/14.2.1/thumb/v8-m.main+fp/hard\libg_nano.a(libc_a-lock.o)
 .bss.__lock___env_recursive_mutex
                0x00000000        0x1 C:/Users/YBL/.sifli/tools/arm-none-eabi-gcc/14.2.1/bin/../lib/gcc/arm-none-eabi/14.2.1/thumb/v8-m.main+fp/hard\libg_nano.a(libc_a-lock.o)
 .bss.__lock___malloc_recursive_mutex
                0x00000000        0x1 C:/Users/YBL/.sifli/tools/arm-none-eabi-gcc/14.2.1/bin/../lib/gcc/arm-none-eabi/14.2.1/thumb/v8-m.main+fp/hard\libg_nano.a(libc_a-lock.o)
 .bss.__lock___at_quick_exit_mutex
                0x00000000        0x1 C:/Users/YBL/.sifli/tools/arm-none-eabi-gcc/14.2.1/bin/../lib/gcc/arm-none-eabi/14.2.1/thumb/v8-m.main+fp/hard\libg_nano.a(libc_a-lock.o)
 .bss.__lock___atexit_recursive_mutex
                0x00000000        0x1 C:/Users/YBL/.sifli/tools/arm-none-eabi-gcc/14.2.1/bin/../lib/gcc/arm-none-eabi/14.2.1/thumb/v8-m.main+fp/hard\libg_nano.a(libc_a-lock.o)
 .bss.__lock___sfp_recursive_mutex
                0x00000000        0x1 C:/Users/YBL/.sifli/tools/arm-none-eabi-gcc/14.2.1/bin/../lib/gcc/arm-none-eabi/14.2.1/thumb/v8-m.main+fp/hard\libg_nano.a(libc_a-lock.o)
 .debug_frame   0x00000000       0xb0 C:/Users/YBL/.sifli/tools/arm-none-eabi-gcc/14.2.1/bin/../lib/gcc/arm-none-eabi/14.2.1/thumb/v8-m.main+fp/hard\libg_nano.a(libc_a-lock.o)
 .ARM.attributes
                0x00000000       0x38 C:/Users/YBL/.sifli/tools/arm-none-eabi-gcc/14.2.1/bin/../lib/gcc/arm-none-eabi/14.2.1/thumb/v8-m.main+fp/hard\libg_nano.a(libc_a-lock.o)
 .text          0x00000000        0x0 C:/Users/YBL/.sifli/tools/arm-none-eabi-gcc/14.2.1/bin/../lib/gcc/arm-none-eabi/14.2.1/thumb/v8-m.main+fp/hard\libg_nano.a(libc_a-freer.o)
 .data          0x00000000        0x0 C:/Users/YBL/.sifli/tools/arm-none-eabi-gcc/14.2.1/bin/../lib/gcc/arm-none-eabi/14.2.1/thumb/v8-m.main+fp/hard\libg_nano.a(libc_a-freer.o)
 .bss           0x00000000        0x0 C:/Users/YBL/.sifli/tools/arm-none-eabi-gcc/14.2.1/bin/../lib/gcc/arm-none-eabi/14.2.1/thumb/v8-m.main+fp/hard\libg_nano.a(libc_a-freer.o)
 .text._free_r  0x00000000       0x94 C:/Users/YBL/.sifli/tools/arm-none-eabi-gcc/14.2.1/bin/../lib/gcc/arm-none-eabi/14.2.1/thumb/v8-m.main+fp/hard\libg_nano.a(libc_a-freer.o)
 .debug_frame   0x00000000       0x38 C:/Users/YBL/.sifli/tools/arm-none-eabi-gcc/14.2.1/bin/../lib/gcc/arm-none-eabi/14.2.1/thumb/v8-m.main+fp/hard\libg_nano.a(libc_a-freer.o)
 .ARM.attributes
                0x00000000       0x38 C:/Users/YBL/.sifli/tools/arm-none-eabi-gcc/14.2.1/bin/../lib/gcc/arm-none-eabi/14.2.1/thumb/v8-m.main+fp/hard\libg_nano.a(libc_a-freer.o)
 .text          0x00000000        0x0 C:/Users/YBL/.sifli/tools/arm-none-eabi-gcc/14.2.1/bin/../lib/gcc/arm-none-eabi/14.2.1/thumb/v8-m.main+fp/hard\libg_nano.a(libc_a-mallocr.o)
 .data          0x00000000        0x0 C:/Users/YBL/.sifli/tools/arm-none-eabi-gcc/14.2.1/bin/../lib/gcc/arm-none-eabi/14.2.1/thumb/v8-m.main+fp/hard\libg_nano.a(libc_a-mallocr.o)
 .bss           0x00000000        0x0 C:/Users/YBL/.sifli/tools/arm-none-eabi-gcc/14.2.1/bin/../lib/gcc/arm-none-eabi/14.2.1/thumb/v8-m.main+fp/hard\libg_nano.a(libc_a-mallocr.o)
 .text.sbrk_aligned
                0x00000000       0x44 C:/Users/YBL/.sifli/tools/arm-none-eabi-gcc/14.2.1/bin/../lib/gcc/arm-none-eabi/14.2.1/thumb/v8-m.main+fp/hard\libg_nano.a(libc_a-mallocr.o)
 .text._malloc_r
                0x00000000      0x100 C:/Users/YBL/.sifli/tools/arm-none-eabi-gcc/14.2.1/bin/../lib/gcc/arm-none-eabi/14.2.1/thumb/v8-m.main+fp/hard\libg_nano.a(libc_a-mallocr.o)
 .bss.__malloc_sbrk_start
                0x00000000        0x4 C:/Users/YBL/.sifli/tools/arm-none-eabi-gcc/14.2.1/bin/../lib/gcc/arm-none-eabi/14.2.1/thumb/v8-m.main+fp/hard\libg_nano.a(libc_a-mallocr.o)
 .bss.__malloc_free_list
                0x00000000        0x4 C:/Users/YBL/.sifli/tools/arm-none-eabi-gcc/14.2.1/bin/../lib/gcc/arm-none-eabi/14.2.1/thumb/v8-m.main+fp/hard\libg_nano.a(libc_a-mallocr.o)
 .debug_frame   0x00000000       0x50 C:/Users/YBL/.sifli/tools/arm-none-eabi-gcc/14.2.1/bin/../lib/gcc/arm-none-eabi/14.2.1/thumb/v8-m.main+fp/hard\libg_nano.a(libc_a-mallocr.o)
 .ARM.attributes
                0x00000000       0x38 C:/Users/YBL/.sifli/tools/arm-none-eabi-gcc/14.2.1/bin/../lib/gcc/arm-none-eabi/14.2.1/thumb/v8-m.main+fp/hard\libg_nano.a(libc_a-mallocr.o)
 .text          0x00000000        0x0 C:/Users/YBL/.sifli/tools/arm-none-eabi-gcc/14.2.1/bin/../lib/gcc/arm-none-eabi/14.2.1/thumb/v8-m.main+fp/hard\libg_nano.a(libc_a-mlock.o)
 .data          0x00000000        0x0 C:/Users/YBL/.sifli/tools/arm-none-eabi-gcc/14.2.1/bin/../lib/gcc/arm-none-eabi/14.2.1/thumb/v8-m.main+fp/hard\libg_nano.a(libc_a-mlock.o)
 .bss           0x00000000        0x0 C:/Users/YBL/.sifli/tools/arm-none-eabi-gcc/14.2.1/bin/../lib/gcc/arm-none-eabi/14.2.1/thumb/v8-m.main+fp/hard\libg_nano.a(libc_a-mlock.o)
 .text.__malloc_lock
                0x00000000        0xc C:/Users/YBL/.sifli/tools/arm-none-eabi-gcc/14.2.1/bin/../lib/gcc/arm-none-eabi/14.2.1/thumb/v8-m.main+fp/hard\libg_nano.a(libc_a-mlock.o)
 .text.__malloc_unlock
                0x00000000        0xc C:/Users/YBL/.sifli/tools/arm-none-eabi-gcc/14.2.1/bin/../lib/gcc/arm-none-eabi/14.2.1/thumb/v8-m.main+fp/hard\libg_nano.a(libc_a-mlock.o)
 .debug_frame   0x00000000       0x30 C:/Users/YBL/.sifli/tools/arm-none-eabi-gcc/14.2.1/bin/../lib/gcc/arm-none-eabi/14.2.1/thumb/v8-m.main+fp/hard\libg_nano.a(libc_a-mlock.o)
 .ARM.attributes
                0x00000000       0x38 C:/Users/YBL/.sifli/tools/arm-none-eabi-gcc/14.2.1/bin/../lib/gcc/arm-none-eabi/14.2.1/thumb/v8-m.main+fp/hard\libg_nano.a(libc_a-mlock.o)
 .text          0x00000000        0x0 C:/Users/YBL/.sifli/tools/arm-none-eabi-gcc/14.2.1/bin/../lib/gcc/arm-none-eabi/14.2.1/thumb/v8-m.main+fp/hard\libg_nano.a(libc_a-fflush.o)
 .data          0x00000000        0x0 C:/Users/YBL/.sifli/tools/arm-none-eabi-gcc/14.2.1/bin/../lib/gcc/arm-none-eabi/14.2.1/thumb/v8-m.main+fp/hard\libg_nano.a(libc_a-fflush.o)
 .bss           0x00000000        0x0 C:/Users/YBL/.sifli/tools/arm-none-eabi-gcc/14.2.1/bin/../lib/gcc/arm-none-eabi/14.2.1/thumb/v8-m.main+fp/hard\libg_nano.a(libc_a-fflush.o)
 .text.__sflush_r
                0x00000000      0x100 C:/Users/YBL/.sifli/tools/arm-none-eabi-gcc/14.2.1/bin/../lib/gcc/arm-none-eabi/14.2.1/thumb/v8-m.main+fp/hard\libg_nano.a(libc_a-fflush.o)
 .text._fflush_r
                0x00000000       0x50 C:/Users/YBL/.sifli/tools/arm-none-eabi-gcc/14.2.1/bin/../lib/gcc/arm-none-eabi/14.2.1/thumb/v8-m.main+fp/hard\libg_nano.a(libc_a-fflush.o)
 .text.fflush   0x00000000       0x28 C:/Users/YBL/.sifli/tools/arm-none-eabi-gcc/14.2.1/bin/../lib/gcc/arm-none-eabi/14.2.1/thumb/v8-m.main+fp/hard\libg_nano.a(libc_a-fflush.o)
 .debug_frame   0x00000000       0x5c C:/Users/YBL/.sifli/tools/arm-none-eabi-gcc/14.2.1/bin/../lib/gcc/arm-none-eabi/14.2.1/thumb/v8-m.main+fp/hard\libg_nano.a(libc_a-fflush.o)
 .ARM.attributes
                0x00000000       0x38 C:/Users/YBL/.sifli/tools/arm-none-eabi-gcc/14.2.1/bin/../lib/gcc/arm-none-eabi/14.2.1/thumb/v8-m.main+fp/hard\libg_nano.a(libc_a-fflush.o)
 .text          0x00000000        0x0 C:/Users/YBL/.sifli/tools/arm-none-eabi-gcc/14.2.1/bin/../lib/gcc/arm-none-eabi/14.2.1/thumb/v8-m.main+fp/hard\libg_nano.a(libc_a-sbrkr.o)
 .data          0x00000000        0x0 C:/Users/YBL/.sifli/tools/arm-none-eabi-gcc/14.2.1/bin/../lib/gcc/arm-none-eabi/14.2.1/thumb/v8-m.main+fp/hard\libg_nano.a(libc_a-sbrkr.o)
 .bss           0x00000000        0x0 C:/Users/YBL/.sifli/tools/arm-none-eabi-gcc/14.2.1/bin/../lib/gcc/arm-none-eabi/14.2.1/thumb/v8-m.main+fp/hard\libg_nano.a(libc_a-sbrkr.o)
 .text._sbrk_r  0x00000000       0x20 C:/Users/YBL/.sifli/tools/arm-none-eabi-gcc/14.2.1/bin/../lib/gcc/arm-none-eabi/14.2.1/thumb/v8-m.main+fp/hard\libg_nano.a(libc_a-sbrkr.o)
 .debug_frame   0x00000000       0x2c C:/Users/YBL/.sifli/tools/arm-none-eabi-gcc/14.2.1/bin/../lib/gcc/arm-none-eabi/14.2.1/thumb/v8-m.main+fp/hard\libg_nano.a(libc_a-sbrkr.o)
 .ARM.attributes
                0x00000000       0x38 C:/Users/YBL/.sifli/tools/arm-none-eabi-gcc/14.2.1/bin/../lib/gcc/arm-none-eabi/14.2.1/thumb/v8-m.main+fp/hard\libg_nano.a(libc_a-sbrkr.o)
 .text          0x00000000        0x0 C:/Users/YBL/.sifli/tools/arm-none-eabi-gcc/14.2.1/bin/../lib/gcc/arm-none-eabi/14.2.1/thumb/v8-m.main+fp/hard\libnosys.a(close.o)
 .data          0x00000000        0x0 C:/Users/YBL/.sifli/tools/arm-none-eabi-gcc/14.2.1/bin/../lib/gcc/arm-none-eabi/14.2.1/thumb/v8-m.main+fp/hard\libnosys.a(close.o)
 .bss           0x00000000        0x0 C:/Users/YBL/.sifli/tools/arm-none-eabi-gcc/14.2.1/bin/../lib/gcc/arm-none-eabi/14.2.1/thumb/v8-m.main+fp/hard\libnosys.a(close.o)
 .text._close   0x00000000       0x10 C:/Users/YBL/.sifli/tools/arm-none-eabi-gcc/14.2.1/bin/../lib/gcc/arm-none-eabi/14.2.1/thumb/v8-m.main+fp/hard\libnosys.a(close.o)
 .gnu.warning._close
                0x00000000        0x0 C:/Users/YBL/.sifli/tools/arm-none-eabi-gcc/14.2.1/bin/../lib/gcc/arm-none-eabi/14.2.1/thumb/v8-m.main+fp/hard\libnosys.a(close.o)
 .debug_frame   0x00000000       0x20 C:/Users/YBL/.sifli/tools/arm-none-eabi-gcc/14.2.1/bin/../lib/gcc/arm-none-eabi/14.2.1/thumb/v8-m.main+fp/hard\libnosys.a(close.o)
 .ARM.attributes
                0x00000000       0x38 C:/Users/YBL/.sifli/tools/arm-none-eabi-gcc/14.2.1/bin/../lib/gcc/arm-none-eabi/14.2.1/thumb/v8-m.main+fp/hard\libnosys.a(close.o)
 .text          0x00000000        0x0 C:/Users/YBL/.sifli/tools/arm-none-eabi-gcc/14.2.1/bin/../lib/gcc/arm-none-eabi/14.2.1/thumb/v8-m.main+fp/hard\libnosys.a(lseek.o)
 .data          0x00000000        0x0 C:/Users/YBL/.sifli/tools/arm-none-eabi-gcc/14.2.1/bin/../lib/gcc/arm-none-eabi/14.2.1/thumb/v8-m.main+fp/hard\libnosys.a(lseek.o)
 .bss           0x00000000        0x0 C:/Users/YBL/.sifli/tools/arm-none-eabi-gcc/14.2.1/bin/../lib/gcc/arm-none-eabi/14.2.1/thumb/v8-m.main+fp/hard\libnosys.a(lseek.o)
 .text._lseek   0x00000000       0x10 C:/Users/YBL/.sifli/tools/arm-none-eabi-gcc/14.2.1/bin/../lib/gcc/arm-none-eabi/14.2.1/thumb/v8-m.main+fp/hard\libnosys.a(lseek.o)
 .gnu.warning._lseek
                0x00000000        0x0 C:/Users/YBL/.sifli/tools/arm-none-eabi-gcc/14.2.1/bin/../lib/gcc/arm-none-eabi/14.2.1/thumb/v8-m.main+fp/hard\libnosys.a(lseek.o)
 .debug_frame   0x00000000       0x20 C:/Users/YBL/.sifli/tools/arm-none-eabi-gcc/14.2.1/bin/../lib/gcc/arm-none-eabi/14.2.1/thumb/v8-m.main+fp/hard\libnosys.a(lseek.o)
 .ARM.attributes
                0x00000000       0x38 C:/Users/YBL/.sifli/tools/arm-none-eabi-gcc/14.2.1/bin/../lib/gcc/arm-none-eabi/14.2.1/thumb/v8-m.main+fp/hard\libnosys.a(lseek.o)
 .text          0x00000000        0x0 C:/Users/YBL/.sifli/tools/arm-none-eabi-gcc/14.2.1/bin/../lib/gcc/arm-none-eabi/14.2.1/thumb/v8-m.main+fp/hard\libnosys.a(read.o)
 .data          0x00000000        0x0 C:/Users/YBL/.sifli/tools/arm-none-eabi-gcc/14.2.1/bin/../lib/gcc/arm-none-eabi/14.2.1/thumb/v8-m.main+fp/hard\libnosys.a(read.o)
 .bss           0x00000000        0x0 C:/Users/YBL/.sifli/tools/arm-none-eabi-gcc/14.2.1/bin/../lib/gcc/arm-none-eabi/14.2.1/thumb/v8-m.main+fp/hard\libnosys.a(read.o)
 .text._read    0x00000000       0x10 C:/Users/YBL/.sifli/tools/arm-none-eabi-gcc/14.2.1/bin/../lib/gcc/arm-none-eabi/14.2.1/thumb/v8-m.main+fp/hard\libnosys.a(read.o)
 .gnu.warning._read
                0x00000000        0x0 C:/Users/YBL/.sifli/tools/arm-none-eabi-gcc/14.2.1/bin/../lib/gcc/arm-none-eabi/14.2.1/thumb/v8-m.main+fp/hard\libnosys.a(read.o)
 .debug_frame   0x00000000       0x20 C:/Users/YBL/.sifli/tools/arm-none-eabi-gcc/14.2.1/bin/../lib/gcc/arm-none-eabi/14.2.1/thumb/v8-m.main+fp/hard\libnosys.a(read.o)
 .ARM.attributes
                0x00000000       0x38 C:/Users/YBL/.sifli/tools/arm-none-eabi-gcc/14.2.1/bin/../lib/gcc/arm-none-eabi/14.2.1/thumb/v8-m.main+fp/hard\libnosys.a(read.o)
 .text          0x00000000        0x0 C:/Users/YBL/.sifli/tools/arm-none-eabi-gcc/14.2.1/bin/../lib/gcc/arm-none-eabi/14.2.1/thumb/v8-m.main+fp/hard\libnosys.a(sbrk.o)
 .data          0x00000000        0x0 C:/Users/YBL/.sifli/tools/arm-none-eabi-gcc/14.2.1/bin/../lib/gcc/arm-none-eabi/14.2.1/thumb/v8-m.main+fp/hard\libnosys.a(sbrk.o)
 .bss           0x00000000        0x0 C:/Users/YBL/.sifli/tools/arm-none-eabi-gcc/14.2.1/bin/../lib/gcc/arm-none-eabi/14.2.1/thumb/v8-m.main+fp/hard\libnosys.a(sbrk.o)
 .text._sbrk    0x00000000       0x20 C:/Users/YBL/.sifli/tools/arm-none-eabi-gcc/14.2.1/bin/../lib/gcc/arm-none-eabi/14.2.1/thumb/v8-m.main+fp/hard\libnosys.a(sbrk.o)
 .bss.heap_end.0
                0x00000000        0x4 C:/Users/YBL/.sifli/tools/arm-none-eabi-gcc/14.2.1/bin/../lib/gcc/arm-none-eabi/14.2.1/thumb/v8-m.main+fp/hard\libnosys.a(sbrk.o)
 .debug_frame   0x00000000       0x20 C:/Users/YBL/.sifli/tools/arm-none-eabi-gcc/14.2.1/bin/../lib/gcc/arm-none-eabi/14.2.1/thumb/v8-m.main+fp/hard\libnosys.a(sbrk.o)
 .ARM.attributes
                0x00000000       0x38 C:/Users/YBL/.sifli/tools/arm-none-eabi-gcc/14.2.1/bin/../lib/gcc/arm-none-eabi/14.2.1/thumb/v8-m.main+fp/hard\libnosys.a(sbrk.o)
 .text          0x00000000        0x0 C:/Users/YBL/.sifli/tools/arm-none-eabi-gcc/14.2.1/bin/../lib/gcc/arm-none-eabi/14.2.1/thumb/v8-m.main+fp/hard\libnosys.a(write.o)
 .data          0x00000000        0x0 C:/Users/YBL/.sifli/tools/arm-none-eabi-gcc/14.2.1/bin/../lib/gcc/arm-none-eabi/14.2.1/thumb/v8-m.main+fp/hard\libnosys.a(write.o)
 .bss           0x00000000        0x0 C:/Users/YBL/.sifli/tools/arm-none-eabi-gcc/14.2.1/bin/../lib/gcc/arm-none-eabi/14.2.1/thumb/v8-m.main+fp/hard\libnosys.a(write.o)
 .text._write   0x00000000       0x10 C:/Users/YBL/.sifli/tools/arm-none-eabi-gcc/14.2.1/bin/../lib/gcc/arm-none-eabi/14.2.1/thumb/v8-m.main+fp/hard\libnosys.a(write.o)
 .gnu.warning._write
                0x00000000        0x0 C:/Users/YBL/.sifli/tools/arm-none-eabi-gcc/14.2.1/bin/../lib/gcc/arm-none-eabi/14.2.1/thumb/v8-m.main+fp/hard\libnosys.a(write.o)
 .debug_frame   0x00000000       0x20 C:/Users/YBL/.sifli/tools/arm-none-eabi-gcc/14.2.1/bin/../lib/gcc/arm-none-eabi/14.2.1/thumb/v8-m.main+fp/hard\libnosys.a(write.o)
 .ARM.attributes
                0x00000000       0x38 C:/Users/YBL/.sifli/tools/arm-none-eabi-gcc/14.2.1/bin/../lib/gcc/arm-none-eabi/14.2.1/thumb/v8-m.main+fp/hard\libnosys.a(write.o)
 .text          0x00000000        0x0 C:/Users/YBL/.sifli/tools/arm-none-eabi-gcc/14.2.1/bin/../lib/gcc/arm-none-eabi/14.2.1/thumb/v8-m.main+fp/hard\libnosys.a(_exit.o)
 .data          0x00000000        0x0 C:/Users/YBL/.sifli/tools/arm-none-eabi-gcc/14.2.1/bin/../lib/gcc/arm-none-eabi/14.2.1/thumb/v8-m.main+fp/hard\libnosys.a(_exit.o)
 .bss           0x00000000        0x0 C:/Users/YBL/.sifli/tools/arm-none-eabi-gcc/14.2.1/bin/../lib/gcc/arm-none-eabi/14.2.1/thumb/v8-m.main+fp/hard\libnosys.a(_exit.o)
 .text._exit    0x00000000        0x4 C:/Users/YBL/.sifli/tools/arm-none-eabi-gcc/14.2.1/bin/../lib/gcc/arm-none-eabi/14.2.1/thumb/v8-m.main+fp/hard\libnosys.a(_exit.o)
 .debug_frame   0x00000000       0x20 C:/Users/YBL/.sifli/tools/arm-none-eabi-gcc/14.2.1/bin/../lib/gcc/arm-none-eabi/14.2.1/thumb/v8-m.main+fp/hard\libnosys.a(_exit.o)
 .ARM.attributes
                0x00000000       0x38 C:/Users/YBL/.sifli/tools/arm-none-eabi-gcc/14.2.1/bin/../lib/gcc/arm-none-eabi/14.2.1/thumb/v8-m.main+fp/hard\libnosys.a(_exit.o)
 .text          0x00000000        0x0 C:/Users/YBL/.sifli/tools/arm-none-eabi-gcc/14.2.1/bin/../lib/gcc/arm-none-eabi/14.2.1/thumb/v8-m.main+fp/hard/crtend.o
 .data          0x00000000        0x0 C:/Users/YBL/.sifli/tools/arm-none-eabi-gcc/14.2.1/bin/../lib/gcc/arm-none-eabi/14.2.1/thumb/v8-m.main+fp/hard/crtend.o
 .bss           0x00000000        0x0 C:/Users/YBL/.sifli/tools/arm-none-eabi-gcc/14.2.1/bin/../lib/gcc/arm-none-eabi/14.2.1/thumb/v8-m.main+fp/hard/crtend.o
 .rodata.all_implied_fbits
                0x00000000       0x24 C:/Users/YBL/.sifli/tools/arm-none-eabi-gcc/14.2.1/bin/../lib/gcc/arm-none-eabi/14.2.1/thumb/v8-m.main+fp/hard/crtend.o
 .eh_frame      0x00000000        0x4 C:/Users/YBL/.sifli/tools/arm-none-eabi-gcc/14.2.1/bin/../lib/gcc/arm-none-eabi/14.2.1/thumb/v8-m.main+fp/hard/crtend.o
 .tm_clone_table
                0x00000000        0x0 C:/Users/YBL/.sifli/tools/arm-none-eabi-gcc/14.2.1/bin/../lib/gcc/arm-none-eabi/14.2.1/thumb/v8-m.main+fp/hard/crtend.o
 .ARM.attributes
                0x00000000       0x38 C:/Users/YBL/.sifli/tools/arm-none-eabi-gcc/14.2.1/bin/../lib/gcc/arm-none-eabi/14.2.1/thumb/v8-m.main+fp/hard/crtend.o
 .text          0x00000000        0x0 C:/Users/YBL/.sifli/tools/arm-none-eabi-gcc/14.2.1/bin/../lib/gcc/arm-none-eabi/14.2.1/thumb/v8-m.main+fp/hard/crtn.o
 .data          0x00000000        0x0 C:/Users/YBL/.sifli/tools/arm-none-eabi-gcc/14.2.1/bin/../lib/gcc/arm-none-eabi/14.2.1/thumb/v8-m.main+fp/hard/crtn.o
 .bss           0x00000000        0x0 C:/Users/YBL/.sifli/tools/arm-none-eabi-gcc/14.2.1/bin/../lib/gcc/arm-none-eabi/14.2.1/thumb/v8-m.main+fp/hard/crtn.o
 .init          0x00000000        0x8 C:/Users/YBL/.sifli/tools/arm-none-eabi-gcc/14.2.1/bin/../lib/gcc/arm-none-eabi/14.2.1/thumb/v8-m.main+fp/hard/crtn.o
 .fini          0x00000000        0x8 C:/Users/YBL/.sifli/tools/arm-none-eabi-gcc/14.2.1/bin/../lib/gcc/arm-none-eabi/14.2.1/thumb/v8-m.main+fp/hard/crtn.o
 .ARM.attributes
                0x00000000       0x26 C:/Users/YBL/.sifli/tools/arm-none-eabi-gcc/14.2.1/bin/../lib/gcc/arm-none-eabi/14.2.1/thumb/v8-m.main+fp/hard/crtn.o

Memory Configuration

Name             Origin             Length             Attributes
ROM              0x12000000         0x00008000         xr
RAM              0x20000000         0x0007fc00         rw
ROM_EX           0x2007fc00         0x00000000         rw
PSRAM            0x60000000         0x00800000         rw
ROM2             0x12000000         0x00400000         xr
ROM3             0x12400000         0x00c00000         xr
*default*        0x00000000         0xffffffff

Linker script and memory map

LOAD C:/Users/YBL/.sifli/tools/arm-none-eabi-gcc/14.2.1/bin/../lib/gcc/arm-none-eabi/14.2.1/thumb/v8-m.main+fp/hard/crti.o
LOAD C:/Users/YBL/.sifli/tools/arm-none-eabi-gcc/14.2.1/bin/../lib/gcc/arm-none-eabi/14.2.1/thumb/v8-m.main+fp/hard/crtbegin.o
LOAD C:/Users/YBL/.sifli/tools/arm-none-eabi-gcc/14.2.1/bin/../lib/gcc/arm-none-eabi/14.2.1/thumb/v8-m.main+fp/hard/crt0.o
LOAD build_sf32lb52-lchspi-ulp_hcpu\\ftab\\board\\ftab.o
START GROUP
END GROUP
START GROUP
LOAD C:/Users/YBL/.sifli/tools/arm-none-eabi-gcc/14.2.1/bin/../lib/gcc/arm-none-eabi/14.2.1/thumb/v8-m.main+fp/hard\libgcc.a
LOAD C:/Users/YBL/.sifli/tools/arm-none-eabi-gcc/14.2.1/bin/../lib/gcc/arm-none-eabi/14.2.1/thumb/v8-m.main+fp/hard\libg_nano.a
LOAD C:/Users/YBL/.sifli/tools/arm-none-eabi-gcc/14.2.1/bin/../lib/gcc/arm-none-eabi/14.2.1/thumb/v8-m.main+fp/hard\libc_nano.a
END GROUP
START GROUP
LOAD C:/Users/YBL/.sifli/tools/arm-none-eabi-gcc/14.2.1/bin/../lib/gcc/arm-none-eabi/14.2.1/thumb/v8-m.main+fp/hard\libgcc.a
LOAD C:/Users/YBL/.sifli/tools/arm-none-eabi-gcc/14.2.1/bin/../lib/gcc/arm-none-eabi/14.2.1/thumb/v8-m.main+fp/hard\libc_nano.a
LOAD C:/Users/YBL/.sifli/tools/arm-none-eabi-gcc/14.2.1/bin/../lib/gcc/arm-none-eabi/14.2.1/thumb/v8-m.main+fp/hard\libnosys.a
END GROUP
START GROUP
LOAD C:/Users/YBL/.sifli/tools/arm-none-eabi-gcc/14.2.1/bin/../lib/gcc/arm-none-eabi/14.2.1/thumb/v8-m.main+fp/hard\libgcc.a
LOAD C:/Users/YBL/.sifli/tools/arm-none-eabi-gcc/14.2.1/bin/../lib/gcc/arm-none-eabi/14.2.1/thumb/v8-m.main+fp/hard\libc_nano.a
LOAD C:/Users/YBL/.sifli/tools/arm-none-eabi-gcc/14.2.1/bin/../lib/gcc/arm-none-eabi/14.2.1/thumb/v8-m.main+fp/hard\libnosys.a
END GROUP
LOAD C:/Users/YBL/.sifli/tools/arm-none-eabi-gcc/14.2.1/bin/../lib/gcc/arm-none-eabi/14.2.1/thumb/v8-m.main+fp/hard/crtend.o
LOAD C:/Users/YBL/.sifli/tools/arm-none-eabi-gcc/14.2.1/bin/../lib/gcc/arm-none-eabi/14.2.1/thumb/v8-m.main+fp/hard/crtn.o
                0x12000000                        __ROM_BASE = 0x12000000
                0x00008000                        __ROM_SIZE = 0x8000
                0x20000000                        __RAM_BASE = 0x20000000
                0x0007fc00                        __RAM_SIZE = 0x7fc00
                0x00002000                        __STACK_SIZE = 0x2000
                0x00000c00                        __HEAP_SIZE = 0xc00
                0x2007fc00                        __ROM_EX_BASE = 0x2007fc00
                0x00000000                        __ROM_EX_SIZE = 0x0
                0x60000000                        __PSRAM_BASE = 0x60000000
                0x00800000                        __PSRAM_SIZE = 0x800000
                0x12000000                        __ROM2_BASE = 0x12000000
                0x00400000                        __ROM2_SIZE = 0x400000
                0x12400000                        __ROM3_BASE = 0x12400000
                0x00c00000                        __ROM3_SIZE = 0xc00000

.text           0x12000000     0x2c10
 *ftab.o(.text* .rodata*)
 .text          0x12000000        0x0 build_sf32lb52-lchspi-ulp_hcpu\\ftab\\board\\ftab.o
 .rodata.sec_config
                0x12000000     0x2c10 build_sf32lb52-lchspi-ulp_hcpu\\ftab\\board\\ftab.o
                0x12000000                sec_config
OUTPUT(build_sf32lb52-lchspi-ulp_hcpu\\ftab\\ftab.elf elf32-littlearm)
LOAD linker stubs

.glue_7         0x12002c10        0x0
 .glue_7        0x12002c10        0x0 linker stubs

.glue_7t        0x12002c10        0x0
 .glue_7t       0x12002c10        0x0 linker stubs

.vfp11_veneer   0x12002c10        0x0
 .vfp11_veneer  0x12002c10        0x0 linker stubs

.v4_bx          0x12002c10        0x0
 .v4_bx         0x12002c10        0x0 linker stubs

.init           0x12002c10        0x4
 .init          0x12002c10        0x4 C:/Users/YBL/.sifli/tools/arm-none-eabi-gcc/14.2.1/bin/../lib/gcc/arm-none-eabi/14.2.1/thumb/v8-m.main+fp/hard/crti.o
                0x12002c10                _init

.fini           0x12002c14        0x4
 .fini          0x12002c14        0x4 C:/Users/YBL/.sifli/tools/arm-none-eabi-gcc/14.2.1/bin/../lib/gcc/arm-none-eabi/14.2.1/thumb/v8-m.main+fp/hard/crti.o
                0x12002c14                _fini

.ARM.attributes
                0x00000000       0x36
 .ARM.attributes
                0x00000000       0x26 C:/Users/YBL/.sifli/tools/arm-none-eabi-gcc/14.2.1/bin/../lib/gcc/arm-none-eabi/14.2.1/thumb/v8-m.main+fp/hard/crti.o
 .ARM.attributes
                0x00000026       0x3a build_sf32lb52-lchspi-ulp_hcpu\\ftab\\board\\ftab.o

.comment        0x00000000       0x45
 .comment       0x00000000       0x45 build_sf32lb52-lchspi-ulp_hcpu\\ftab\\board\\ftab.o
                                 0x46 (size before relaxing)

.debug_info     0x00000000      0x285
 .debug_info    0x00000000      0x285 build_sf32lb52-lchspi-ulp_hcpu\\ftab\\board\\ftab.o

.debug_abbrev   0x00000000      0x10c
 .debug_abbrev  0x00000000      0x10c build_sf32lb52-lchspi-ulp_hcpu\\ftab\\board\\ftab.o

.debug_aranges  0x00000000       0x18
 .debug_aranges
                0x00000000       0x18 build_sf32lb52-lchspi-ulp_hcpu\\ftab\\board\\ftab.o

.debug_line     0x00000000      0x149
 .debug_line    0x00000000      0x149 build_sf32lb52-lchspi-ulp_hcpu\\ftab\\board\\ftab.o

.debug_str      0x00000000      0x284
 .debug_str     0x00000000      0x284 build_sf32lb52-lchspi-ulp_hcpu\\ftab\\board\\ftab.o
                                0x2e6 (size before relaxing)

Cross Reference Table

Symbol                                            File
_ITM_deregisterTMCloneTable                       C:/Users/YBL/.sifli/tools/arm-none-eabi-gcc/14.2.1/bin/../lib/gcc/arm-none-eabi/14.2.1/thumb/v8-m.main+fp/hard/crtbegin.o
_ITM_registerTMCloneTable                         C:/Users/YBL/.sifli/tools/arm-none-eabi-gcc/14.2.1/bin/../lib/gcc/arm-none-eabi/14.2.1/thumb/v8-m.main+fp/hard/crtbegin.o
__TMC_END__                                       C:/Users/YBL/.sifli/tools/arm-none-eabi-gcc/14.2.1/bin/../lib/gcc/arm-none-eabi/14.2.1/thumb/v8-m.main+fp/hard/crtend.o
                                                  C:/Users/YBL/.sifli/tools/arm-none-eabi-gcc/14.2.1/bin/../lib/gcc/arm-none-eabi/14.2.1/thumb/v8-m.main+fp/hard/crtbegin.o
__bss_end__                                       C:/Users/YBL/.sifli/tools/arm-none-eabi-gcc/14.2.1/bin/../lib/gcc/arm-none-eabi/14.2.1/thumb/v8-m.main+fp/hard/crt0.o
__bss_start__                                     C:/Users/YBL/.sifli/tools/arm-none-eabi-gcc/14.2.1/bin/../lib/gcc/arm-none-eabi/14.2.1/thumb/v8-m.main+fp/hard/crt0.o
__call_exitprocs                                  C:/Users/YBL/.sifli/tools/arm-none-eabi-gcc/14.2.1/bin/../lib/gcc/arm-none-eabi/14.2.1/thumb/v8-m.main+fp/hard\libg_nano.a(libc_a-exit.o)
__deregister_frame_info                           C:/Users/YBL/.sifli/tools/arm-none-eabi-gcc/14.2.1/bin/../lib/gcc/arm-none-eabi/14.2.1/thumb/v8-m.main+fp/hard/crtbegin.o
__dso_handle                                      C:/Users/YBL/.sifli/tools/arm-none-eabi-gcc/14.2.1/bin/../lib/gcc/arm-none-eabi/14.2.1/thumb/v8-m.main+fp/hard/crtbegin.o
__fp_lock_all                                     C:/Users/YBL/.sifli/tools/arm-none-eabi-gcc/14.2.1/bin/../lib/gcc/arm-none-eabi/14.2.1/thumb/v8-m.main+fp/hard\libg_nano.a(libc_a-findfp.o)
__fp_unlock_all                                   C:/Users/YBL/.sifli/tools/arm-none-eabi-gcc/14.2.1/bin/../lib/gcc/arm-none-eabi/14.2.1/thumb/v8-m.main+fp/hard\libg_nano.a(libc_a-findfp.o)
__init_array_end                                  C:/Users/YBL/.sifli/tools/arm-none-eabi-gcc/14.2.1/bin/../lib/gcc/arm-none-eabi/14.2.1/thumb/v8-m.main+fp/hard\libg_nano.a(libc_a-init.o)
__init_array_start                                C:/Users/YBL/.sifli/tools/arm-none-eabi-gcc/14.2.1/bin/../lib/gcc/arm-none-eabi/14.2.1/thumb/v8-m.main+fp/hard\libg_nano.a(libc_a-init.o)
__libc_fini_array                                 C:/Users/YBL/.sifli/tools/arm-none-eabi-gcc/14.2.1/bin/../lib/gcc/arm-none-eabi/14.2.1/thumb/v8-m.main+fp/hard/crt0.o
__libc_init_array                                 C:/Users/YBL/.sifli/tools/arm-none-eabi-gcc/14.2.1/bin/../lib/gcc/arm-none-eabi/14.2.1/thumb/v8-m.main+fp/hard\libg_nano.a(libc_a-init.o)
                                                  C:/Users/YBL/.sifli/tools/arm-none-eabi-gcc/14.2.1/bin/../lib/gcc/arm-none-eabi/14.2.1/thumb/v8-m.main+fp/hard/crt0.o
__lock___arc4random_mutex                         C:/Users/YBL/.sifli/tools/arm-none-eabi-gcc/14.2.1/bin/../lib/gcc/arm-none-eabi/14.2.1/thumb/v8-m.main+fp/hard\libg_nano.a(libc_a-lock.o)
__lock___at_quick_exit_mutex                      C:/Users/YBL/.sifli/tools/arm-none-eabi-gcc/14.2.1/bin/../lib/gcc/arm-none-eabi/14.2.1/thumb/v8-m.main+fp/hard\libg_nano.a(libc_a-lock.o)
__lock___atexit_recursive_mutex                   C:/Users/YBL/.sifli/tools/arm-none-eabi-gcc/14.2.1/bin/../lib/gcc/arm-none-eabi/14.2.1/thumb/v8-m.main+fp/hard\libg_nano.a(libc_a-lock.o)
__lock___dd_hash_mutex                            C:/Users/YBL/.sifli/tools/arm-none-eabi-gcc/14.2.1/bin/../lib/gcc/arm-none-eabi/14.2.1/thumb/v8-m.main+fp/hard\libg_nano.a(libc_a-lock.o)
__lock___env_recursive_mutex                      C:/Users/YBL/.sifli/tools/arm-none-eabi-gcc/14.2.1/bin/../lib/gcc/arm-none-eabi/14.2.1/thumb/v8-m.main+fp/hard\libg_nano.a(libc_a-lock.o)
__lock___malloc_recursive_mutex                   C:/Users/YBL/.sifli/tools/arm-none-eabi-gcc/14.2.1/bin/../lib/gcc/arm-none-eabi/14.2.1/thumb/v8-m.main+fp/hard\libg_nano.a(libc_a-lock.o)
                                                  C:/Users/YBL/.sifli/tools/arm-none-eabi-gcc/14.2.1/bin/../lib/gcc/arm-none-eabi/14.2.1/thumb/v8-m.main+fp/hard\libg_nano.a(libc_a-mlock.o)
__lock___sfp_recursive_mutex                      C:/Users/YBL/.sifli/tools/arm-none-eabi-gcc/14.2.1/bin/../lib/gcc/arm-none-eabi/14.2.1/thumb/v8-m.main+fp/hard\libg_nano.a(libc_a-lock.o)
                                                  C:/Users/YBL/.sifli/tools/arm-none-eabi-gcc/14.2.1/bin/../lib/gcc/arm-none-eabi/14.2.1/thumb/v8-m.main+fp/hard\libg_nano.a(libc_a-findfp.o)
__lock___tz_mutex                                 C:/Users/YBL/.sifli/tools/arm-none-eabi-gcc/14.2.1/bin/../lib/gcc/arm-none-eabi/14.2.1/thumb/v8-m.main+fp/hard\libg_nano.a(libc_a-lock.o)
__malloc_free_list                                C:/Users/YBL/.sifli/tools/arm-none-eabi-gcc/14.2.1/bin/../lib/gcc/arm-none-eabi/14.2.1/thumb/v8-m.main+fp/hard\libg_nano.a(libc_a-mallocr.o)
                                                  C:/Users/YBL/.sifli/tools/arm-none-eabi-gcc/14.2.1/bin/../lib/gcc/arm-none-eabi/14.2.1/thumb/v8-m.main+fp/hard\libg_nano.a(libc_a-freer.o)
__malloc_lock                                     C:/Users/YBL/.sifli/tools/arm-none-eabi-gcc/14.2.1/bin/../lib/gcc/arm-none-eabi/14.2.1/thumb/v8-m.main+fp/hard\libg_nano.a(libc_a-mlock.o)
                                                  C:/Users/YBL/.sifli/tools/arm-none-eabi-gcc/14.2.1/bin/../lib/gcc/arm-none-eabi/14.2.1/thumb/v8-m.main+fp/hard\libg_nano.a(libc_a-mallocr.o)
                                                  C:/Users/YBL/.sifli/tools/arm-none-eabi-gcc/14.2.1/bin/../lib/gcc/arm-none-eabi/14.2.1/thumb/v8-m.main+fp/hard\libg_nano.a(libc_a-freer.o)
__malloc_sbrk_start                               C:/Users/YBL/.sifli/tools/arm-none-eabi-gcc/14.2.1/bin/../lib/gcc/arm-none-eabi/14.2.1/thumb/v8-m.main+fp/hard\libg_nano.a(libc_a-mallocr.o)
__malloc_unlock                                   C:/Users/YBL/.sifli/tools/arm-none-eabi-gcc/14.2.1/bin/../lib/gcc/arm-none-eabi/14.2.1/thumb/v8-m.main+fp/hard\libg_nano.a(libc_a-mlock.o)
                                                  C:/Users/YBL/.sifli/tools/arm-none-eabi-gcc/14.2.1/bin/../lib/gcc/arm-none-eabi/14.2.1/thumb/v8-m.main+fp/hard\libg_nano.a(libc_a-mallocr.o)
                                                  C:/Users/YBL/.sifli/tools/arm-none-eabi-gcc/14.2.1/bin/../lib/gcc/arm-none-eabi/14.2.1/thumb/v8-m.main+fp/hard\libg_nano.a(libc_a-freer.o)
__preinit_array_end                               C:/Users/YBL/.sifli/tools/arm-none-eabi-gcc/14.2.1/bin/../lib/gcc/arm-none-eabi/14.2.1/thumb/v8-m.main+fp/hard\libg_nano.a(libc_a-init.o)
__preinit_array_start                             C:/Users/YBL/.sifli/tools/arm-none-eabi-gcc/14.2.1/bin/../lib/gcc/arm-none-eabi/14.2.1/thumb/v8-m.main+fp/hard\libg_nano.a(libc_a-init.o)
__register_frame_info                             C:/Users/YBL/.sifli/tools/arm-none-eabi-gcc/14.2.1/bin/../lib/gcc/arm-none-eabi/14.2.1/thumb/v8-m.main+fp/hard/crtbegin.o
__retarget_lock_acquire                           C:/Users/YBL/.sifli/tools/arm-none-eabi-gcc/14.2.1/bin/../lib/gcc/arm-none-eabi/14.2.1/thumb/v8-m.main+fp/hard\libg_nano.a(libc_a-lock.o)
__retarget_lock_acquire_recursive                 C:/Users/YBL/.sifli/tools/arm-none-eabi-gcc/14.2.1/bin/../lib/gcc/arm-none-eabi/14.2.1/thumb/v8-m.main+fp/hard\libg_nano.a(libc_a-lock.o)
                                                  C:/Users/YBL/.sifli/tools/arm-none-eabi-gcc/14.2.1/bin/../lib/gcc/arm-none-eabi/14.2.1/thumb/v8-m.main+fp/hard\libg_nano.a(libc_a-fflush.o)
                                                  C:/Users/YBL/.sifli/tools/arm-none-eabi-gcc/14.2.1/bin/../lib/gcc/arm-none-eabi/14.2.1/thumb/v8-m.main+fp/hard\libg_nano.a(libc_a-mlock.o)
                                                  C:/Users/YBL/.sifli/tools/arm-none-eabi-gcc/14.2.1/bin/../lib/gcc/arm-none-eabi/14.2.1/thumb/v8-m.main+fp/hard\libg_nano.a(libc_a-findfp.o)
__retarget_lock_close                             C:/Users/YBL/.sifli/tools/arm-none-eabi-gcc/14.2.1/bin/../lib/gcc/arm-none-eabi/14.2.1/thumb/v8-m.main+fp/hard\libg_nano.a(libc_a-lock.o)
__retarget_lock_close_recursive                   C:/Users/YBL/.sifli/tools/arm-none-eabi-gcc/14.2.1/bin/../lib/gcc/arm-none-eabi/14.2.1/thumb/v8-m.main+fp/hard\libg_nano.a(libc_a-lock.o)
__retarget_lock_init                              C:/Users/YBL/.sifli/tools/arm-none-eabi-gcc/14.2.1/bin/../lib/gcc/arm-none-eabi/14.2.1/thumb/v8-m.main+fp/hard\libg_nano.a(libc_a-lock.o)
__retarget_lock_init_recursive                    C:/Users/YBL/.sifli/tools/arm-none-eabi-gcc/14.2.1/bin/../lib/gcc/arm-none-eabi/14.2.1/thumb/v8-m.main+fp/hard\libg_nano.a(libc_a-lock.o)
                                                  C:/Users/YBL/.sifli/tools/arm-none-eabi-gcc/14.2.1/bin/../lib/gcc/arm-none-eabi/14.2.1/thumb/v8-m.main+fp/hard\libg_nano.a(libc_a-findfp.o)
__retarget_lock_release                           C:/Users/YBL/.sifli/tools/arm-none-eabi-gcc/14.2.1/bin/../lib/gcc/arm-none-eabi/14.2.1/thumb/v8-m.main+fp/hard\libg_nano.a(libc_a-lock.o)
__retarget_lock_release_recursive                 C:/Users/YBL/.sifli/tools/arm-none-eabi-gcc/14.2.1/bin/../lib/gcc/arm-none-eabi/14.2.1/thumb/v8-m.main+fp/hard\libg_nano.a(libc_a-lock.o)
                                                  C:/Users/YBL/.sifli/tools/arm-none-eabi-gcc/14.2.1/bin/../lib/gcc/arm-none-eabi/14.2.1/thumb/v8-m.main+fp/hard\libg_nano.a(libc_a-fflush.o)
                                                  C:/Users/YBL/.sifli/tools/arm-none-eabi-gcc/14.2.1/bin/../lib/gcc/arm-none-eabi/14.2.1/thumb/v8-m.main+fp/hard\libg_nano.a(libc_a-mlock.o)
                                                  C:/Users/YBL/.sifli/tools/arm-none-eabi-gcc/14.2.1/bin/../lib/gcc/arm-none-eabi/14.2.1/thumb/v8-m.main+fp/hard\libg_nano.a(libc_a-findfp.o)
__retarget_lock_try_acquire                       C:/Users/YBL/.sifli/tools/arm-none-eabi-gcc/14.2.1/bin/../lib/gcc/arm-none-eabi/14.2.1/thumb/v8-m.main+fp/hard\libg_nano.a(libc_a-lock.o)
__retarget_lock_try_acquire_recursive             C:/Users/YBL/.sifli/tools/arm-none-eabi-gcc/14.2.1/bin/../lib/gcc/arm-none-eabi/14.2.1/thumb/v8-m.main+fp/hard\libg_nano.a(libc_a-lock.o)
__sclose                                          C:/Users/YBL/.sifli/tools/arm-none-eabi-gcc/14.2.1/bin/../lib/gcc/arm-none-eabi/14.2.1/thumb/v8-m.main+fp/hard\libg_nano.a(libc_a-stdio.o)
                                                  C:/Users/YBL/.sifli/tools/arm-none-eabi-gcc/14.2.1/bin/../lib/gcc/arm-none-eabi/14.2.1/thumb/v8-m.main+fp/hard\libg_nano.a(libc_a-findfp.o)
__seofread                                        C:/Users/YBL/.sifli/tools/arm-none-eabi-gcc/14.2.1/bin/../lib/gcc/arm-none-eabi/14.2.1/thumb/v8-m.main+fp/hard\libg_nano.a(libc_a-stdio.o)
__sf                                              C:/Users/YBL/.sifli/tools/arm-none-eabi-gcc/14.2.1/bin/../lib/gcc/arm-none-eabi/14.2.1/thumb/v8-m.main+fp/hard\libg_nano.a(libc_a-findfp.o)
                                                  C:/Users/YBL/.sifli/tools/arm-none-eabi-gcc/14.2.1/bin/../lib/gcc/arm-none-eabi/14.2.1/thumb/v8-m.main+fp/hard\libg_nano.a(libc_a-impure.o)
__sflush_r                                        C:/Users/YBL/.sifli/tools/arm-none-eabi-gcc/14.2.1/bin/../lib/gcc/arm-none-eabi/14.2.1/thumb/v8-m.main+fp/hard\libg_nano.a(libc_a-fflush.o)
__sfp                                             C:/Users/YBL/.sifli/tools/arm-none-eabi-gcc/14.2.1/bin/../lib/gcc/arm-none-eabi/14.2.1/thumb/v8-m.main+fp/hard\libg_nano.a(libc_a-findfp.o)
__sfp_lock_acquire                                C:/Users/YBL/.sifli/tools/arm-none-eabi-gcc/14.2.1/bin/../lib/gcc/arm-none-eabi/14.2.1/thumb/v8-m.main+fp/hard\libg_nano.a(libc_a-findfp.o)
__sfp_lock_release                                C:/Users/YBL/.sifli/tools/arm-none-eabi-gcc/14.2.1/bin/../lib/gcc/arm-none-eabi/14.2.1/thumb/v8-m.main+fp/hard\libg_nano.a(libc_a-findfp.o)
__sglue                                           C:/Users/YBL/.sifli/tools/arm-none-eabi-gcc/14.2.1/bin/../lib/gcc/arm-none-eabi/14.2.1/thumb/v8-m.main+fp/hard\libg_nano.a(libc_a-findfp.o)
                                                  C:/Users/YBL/.sifli/tools/arm-none-eabi-gcc/14.2.1/bin/../lib/gcc/arm-none-eabi/14.2.1/thumb/v8-m.main+fp/hard\libg_nano.a(libc_a-fflush.o)
__sinit                                           C:/Users/YBL/.sifli/tools/arm-none-eabi-gcc/14.2.1/bin/../lib/gcc/arm-none-eabi/14.2.1/thumb/v8-m.main+fp/hard\libg_nano.a(libc_a-findfp.o)
                                                  C:/Users/YBL/.sifli/tools/arm-none-eabi-gcc/14.2.1/bin/../lib/gcc/arm-none-eabi/14.2.1/thumb/v8-m.main+fp/hard\libg_nano.a(libc_a-fflush.o)
__sread                                           C:/Users/YBL/.sifli/tools/arm-none-eabi-gcc/14.2.1/bin/../lib/gcc/arm-none-eabi/14.2.1/thumb/v8-m.main+fp/hard\libg_nano.a(libc_a-stdio.o)
                                                  C:/Users/YBL/.sifli/tools/arm-none-eabi-gcc/14.2.1/bin/../lib/gcc/arm-none-eabi/14.2.1/thumb/v8-m.main+fp/hard\libg_nano.a(libc_a-findfp.o)
__sseek                                           C:/Users/YBL/.sifli/tools/arm-none-eabi-gcc/14.2.1/bin/../lib/gcc/arm-none-eabi/14.2.1/thumb/v8-m.main+fp/hard\libg_nano.a(libc_a-stdio.o)
                                                  C:/Users/YBL/.sifli/tools/arm-none-eabi-gcc/14.2.1/bin/../lib/gcc/arm-none-eabi/14.2.1/thumb/v8-m.main+fp/hard\libg_nano.a(libc_a-findfp.o)
__stack                                           C:/Users/YBL/.sifli/tools/arm-none-eabi-gcc/14.2.1/bin/../lib/gcc/arm-none-eabi/14.2.1/thumb/v8-m.main+fp/hard/crt0.o
__stdio_exit_handler                              C:/Users/YBL/.sifli/tools/arm-none-eabi-gcc/14.2.1/bin/../lib/gcc/arm-none-eabi/14.2.1/thumb/v8-m.main+fp/hard\libg_nano.a(libc_a-findfp.o)
                                                  C:/Users/YBL/.sifli/tools/arm-none-eabi-gcc/14.2.1/bin/../lib/gcc/arm-none-eabi/14.2.1/thumb/v8-m.main+fp/hard\libg_nano.a(libc_a-exit.o)
__swrite                                          C:/Users/YBL/.sifli/tools/arm-none-eabi-gcc/14.2.1/bin/../lib/gcc/arm-none-eabi/14.2.1/thumb/v8-m.main+fp/hard\libg_nano.a(libc_a-stdio.o)
                                                  C:/Users/YBL/.sifli/tools/arm-none-eabi-gcc/14.2.1/bin/../lib/gcc/arm-none-eabi/14.2.1/thumb/v8-m.main+fp/hard\libg_nano.a(libc_a-findfp.o)
_close                                            C:/Users/YBL/.sifli/tools/arm-none-eabi-gcc/14.2.1/bin/../lib/gcc/arm-none-eabi/14.2.1/thumb/v8-m.main+fp/hard\libnosys.a(close.o)
                                                  C:/Users/YBL/.sifli/tools/arm-none-eabi-gcc/14.2.1/bin/../lib/gcc/arm-none-eabi/14.2.1/thumb/v8-m.main+fp/hard\libg_nano.a(libc_a-closer.o)
_close_r                                          C:/Users/YBL/.sifli/tools/arm-none-eabi-gcc/14.2.1/bin/../lib/gcc/arm-none-eabi/14.2.1/thumb/v8-m.main+fp/hard\libg_nano.a(libc_a-closer.o)
                                                  C:/Users/YBL/.sifli/tools/arm-none-eabi-gcc/14.2.1/bin/../lib/gcc/arm-none-eabi/14.2.1/thumb/v8-m.main+fp/hard\libg_nano.a(libc_a-stdio.o)
_exit                                             C:/Users/YBL/.sifli/tools/arm-none-eabi-gcc/14.2.1/bin/../lib/gcc/arm-none-eabi/14.2.1/thumb/v8-m.main+fp/hard\libnosys.a(_exit.o)
                                                  C:/Users/YBL/.sifli/tools/arm-none-eabi-gcc/14.2.1/bin/../lib/gcc/arm-none-eabi/14.2.1/thumb/v8-m.main+fp/hard\libg_nano.a(libc_a-exit.o)
_fflush_r                                         C:/Users/YBL/.sifli/tools/arm-none-eabi-gcc/14.2.1/bin/../lib/gcc/arm-none-eabi/14.2.1/thumb/v8-m.main+fp/hard\libg_nano.a(libc_a-fflush.o)
                                                  C:/Users/YBL/.sifli/tools/arm-none-eabi-gcc/14.2.1/bin/../lib/gcc/arm-none-eabi/14.2.1/thumb/v8-m.main+fp/hard\libg_nano.a(libc_a-findfp.o)
_fini                                             C:/Users/YBL/.sifli/tools/arm-none-eabi-gcc/14.2.1/bin/../lib/gcc/arm-none-eabi/14.2.1/thumb/v8-m.main+fp/hard/crti.o
_free_r                                           C:/Users/YBL/.sifli/tools/arm-none-eabi-gcc/14.2.1/bin/../lib/gcc/arm-none-eabi/14.2.1/thumb/v8-m.main+fp/hard\libg_nano.a(libc_a-freer.o)
                                                  C:/Users/YBL/.sifli/tools/arm-none-eabi-gcc/14.2.1/bin/../lib/gcc/arm-none-eabi/14.2.1/thumb/v8-m.main+fp/hard\libg_nano.a(libc_a-fflush.o)
                                                  C:/Users/YBL/.sifli/tools/arm-none-eabi-gcc/14.2.1/bin/../lib/gcc/arm-none-eabi/14.2.1/thumb/v8-m.main+fp/hard\libg_nano.a(libc_a-reent.o)
_fwalk_sglue                                      C:/Users/YBL/.sifli/tools/arm-none-eabi-gcc/14.2.1/bin/../lib/gcc/arm-none-eabi/14.2.1/thumb/v8-m.main+fp/hard\libg_nano.a(libc_a-fwalk.o)
                                                  C:/Users/YBL/.sifli/tools/arm-none-eabi-gcc/14.2.1/bin/../lib/gcc/arm-none-eabi/14.2.1/thumb/v8-m.main+fp/hard\libg_nano.a(libc_a-fflush.o)
                                                  C:/Users/YBL/.sifli/tools/arm-none-eabi-gcc/14.2.1/bin/../lib/gcc/arm-none-eabi/14.2.1/thumb/v8-m.main+fp/hard\libg_nano.a(libc_a-findfp.o)
_impure_data                                      C:/Users/YBL/.sifli/tools/arm-none-eabi-gcc/14.2.1/bin/../lib/gcc/arm-none-eabi/14.2.1/thumb/v8-m.main+fp/hard\libg_nano.a(libc_a-impure.o)
                                                  C:/Users/YBL/.sifli/tools/arm-none-eabi-gcc/14.2.1/bin/../lib/gcc/arm-none-eabi/14.2.1/thumb/v8-m.main+fp/hard\libg_nano.a(libc_a-fflush.o)
                                                  C:/Users/YBL/.sifli/tools/arm-none-eabi-gcc/14.2.1/bin/../lib/gcc/arm-none-eabi/14.2.1/thumb/v8-m.main+fp/hard\libg_nano.a(libc_a-findfp.o)
_impure_ptr                                       C:/Users/YBL/.sifli/tools/arm-none-eabi-gcc/14.2.1/bin/../lib/gcc/arm-none-eabi/14.2.1/thumb/v8-m.main+fp/hard\libg_nano.a(libc_a-impure.o)
                                                  C:/Users/YBL/.sifli/tools/arm-none-eabi-gcc/14.2.1/bin/../lib/gcc/arm-none-eabi/14.2.1/thumb/v8-m.main+fp/hard\libg_nano.a(libc_a-fflush.o)
                                                  C:/Users/YBL/.sifli/tools/arm-none-eabi-gcc/14.2.1/bin/../lib/gcc/arm-none-eabi/14.2.1/thumb/v8-m.main+fp/hard\libg_nano.a(libc_a-reent.o)
_init                                             C:/Users/YBL/.sifli/tools/arm-none-eabi-gcc/14.2.1/bin/../lib/gcc/arm-none-eabi/14.2.1/thumb/v8-m.main+fp/hard/crti.o
                                                  C:/Users/YBL/.sifli/tools/arm-none-eabi-gcc/14.2.1/bin/../lib/gcc/arm-none-eabi/14.2.1/thumb/v8-m.main+fp/hard\libg_nano.a(libc_a-init.o)
_lseek                                            C:/Users/YBL/.sifli/tools/arm-none-eabi-gcc/14.2.1/bin/../lib/gcc/arm-none-eabi/14.2.1/thumb/v8-m.main+fp/hard\libnosys.a(lseek.o)
                                                  C:/Users/YBL/.sifli/tools/arm-none-eabi-gcc/14.2.1/bin/../lib/gcc/arm-none-eabi/14.2.1/thumb/v8-m.main+fp/hard\libg_nano.a(libc_a-lseekr.o)
_lseek_r                                          C:/Users/YBL/.sifli/tools/arm-none-eabi-gcc/14.2.1/bin/../lib/gcc/arm-none-eabi/14.2.1/thumb/v8-m.main+fp/hard\libg_nano.a(libc_a-lseekr.o)
                                                  C:/Users/YBL/.sifli/tools/arm-none-eabi-gcc/14.2.1/bin/../lib/gcc/arm-none-eabi/14.2.1/thumb/v8-m.main+fp/hard\libg_nano.a(libc_a-stdio.o)
_mainCRTStartup                                   C:/Users/YBL/.sifli/tools/arm-none-eabi-gcc/14.2.1/bin/../lib/gcc/arm-none-eabi/14.2.1/thumb/v8-m.main+fp/hard/crt0.o
_malloc_r                                         C:/Users/YBL/.sifli/tools/arm-none-eabi-gcc/14.2.1/bin/../lib/gcc/arm-none-eabi/14.2.1/thumb/v8-m.main+fp/hard\libg_nano.a(libc_a-mallocr.o)
                                                  C:/Users/YBL/.sifli/tools/arm-none-eabi-gcc/14.2.1/bin/../lib/gcc/arm-none-eabi/14.2.1/thumb/v8-m.main+fp/hard\libg_nano.a(libc_a-findfp.o)
_read                                             C:/Users/YBL/.sifli/tools/arm-none-eabi-gcc/14.2.1/bin/../lib/gcc/arm-none-eabi/14.2.1/thumb/v8-m.main+fp/hard\libnosys.a(read.o)
                                                  C:/Users/YBL/.sifli/tools/arm-none-eabi-gcc/14.2.1/bin/../lib/gcc/arm-none-eabi/14.2.1/thumb/v8-m.main+fp/hard\libg_nano.a(libc_a-readr.o)
_read_r                                           C:/Users/YBL/.sifli/tools/arm-none-eabi-gcc/14.2.1/bin/../lib/gcc/arm-none-eabi/14.2.1/thumb/v8-m.main+fp/hard\libg_nano.a(libc_a-readr.o)
                                                  C:/Users/YBL/.sifli/tools/arm-none-eabi-gcc/14.2.1/bin/../lib/gcc/arm-none-eabi/14.2.1/thumb/v8-m.main+fp/hard\libg_nano.a(libc_a-stdio.o)
_reclaim_reent                                    C:/Users/YBL/.sifli/tools/arm-none-eabi-gcc/14.2.1/bin/../lib/gcc/arm-none-eabi/14.2.1/thumb/v8-m.main+fp/hard\libg_nano.a(libc_a-reent.o)
_sbrk                                             C:/Users/YBL/.sifli/tools/arm-none-eabi-gcc/14.2.1/bin/../lib/gcc/arm-none-eabi/14.2.1/thumb/v8-m.main+fp/hard\libnosys.a(sbrk.o)
                                                  C:/Users/YBL/.sifli/tools/arm-none-eabi-gcc/14.2.1/bin/../lib/gcc/arm-none-eabi/14.2.1/thumb/v8-m.main+fp/hard\libg_nano.a(libc_a-sbrkr.o)
_sbrk_r                                           C:/Users/YBL/.sifli/tools/arm-none-eabi-gcc/14.2.1/bin/../lib/gcc/arm-none-eabi/14.2.1/thumb/v8-m.main+fp/hard\libg_nano.a(libc_a-sbrkr.o)
                                                  C:/Users/YBL/.sifli/tools/arm-none-eabi-gcc/14.2.1/bin/../lib/gcc/arm-none-eabi/14.2.1/thumb/v8-m.main+fp/hard\libg_nano.a(libc_a-mallocr.o)
_stack_init                                       C:/Users/YBL/.sifli/tools/arm-none-eabi-gcc/14.2.1/bin/../lib/gcc/arm-none-eabi/14.2.1/thumb/v8-m.main+fp/hard/crt0.o
_start                                            C:/Users/YBL/.sifli/tools/arm-none-eabi-gcc/14.2.1/bin/../lib/gcc/arm-none-eabi/14.2.1/thumb/v8-m.main+fp/hard/crt0.o
_write                                            C:/Users/YBL/.sifli/tools/arm-none-eabi-gcc/14.2.1/bin/../lib/gcc/arm-none-eabi/14.2.1/thumb/v8-m.main+fp/hard\libnosys.a(write.o)
                                                  C:/Users/YBL/.sifli/tools/arm-none-eabi-gcc/14.2.1/bin/../lib/gcc/arm-none-eabi/14.2.1/thumb/v8-m.main+fp/hard\libg_nano.a(libc_a-writer.o)
_write_r                                          C:/Users/YBL/.sifli/tools/arm-none-eabi-gcc/14.2.1/bin/../lib/gcc/arm-none-eabi/14.2.1/thumb/v8-m.main+fp/hard\libg_nano.a(libc_a-writer.o)
                                                  C:/Users/YBL/.sifli/tools/arm-none-eabi-gcc/14.2.1/bin/../lib/gcc/arm-none-eabi/14.2.1/thumb/v8-m.main+fp/hard\libg_nano.a(libc_a-stdio.o)
atexit                                            C:/Users/YBL/.sifli/tools/arm-none-eabi-gcc/14.2.1/bin/../lib/gcc/arm-none-eabi/14.2.1/thumb/v8-m.main+fp/hard/crt0.o
end                                               C:/Users/YBL/.sifli/tools/arm-none-eabi-gcc/14.2.1/bin/../lib/gcc/arm-none-eabi/14.2.1/thumb/v8-m.main+fp/hard\libnosys.a(sbrk.o)
errno                                             C:/Users/YBL/.sifli/tools/arm-none-eabi-gcc/14.2.1/bin/../lib/gcc/arm-none-eabi/14.2.1/thumb/v8-m.main+fp/hard\libg_nano.a(libc_a-reent.o)
                                                  C:/Users/YBL/.sifli/tools/arm-none-eabi-gcc/14.2.1/bin/../lib/gcc/arm-none-eabi/14.2.1/thumb/v8-m.main+fp/hard\libnosys.a(write.o)
                                                  C:/Users/YBL/.sifli/tools/arm-none-eabi-gcc/14.2.1/bin/../lib/gcc/arm-none-eabi/14.2.1/thumb/v8-m.main+fp/hard\libnosys.a(read.o)
                                                  C:/Users/YBL/.sifli/tools/arm-none-eabi-gcc/14.2.1/bin/../lib/gcc/arm-none-eabi/14.2.1/thumb/v8-m.main+fp/hard\libnosys.a(lseek.o)
                                                  C:/Users/YBL/.sifli/tools/arm-none-eabi-gcc/14.2.1/bin/../lib/gcc/arm-none-eabi/14.2.1/thumb/v8-m.main+fp/hard\libnosys.a(close.o)
                                                  C:/Users/YBL/.sifli/tools/arm-none-eabi-gcc/14.2.1/bin/../lib/gcc/arm-none-eabi/14.2.1/thumb/v8-m.main+fp/hard\libg_nano.a(libc_a-sbrkr.o)
                                                  C:/Users/YBL/.sifli/tools/arm-none-eabi-gcc/14.2.1/bin/../lib/gcc/arm-none-eabi/14.2.1/thumb/v8-m.main+fp/hard\libg_nano.a(libc_a-writer.o)
                                                  C:/Users/YBL/.sifli/tools/arm-none-eabi-gcc/14.2.1/bin/../lib/gcc/arm-none-eabi/14.2.1/thumb/v8-m.main+fp/hard\libg_nano.a(libc_a-readr.o)
                                                  C:/Users/YBL/.sifli/tools/arm-none-eabi-gcc/14.2.1/bin/../lib/gcc/arm-none-eabi/14.2.1/thumb/v8-m.main+fp/hard\libg_nano.a(libc_a-lseekr.o)
                                                  C:/Users/YBL/.sifli/tools/arm-none-eabi-gcc/14.2.1/bin/../lib/gcc/arm-none-eabi/14.2.1/thumb/v8-m.main+fp/hard\libg_nano.a(libc_a-closer.o)
exit                                              C:/Users/YBL/.sifli/tools/arm-none-eabi-gcc/14.2.1/bin/../lib/gcc/arm-none-eabi/14.2.1/thumb/v8-m.main+fp/hard\libg_nano.a(libc_a-exit.o)
                                                  C:/Users/YBL/.sifli/tools/arm-none-eabi-gcc/14.2.1/bin/../lib/gcc/arm-none-eabi/14.2.1/thumb/v8-m.main+fp/hard/crt0.o
fflush                                            C:/Users/YBL/.sifli/tools/arm-none-eabi-gcc/14.2.1/bin/../lib/gcc/arm-none-eabi/14.2.1/thumb/v8-m.main+fp/hard\libg_nano.a(libc_a-fflush.o)
hardware_init_hook                                C:/Users/YBL/.sifli/tools/arm-none-eabi-gcc/14.2.1/bin/../lib/gcc/arm-none-eabi/14.2.1/thumb/v8-m.main+fp/hard/crt0.o
main                                              C:/Users/YBL/.sifli/tools/arm-none-eabi-gcc/14.2.1/bin/../lib/gcc/arm-none-eabi/14.2.1/thumb/v8-m.main+fp/hard/crt0.o
memset                                            C:/Users/YBL/.sifli/tools/arm-none-eabi-gcc/14.2.1/bin/../lib/gcc/arm-none-eabi/14.2.1/thumb/v8-m.main+fp/hard\libg_nano.a(libc_a-memset.o)
                                                  C:/Users/YBL/.sifli/tools/arm-none-eabi-gcc/14.2.1/bin/../lib/gcc/arm-none-eabi/14.2.1/thumb/v8-m.main+fp/hard\libg_nano.a(libc_a-findfp.o)
                                                  C:/Users/YBL/.sifli/tools/arm-none-eabi-gcc/14.2.1/bin/../lib/gcc/arm-none-eabi/14.2.1/thumb/v8-m.main+fp/hard/crt0.o
sec_config                                        build_sf32lb52-lchspi-ulp_hcpu\\ftab\\board\\ftab.o
software_init_hook                                C:/Users/YBL/.sifli/tools/arm-none-eabi-gcc/14.2.1/bin/../lib/gcc/arm-none-eabi/14.2.1/thumb/v8-m.main+fp/hard/crt0.o
