Archive member included to satisfy reference by file (symbol)

C:/Users/YBL/.sifli/tools/arm-none-eabi-gcc/14.2.1/bin/../lib/gcc/arm-none-eabi/14.2.1/thumb/v8-m.main/nofp\libc_nano.a(libc_a-fclose.o)
                              build_sf32lb52-lchspi-ulp_hcpu\lcpu\sifli_sdk\rtos\kernel\components\libc\compilers\newlib\stdio.o (fclose)
C:/Users/YBL/.sifli/tools/arm-none-eabi-gcc/14.2.1/bin/../lib/gcc/arm-none-eabi/14.2.1/thumb/v8-m.main/nofp\libc_nano.a(libc_a-fflush.o)
                              C:/Users/YBL/.sifli/tools/arm-none-eabi-gcc/14.2.1/bin/../lib/gcc/arm-none-eabi/14.2.1/thumb/v8-m.main/nofp\libc_nano.a(libc_a-fclose.o) (__sflush_r)
C:/Users/YBL/.sifli/tools/arm-none-eabi-gcc/14.2.1/bin/../lib/gcc/arm-none-eabi/14.2.1/thumb/v8-m.main/nofp\libc_nano.a(libc_a-fileno.o)
                              build_sf32lb52-lchspi-ulp_hcpu\lcpu\sifli_sdk\rtos\kernel\components\libc\compilers\newlib\stdio.o (fileno)
C:/Users/YBL/.sifli/tools/arm-none-eabi-gcc/14.2.1/bin/../lib/gcc/arm-none-eabi/14.2.1/thumb/v8-m.main/nofp\libc_nano.a(libc_a-findfp.o)
                              C:/Users/YBL/.sifli/tools/arm-none-eabi-gcc/14.2.1/bin/../lib/gcc/arm-none-eabi/14.2.1/thumb/v8-m.main/nofp\libc_nano.a(libc_a-fflush.o) (__sglue)
C:/Users/YBL/.sifli/tools/arm-none-eabi-gcc/14.2.1/bin/../lib/gcc/arm-none-eabi/14.2.1/thumb/v8-m.main/nofp\libc_nano.a(libc_a-fopen.o)
                              build_sf32lb52-lchspi-ulp_hcpu\lcpu\sifli_sdk\rtos\kernel\components\libc\compilers\newlib\stdio.o (fopen)
C:/Users/YBL/.sifli/tools/arm-none-eabi-gcc/14.2.1/bin/../lib/gcc/arm-none-eabi/14.2.1/thumb/v8-m.main/nofp\libc_nano.a(libc_a-fseek.o)
                              C:/Users/YBL/.sifli/tools/arm-none-eabi-gcc/14.2.1/bin/../lib/gcc/arm-none-eabi/14.2.1/thumb/v8-m.main/nofp\libc_nano.a(libc_a-fopen.o) (_fseek_r)
C:/Users/YBL/.sifli/tools/arm-none-eabi-gcc/14.2.1/bin/../lib/gcc/arm-none-eabi/14.2.1/thumb/v8-m.main/nofp\libc_nano.a(libc_a-fwalk.o)
                              C:/Users/YBL/.sifli/tools/arm-none-eabi-gcc/14.2.1/bin/../lib/gcc/arm-none-eabi/14.2.1/thumb/v8-m.main/nofp\libc_nano.a(libc_a-fflush.o) (_fwalk_sglue)
C:/Users/YBL/.sifli/tools/arm-none-eabi-gcc/14.2.1/bin/../lib/gcc/arm-none-eabi/14.2.1/thumb/v8-m.main/nofp\libc_nano.a(libc_a-setvbuf.o)
                              build_sf32lb52-lchspi-ulp_hcpu\lcpu\sifli_sdk\rtos\kernel\components\libc\compilers\newlib\stdio.o (setvbuf)
C:/Users/YBL/.sifli/tools/arm-none-eabi-gcc/14.2.1/bin/../lib/gcc/arm-none-eabi/14.2.1/thumb/v8-m.main/nofp\libc_nano.a(libc_a-snprintf.o)
                              build_sf32lb52-lchspi-ulp_hcpu\lcpu\sifli_sdk\rtos\kernel\components\libc\compilers\newlib\stdio.o (snprintf)
C:/Users/YBL/.sifli/tools/arm-none-eabi-gcc/14.2.1/bin/../lib/gcc/arm-none-eabi/14.2.1/thumb/v8-m.main/nofp\libc_nano.a(libc_a-stdio.o)
                              C:/Users/YBL/.sifli/tools/arm-none-eabi-gcc/14.2.1/bin/../lib/gcc/arm-none-eabi/14.2.1/thumb/v8-m.main/nofp\libc_nano.a(libc_a-findfp.o) (__sread)
C:/Users/YBL/.sifli/tools/arm-none-eabi-gcc/14.2.1/bin/../lib/gcc/arm-none-eabi/14.2.1/thumb/v8-m.main/nofp\libc_nano.a(libc_a-fseeko.o)
                              C:/Users/YBL/.sifli/tools/arm-none-eabi-gcc/14.2.1/bin/../lib/gcc/arm-none-eabi/14.2.1/thumb/v8-m.main/nofp\libc_nano.a(libc_a-fseek.o) (_fseeko_r)
C:/Users/YBL/.sifli/tools/arm-none-eabi-gcc/14.2.1/bin/../lib/gcc/arm-none-eabi/14.2.1/thumb/v8-m.main/nofp\libc_nano.a(libc_a-memset.o)
                              C:/Users/YBL/.sifli/tools/arm-none-eabi-gcc/14.2.1/bin/../lib/gcc/arm-none-eabi/14.2.1/thumb/v8-m.main/nofp/crt0.o (memset)
C:/Users/YBL/.sifli/tools/arm-none-eabi-gcc/14.2.1/bin/../lib/gcc/arm-none-eabi/14.2.1/thumb/v8-m.main/nofp\libc_nano.a(libc_a-impure.o)
                              build_sf32lb52-lchspi-ulp_hcpu\lcpu\sifli_sdk\rtos\kernel\components\libc\compilers\newlib\syscalls.o (_impure_ptr)
C:/Users/YBL/.sifli/tools/arm-none-eabi-gcc/14.2.1/bin/../lib/gcc/arm-none-eabi/14.2.1/thumb/v8-m.main/nofp\libc_nano.a(libc_a-lock.o)
                              C:/Users/YBL/.sifli/tools/arm-none-eabi-gcc/14.2.1/bin/../lib/gcc/arm-none-eabi/14.2.1/thumb/v8-m.main/nofp\libc_nano.a(libc_a-findfp.o) (__retarget_lock_init_recursive)
C:/Users/YBL/.sifli/tools/arm-none-eabi-gcc/14.2.1/bin/../lib/gcc/arm-none-eabi/14.2.1/thumb/v8-m.main/nofp\libc_nano.a(libc_a-strcmp.o)
                              build_sf32lb52-lchspi-ulp_hcpu\lcpu\sifli_sdk\rtos\rtthread\bsp\sifli\drivers\drv_wdt.o (strcmp)
C:/Users/YBL/.sifli/tools/arm-none-eabi-gcc/14.2.1/bin/../lib/gcc/arm-none-eabi/14.2.1/thumb/v8-m.main/nofp\libc_nano.a(libc_a-memcpy-stub.o)
                              build_sf32lb52-lchspi-ulp_hcpu\lcpu\sifli_sdk\customer\boards\common\flash.o (memcpy)
C:/Users/YBL/.sifli/tools/arm-none-eabi-gcc/14.2.1/bin/../lib/gcc/arm-none-eabi/14.2.1/thumb/v8-m.main/nofp\libc_nano.a(libc_a-strlen.o)
[...]
Memory Configuration

Name             Origin             Length             Attributes
ROM              0x00400000         0x00003000         xr
RAM              0x20400000         0x00005c00         rw
*default*        0x00000000         0xffffffff

Linker script and memory map

LOAD C:/Users/YBL/.sifli/tools/arm-none-eabi-gcc/14.2.1/bin/../lib/gcc/arm-none-eabi/14.2.1/thumb/v8-m.main/nofp/crti.o
LOAD C:/Users/YBL/.sifli/tools/arm-none-eabi-gcc/14.2.1/bin/../lib/gcc/arm-none-eabi/14.2.1/thumb/v8-m.main/nofp/crtbegin.o
LOAD C:/Users/YBL/.sifli/tools/arm-none-eabi-gcc/14.2.1/bin/../lib/gcc/arm-none-eabi/14.2.1/thumb/v8-m.main/nofp/crt0.o
LOAD D:/xiaozhi_sf32/xiaozhi-sf32/sdk/drivers/hal/sifli_rom_52x_gcc.sym
                0x000007dd                        rt_hw_interrupt_disable = 0x7dd
                0x000007e5                        rt_hw_interrupt_enable = 0x7e5
                0x000007eb                        rt_hw_context_switch = 0x7eb
                0x000007eb                        rt_hw_context_switch_interrupt = 0x7eb
                0x0000080d                        PendSV_Handler = 0x80d
                0x00000857                        rt_hw_cfg_pendsv_pri = 0x857
                0x00000869                        rt_hw_context_switch_to = 0x869
                0x000008a3                        rt_hw_interrupt_thread_switch = 0x8a3
                0x000008a5                        rt_hw_cpu_idle = 0x8a5
                0x000008a9                        HardFault_Handler = 0x8a9
                0x000008e5                        MemManage_Handler = 0x8e5
                0x000013e5                        AON_LCPU_IRQHandler = 0x13e5
                0x00001c91                        HAL_Delay_us2_ = 0x1c91
                0x00001ccd                        HAL_Delay_us_ = 0x1ccd
                0x00001d1d                        HAL_GPIO_ClearInterrupt = 0x1d1d
                0x00001d49                        HAL_GPIO_EXTI_Callback = 0x1d49
                0x00001d4b                        HAL_GetLXTEnabled = 0x1d4b
                0x00001dcd                        HAL_Get_backup = 0x1dcd
                0x00001dd9                        HAL_HPAON_QueryWakeupGpioPin = 0x1dd9
                0x00001e19                        HAL_LCPU_CONFIG_get = 0x1e19
                0x00001ea5                        HAL_LCPU_CONFIG_set = 0x1ea5
                0x00001f31                        HAL_LPAON_DisableWakeupSrc = 0x1f31
                0x00001f55                        HAL_LPAON_EnableWakeupSrc = 0x1f55
                0x00001fb1                        HAL_LPAON_EnableXT48 = 0x1fb1
                0x00001fc9                        HAL_LPAON_EnterDeepSleep = 0x1fc9
                0x00001fd5                        HAL_LPAON_EnterLightSleep = 0x1fd5
                0x00001fe1                        HAL_LPAON_EnterStandby = 0x1fe1
                0x00001ff1                        HAL_LPAON_QueryWakeupGpioPin = 0x1ff1
                0x00001ff5                        HAL_LPAON_WakeCore = 0x1ff5
                0x00002015                        HAL_LPTIM_GetFreq = 0x2015
                0x00002055                        HAL_NVIC_DisableIRQ = 0x2055
                0x00002085                        HAL_NVIC_EnableIRQ = 0x2085
                0x000020ad                        HAL_NVIC_SetPriority = 0x20ad
                0x000020f1                        HAL_NVIC_SetPriorityGrouping = 0x20f1
                0x00002209                        HAL_PMU_DisablePinWakeup = 0x2209
                0x00002225                        HAL_PMU_DisableRtcWakeup = 0x2225
                0x00002235                        HAL_PMU_EnablePinWakeup = 0x2235
                0x00002271                        HAL_PMU_EnableRtcWakeup = 0x2271
                0x00002285                        HAL_PMU_Init = 0x2285
                0x00002287                        HAL_PostMspInit_rom = 0x2287
                0x000022b5                        HAL_RCC_GetHCLKFreq = 0x22b5
                0x000022ed                        HAL_RCC_GetSysCLKFreq = 0x22ed
                0x0000230d                        HAL_RCC_HCPU_GetDLL1Freq = 0x230d
                0x00002315                        HAL_RCC_HCPU_GetDLLFreq = 0x2315
                0x00002349                        HAL_RCC_LCPU_SetDiv = 0x2349
                0x000023a1                        HAL_RCC_SetMacFreq = 0x23a1
                0x000023f1                        HAL_RC_CAL_get_reference_cycle_on_48M = 0x23f1
                0x000023f9                        HAL_RC_CAL_update_reference_cycle_on_48M = 0x23f9
                0x00002509                        HAL_SYSTICK_CLKSourceConfig = 0x2509
                0x00002529                        HAL_SYSTICK_Config = 0x2529
                0x00002551                        HAL_Set_backup = 0x2551
                0x0000255d                        HAL_WDT_Init = 0x255d
                0x000025f1                        HAL_WDT_Refresh = 0x25f1
                0x00004d35                        audio_mem_calloc = 0x4d35
                0x00004d39                        audio_mem_free = 0x4d39
                0x00004ef1                        ble_aon_irq_handler = 0x4ef1
                0x00004f1d                        ble_boot = 0x4f1d
                0x00004f59                        ble_deep_sleep_after_handler = 0x4f59
                0x00004f75                        ble_deep_sleep_pre_handler = 0x4f75
                0x00004fa1                        ble_isr = 0x4fa1
                0x00004ff9                        ble_memory_config = 0x4ff9
                0x00005011                        ble_standby_sleep_after_handler_rom = 0x5011
                0x00005061                        ble_standby_sleep_pre_handler_rom = 0x5061
                0x00005901                        bt_isr = 0x5901
                0x0000597d                        bt_sco_data_handle_callback = 0x597d
                0x00005a4d                        bt_sco_data_handle_register = 0x5a4d
                0x00005f49                        cache_enable = 0x5f49
                0x00007361                        dm_isr = 0x7361
                0x00009e05                        em_config_customized = 0x9e05
                0x0000a1f5                        g711plc_addtohistory = 0xa1f5
                0x0000a311                        g711plc_construct = 0xa311
                0x0000a35d                        g711plc_dofe = 0xa35d
                0x00016475                        init_default_wakeup_src = 0x16475
                0x0001667d                        ipc_queue_check_idle = 0x1667d
                0x000166b9                        ipc_queue_check_idle_rom = 0x166b9
                0x000166bd                        ipc_queue_close = 0x166bd
                0x00016709                        ipc_queue_data_ind = 0x16709
                0x00016741                        ipc_queue_data_ind_rom = 0x16741
                0x00016745                        ipc_queue_deinit = 0x16745
                0x00016771                        ipc_queue_get_rx_size = 0x16771
                0x00016799                        ipc_queue_get_user_data = 0x16799
                0x000167c9                        ipc_queue_init = 0x167c9
                0x00016869                        ipc_queue_is_open = 0x16869
                0x00016891                        ipc_queue_open = 0x16891
                0x00016981                        ipc_queue_read = 0x16981
                0x000169bd                        ipc_queue_restore_all = 0x169bd
                0x00016a25                        ipc_queue_restore_all_rom = 0x16a25
                0x00016a29                        ipc_queue_set_user_data = 0x16a29
                0x00016a61                        ipc_queue_write = 0x16a61
                0x00017955                        bluetooth_idle_hook_func = 0x17955
                0x00017d41                        bluetooth_stack_suspend = 0x17d41
                0x00018bcd                        lc_bt_sco_data_recv = 0x18bcd
                0x000198c5                        lc_get_sco_para = 0x198c5
                0x0002a6e1                        libc_system_init = 0x2a6e1
                0x000504d1                        mem_env_config = 0x504d1
                0x000505cd                        mpu_config = 0x505cd
                0x000508d9                        pm_latch_tick = 0x508d9
                0x000509b7                        port_config_ipc = 0x509b7
                0x000509bd                        port_config_mailbox = 0x509bd
                0x00050a85                        port_config_uart0 = 0x50a85
                0x00050a89                        port_config_uart1 = 0x50a89
                0x00050c7d                        restore_context = 0x50c7d
                0x000511a5                        rom_config_em_memory = 0x511a5
                0x000511d9                        rom_config_get_default_attribute_4_em = 0x511d9
                0x00051231                        rom_config_set_controller_enabled = 0x51231
                0x00051239                        rom_config_set_default_link_config = 0x51239
                0x00051245                        rom_config_set_default_rc_cycle = 0x51245
                0x0005124d                        rom_config_set_default_sleep_enabled = 0x5124d
                0x00051255                        rom_config_set_default_sleep_mode = 0x51255
                0x0005125d                        rom_config_set_default_xtal_enabled = 0x5125d
                0x00051265                        rom_config_set_lld_prog_delay = 0x51265
                0x0005126d                        rom_config_set_lld_prog_delay_min = 0x5126d
                0x00051275                        rom_config_set_max_sleep_time = 0x51275
                0x0005127d                        rom_config_set_swprofiling = 0x5127d
                0x00051289                        rom_config_set_tl = 0x51289
                0x000512d1                        rom_scatterload = 0x512d1
                0x0005135d                        rt_assert_handler = 0x5135d
                0x00051399                        rt_assert_set_hook = 0x51399
                0x000514e9                        rt_calloc = 0x514e9
                0x00051509                        rt_completion_done = 0x51509
                0x00051569                        rt_completion_init = 0x51569
                0x000515a9                        rt_completion_wait = 0x515a9
                0x000516d9                        rt_critical_level = 0x516d9
                0x000516e5                        rt_data_queue_init = 0x516e5
                0x00051749                        rt_data_queue_peak = 0x51749
                0x000517ad                        rt_data_queue_pop = 0x517ad
                0x0005191d                        rt_data_queue_push = 0x5191d
                0x00051a39                        rt_data_queue_reset = 0x51a39
                0x00051a99                        rt_delayed_work_init = 0x51a99
                0x00051aa9                        rt_device_bidir_hwmailbox_register = 0x51aa9
                0x00051b45                        rt_device_close = 0x51b45
                0x00051ba1                        rt_device_control = 0x51ba1
                0x00051be9                        rt_device_create = 0x51be9
                0x00051c0d                        rt_device_destroy = 0x51c0d
                0x00051c95                        rt_device_find = 0x51c95
                0x00051d19                        rt_device_hwmailbox_isr = 0x51d19
                0x00051d59                        rt_device_hwmailbox_register = 0x51d59
                0x00051df1                        rt_device_init = 0x51df1
                0x00051e35                        rt_device_init_all = 0x51e35
                0x00051e39                        rt_device_open = 0x51e39
                0x00051eed                        rt_device_read = 0x51eed
                0x00051f59                        rt_device_register = 0x51f59
                0x00051f85                        rt_device_set_rx_indicate = 0x51f85
                0x00051fb9                        rt_device_set_tx_complete = 0x51fb9
                0x00051fed                        rt_device_unregister = 0x51fed
                0x00052061                        rt_device_write = 0x52061
                0x000520cd                        rt_enter_critical = 0x520cd
                0x000520e5                        rt_exit_critical = 0x520e5
                0x0005211d                        rt_free = 0x5211d
                0x00052291                        rt_free_align = 0x52291
                0x00052299                        rt_free_sethook = 0x52299
                0x000522a5                        rt_get_errno = 0x522a5
                0x000522c5                        rt_get_version = 0x522c5
                0x000522d1                        rt_hexdump = 0x522d1
                0x000524f5                        rt_hw_backtrace = 0x524f5
                0x000524f9                        rt_hw_ble_int_init = 0x524f9
                0x00052565                        rt_hw_console_output = 0x52565
                0x00052569                        rt_hw_cpu_reset = 0x52569
                0x00052579                        rt_hw_cpu_shutdown = 0x52579
                0x0005259d                        rt_hw_do_fatal_error = 0x5259d
                0x00052611                        rt_hw_exception_install = 0x52611
                0x0005261f                        rt_hw_hard_fault_exception = 0x5261f
                0x00052625                        rt_hw_mem_manage_exception = 0x52625
                0x00052631                        rt_hw_show_memory = 0x52631
                0x0005265d                        rt_hw_stack_init = 0x5265d
                0x00052699                        rt_hw_systick_init = 0x52699
                0x000526c5                        rt_hw_us_delay = 0x526c5
                0x000526f9                        rt_hw_watchdog_deinit = 0x526f9
                0x00052705                        rt_hw_watchdog_get_status = 0x52705
                0x0005271d                        rt_hw_watchdog_hook = 0x5271d
                0x0005272d                        rt_hw_watchdog_init = 0x5272d
                0x00052765                        rt_hw_watchdog_pet = 0x52765
                0x00052775                        rt_hw_watchdog_register = 0x52775
                0x000527f1                        rt_hw_watchdog_set_status = 0x527f1
                0x00052a35                        rt_in_system_heap = 0x52a35
                0x00052a59                        rt_interrupt_enter = 0x52a59
                0x00052a79                        rt_interrupt_enter_sethook = 0x52a79
                0x00052a81                        rt_interrupt_get_nest = 0x52a81
                0x00052a89                        rt_interrupt_leave = 0x52a89
                0x00052aa9                        rt_interrupt_leave_sethook = 0x52aa9
                0x00052b45                        rt_malloc = 0x52b45
                0x00052d45                        rt_malloc_align = 0x52d45
                0x00052d79                        rt_malloc_sethook = 0x52d79
                0x00052d81                        rt_mem_backup = 0x52d81
                0x00052f4d                        rt_mem_base = 0x52f4d
                0x00052f55                        rt_mem_header = 0x52f55
                0x00052f75                        rt_mem_header_size = 0x52f75
                0x00052f79                        rt_mem_restore = 0x52f79
                0x00053051                        rt_mem_ret_addr_offset = 0x53051
                0x00053055                        rt_mem_size = 0x53055
                0x000530d9                        rt_mem_tail = 0x530d9
                0x000530e5                        rt_memcmp = 0x530e5
                0x000530ff                        rt_memcpy = 0x530ff
                0x00053155                        rt_memmove = 0x53155
                0x00053181                        rt_memory_info = 0x53181
                0x000531a1                        rt_memset = 0x531a1
                0x000531e5                        rt_mp_alloc = 0x531e5
                0x000532fd                        rt_mp_alloc_sethook = 0x532fd
                0x00053309                        rt_mp_create = 0x53309
                0x0005339d                        rt_mp_delete = 0x5339d
                0x00053475                        rt_mp_detach = 0x53475
                0x00053515                        rt_mp_free = 0x53515
                0x00053569                        rt_mp_free_sethook = 0x53569
                0x00053575                        rt_mp_init = 0x53575
                0x000535f5                        rt_mutex_control = 0x535f5
                0x00053629                        rt_mutex_create = 0x53629
                0x00053681                        rt_mutex_delete = 0x53681
                0x0005373d                        rt_mutex_detach = 0x5373d
                0x000537cd                        rt_mutex_init = 0x537cd
                0x0005381d                        rt_mutex_release = 0x5381d
                0x00053941                        rt_mutex_take = 0x53941
                0x00053a95                        rt_object_allocate = 0x53a95
                0x00053b29                        rt_object_attach_sethook = 0x53b29
                0x00053b31                        rt_object_delete = 0x53b31
                0x00053bc1                        rt_object_detach = 0x53bc1
                0x00053c15                        rt_object_detach_sethook = 0x53c15
                0x00053c21                        rt_object_find = 0x53c21
                0x00053c99                        rt_object_get_information = 0x53c99
                0x00053cc1                        rt_object_get_type = 0x53cc1
                0x00053cf5                        rt_object_init = 0x53cf5
                0x00053d91                        rt_object_is_systemobject = 0x53d91
                0x00053dc9                        rt_object_put_sethook = 0x53dc9
                0x00053dd5                        rt_object_take_sethook = 0x53dd5
                0x00053de1                        rt_object_trytake_sethook = 0x53de1
                0x00053ded                        rt_pipe_close = 0x53ded
                0x00053e21                        rt_pipe_control = 0x53e21
                0x00053e25                        rt_pipe_create = 0x53e25
                0x00053eed                        rt_pipe_delete = 0x53eed
                0x00053f31                        rt_pipe_open = 0x53f31
                0x00053f63                        rt_pipe_read = 0x53f63
                0x00053fb3                        rt_pipe_write = 0x53fb3
                0x00054005                        rt_pm_default_set = 0x54005
                0x00054011                        rt_pm_device_register = 0x54011
                0x0005408d                        rt_pm_device_unregister = 0x5408d
                0x00054125                        rt_pm_enter_critical = 0x54125
                0x00054129                        rt_pm_exit_critical = 0x54129
                0x0005412d                        rt_pm_exit_idle = 0x5412d
                0x00054141                        rt_pm_hw_device_start = 0x54141
                0x00054159                        rt_pm_hw_device_stop = 0x54159
                0x000541b9                        rt_pm_is_hw_device_running = 0x541b9
                0x000541c5                        rt_pm_notify_set = 0x541c5
                0x000541cd                        rt_pm_override_mode_select = 0x541cd
                0x000541d5                        rt_pm_policy_register = 0x541d5
                0x000541e1                        rt_pm_release = 0x541e1
                0x00054209                        rt_pm_request = 0x54209
                0x0005425d                        rt_pm_run_enter = 0x5425d
                0x000542b5                        rt_pm_sleep_mode_state_get = 0x542b5
                0x000542d1                        rt_rbb_blk_alloc = 0x542d1
                0x000543dd                        rt_rbb_blk_buf = 0x543dd
                0x00054409                        rt_rbb_blk_free = 0x54409
                0x00054491                        rt_rbb_blk_get = 0x54491
                0x000544f1                        rt_rbb_blk_put = 0x544f1
                0x00054551                        rt_rbb_blk_queue_buf = 0x54551
                0x00054585                        rt_rbb_blk_queue_free = 0x54585
                0x000545c9                        rt_rbb_blk_queue_get = 0x545c9
                0x00054679                        rt_rbb_blk_queue_len = 0x54679
                0x000546c1                        rt_rbb_blk_size = 0x546c1
                0x000546ed                        rt_rbb_create = 0x546ed
                0x0005471d                        rt_rbb_destroy = 0x5471d
                0x00054751                        rt_rbb_get_buf_size = 0x54751
                0x00054781                        rt_rbb_init = 0x54781
                0x000547bd                        rt_rbb_next_blk_queue_len = 0x547bd
                0x00054839                        rt_realloc = 0x54839
                0x0005495d                        rt_ringbuffer_create = 0x5495d
                0x000549b9                        rt_ringbuffer_data_len = 0x549b9
                0x000549e5                        rt_ringbuffer_destroy = 0x549e5
                0x00054a25                        rt_ringbuffer_get = 0x54a25
                0x00054ab1                        rt_ringbuffer_get_and_update_len = 0x54ab1
                0x00054b91                        rt_ringbuffer_getchar = 0x54b91
                0x00054bf5                        rt_ringbuffer_init = 0x54bf5
                0x00054c2d                        rt_ringbuffer_put = 0x54c2d
                0x00054ccd                        rt_ringbuffer_put_force = 0x54ccd
                0x00054d81                        rt_ringbuffer_putchar = 0x54d81
                0x00054de9                        rt_ringbuffer_putchar_force = 0x54de9
                0x00054e5d                        rt_ringbuffer_rd_init = 0x54e5d
                0x00054e61                        rt_ringbuffer_reset = 0x54e61
                0x00054ead                        rt_ringbuffer_wr_init = 0x54ead
                0x00054eed                        rt_schedule = 0x54eed
                0x00054f59                        rt_schedule_insert_thread = 0x54f59
                0x00054fc9                        rt_schedule_remove_thread = 0x54fc9
                0x00055035                        rt_scheduler_sethook = 0x55035
                0x00055041                        rt_sem_control = 0x55041
                0x00055099                        rt_sem_create = 0x55099
                0x000550ed                        rt_sem_delete = 0x550ed
                0x000551a5                        rt_sem_detach = 0x551a5
                0x00055229                        rt_sem_init = 0x55229
                0x00055271                        rt_sem_release = 0x55271
                0x000552dd                        rt_sem_take = 0x552dd
                0x000553fd                        rt_sem_trytake = 0x553fd
                0x00055405                        rt_set_errno = 0x55405
                0x00055425                        rt_set_version = 0x55425
                0x00055431                        rt_show_sys_info = 0x55431
                0x00055433                        rt_show_version = 0x55433
                0x00055435                        rt_snprintf = 0x55435
                0x0005544b                        rt_sprintf = 0x5544b
                0x00055463                        rt_strcasecmp = 0x55463
                0x0005548b                        rt_strcmp = 0x5548b
                0x000554a1                        rt_strdup = 0x554a1
                0x000554bd                        rt_strlen = 0x554bd
                0x000554cb                        rt_strncmp = 0x554cb
                0x000554e9                        rt_strncpy = 0x554e9
                0x00055513                        rt_strnlen = 0x55513
                0x00055529                        rt_strstr = 0x55529
                0x00055569                        rt_system_heap_init = 0x55569
                0x00055601                        rt_system_object_init = 0x55601
                0x00055605                        rt_system_pm_init = 0x55605
                0x00055685                        rt_system_power_manager = 0x55685
                0x0005580d                        rt_system_scheduler_init = 0x5580d
                0x00055839                        rt_system_scheduler_start = 0x55839
                0x0005585d                        rt_system_tick_init = 0x5585d
                0x00055861                        rt_system_timer_init = 0x55861
                0x00055871                        rt_system_timer_thread_init = 0x55871
                0x00055875                        rt_thread_control = 0x55875
                0x00055905                        rt_thread_create = 0x55905
                0x00055945                        rt_thread_delay = 0x55945
                0x00055951                        rt_thread_delete = 0x55951
                0x00055a0d                        rt_thread_detach = 0x55a0d
                0x00055ad1                        rt_thread_exit = 0x55ad1
                0x00055b25                        rt_thread_find = 0x55b25
                0x00055bb5                        rt_thread_idle_delhook = 0x55bb5
                0x00055c05                        rt_thread_idle_excute = 0x55c05
                0x00055cb9                        rt_thread_idle_gethandler = 0x55cb9
                0x00055d01                        rt_thread_idle_sethook = 0x55d01
                0x00055d35                        rt_thread_init = 0x55d35
                0x00055dad                        rt_thread_inited_sethook = 0x55dad
                0x00055db9                        rt_thread_mdelay = 0x55db9
                0x00055dc9                        rt_thread_resume = 0x55dc9
                0x00055e41                        rt_thread_resume_sethook = 0x55e41
                0x00055e4d                        rt_thread_self = 0x55e4d
                0x00055e59                        rt_thread_sleep = 0x55e59
                0x00055ec1                        rt_thread_stack_backup = 0x55ec1
                0x00055ef1                        rt_thread_stack_restore = 0x55ef1
                0x00055f89                        rt_thread_startup = 0x55f89
                0x00056031                        rt_thread_suspend = 0x56031
                0x000560a5                        rt_thread_suspend_sethook = 0x560a5
                0x000560b1                        rt_thread_timeout = 0x560b1
                0x00056161                        rt_thread_yield = 0x56161
                0x000561b9                        rt_tick_from_millisecond = 0x561b9
                0x000561e1                        rt_tick_get = 0x561e1
                0x000561e9                        rt_tick_get_millisecond = 0x561e9
                0x000561f1                        rt_tick_increase = 0x561f1
                0x00056219                        rt_tick_increase_by_step = 0x56219
                0x00056249                        rt_tick_set = 0x56249
                0x00056261                        rt_timer_check = 0x56261
                0x00056319                        rt_timer_control = 0x56319
                0x0005637d                        rt_timer_create = 0x5637d
                0x000563fd                        rt_timer_delete = 0x563fd
                0x000564a9                        rt_timer_detach = 0x564a9
                0x00056545                        rt_timer_enter_sethook = 0x56545
                0x0005654d                        rt_timer_exit_sethook = 0x5654d
                0x00056555                        rt_timer_init = 0x56555
                0x000565ad                        rt_timer_next_timeout_tick = 0x565ad
                0x000565cd                        rt_timer_next_timer = 0x565cd
                0x000565e1                        rt_timer_start = 0x565e1
                0x000566e1                        rt_timer_start_int = 0x566e1
                0x00056701                        rt_timer_stop = 0x56701
                0x00056779                        rt_vsnprintf = 0x56779
                0x00056c09                        rt_vsprintf = 0x56c09
                0x00056cd1                        rt_wdt_init = 0x56cd1
                0x00056d05                        rt_wdt_restore = 0x56d05
                0x00056d31                        rt_workqueue_cancel_all_work = 0x56d31
                0x00056d85                        rt_workqueue_cancel_work = 0x56d85
                0x00056ded                        rt_workqueue_cancel_work_sync = 0x56ded
                0x00056e45                        rt_workqueue_create = 0x56e45
                0x00056ea1                        rt_workqueue_critical_work = 0x56ea1
                0x00056f09                        rt_workqueue_destroy = 0x56f09
                0x00056f49                        rt_workqueue_dowork = 0x56f49
                0x00056f7d                        rt_workqueue_submit_work = 0x56f7d
                0x00057039                        rt_wqueue_add = 0x57039
                0x00057059                        rt_wqueue_remove = 0x57059
                0x00057079                        rt_wqueue_wait = 0x57079
                0x00057141                        rt_wqueue_wakeup = 0x57141
                0x000574b1                        dm_err_check_isr_rom = 0x574b1
                0x0005a539                        sifli_deep_handler = 0x5a539
                0x0005a5d1                        sifli_light_handler = 0x5a5d1
                0x0005a7fd                        sifli_standby_handler_core = 0x5a7fd
                0x0005ab8d                        sifli_timer_get_tick = 0x5ab8d
                0x0005abdd                        sifli_timer_start = 0x5abdd
                0x0005abf5                        sifli_timer_stop = 0x5abf5
                0x0005aced                        sys_init_lh_bt_audio_queue = 0x5aced
                0x0005fdcc                        tl_port_api = 0x5fdcc
                0x2040e498                        ipc_hw_obj = 0x2040e498
                0x2040e5b0                        rt_interrupt_nest = 0x2040e5b0
                0x2040e5c0                        rt_assert_hook = 0x2040e5c0
                0x2040e610                        rt_current_priority = 0x2040e610
                0x2040e618                        rt_current_thread = 0x2040e618
                0x2040e61c                        rt_thread_ready_priority_group = 0x2040e61c
                0x2040e620                        rt_thread_defunct = 0x2040e620
                0x2040e628                        rt_thread_priority_table = 0x2040e628
                0x2040e674                        rt_timer_list = 0x2040e674
                0x2040e6e8                        pt_tx_rbf = 0x2040e6e8
                0x2040e6ec                        pt_rx_rbf = 0x2040e6ec
                0x2040e6f0                        p_sco_sta = 0x2040e6f0
                0x2040e6f4                        p_u8_tx_rbf_pool = 0x2040e6f4
                0x2040e6f8                        p_u8_rx_rbf_pool = 0x2040e6f8
                0x2040e6fc                        p_hl_sco_para = 0x2040e6fc
                0x2040e700                        sys_lh_bt_audio_queue = 0x2040e700
                0x2040e8c0                        g_power_mode = 0x2040e8c0
                0x2040e8d8                        error_reason = 0x2040e8d8
                0x2040e8e0                        saved_stack_pointer = 0x2040e8e0
                0x2040e8e4                        saved_stack_frame = 0x2040e8e4
                0x2040e92c                        _pm_notify = 0x2040e92c
                0x2040e934                        _pm = 0x2040e934
                0x2040ead4                        g_bluetooth_act_config = 0x2040ead4
                0x2040eae0                        g_dscr = 0x2040eae0
                0x2040eafc                        g_lscr = 0x2040eafc
                0x2040ee50                        g_sbcr = 0x2040ee50
                0x2040ef70                        idle = 0x2040ef70
                0x2040efec                        idle_hook_list = 0x2040efec
                0x2040effc                        idle_thread_stack_rom = 0x2040effc
                0x2040f0fc                        ipc_ctx = 0x2040f0fc
                0x2040f1c0                        iser_bak = 0x2040f1c0
                0x2040f874                        rt_interrupt_from_thread = 0x2040f874
                0x2040f878                        rt_interrupt_to_thread = 0x2040f878
                0x2040f88c                        rt_object_put_hook = 0x2040f88c
                0x2040f890                        rt_object_take_hook = 0x2040f890
                0x2040f894                        rt_object_trytake_hook = 0x2040f894
                0x2040f8a4                        rt_thread_switch_interrupt_flag = 0x2040f8a4
                0x2040fce4                        pm_reg_ctx = 0x2040fce4
                0x2040fd48                        pm_init_sp = 0x2040fd48
                0x2040fd54                        g_pwron_mode = 0x2040fd54
                0x2040fd58                        g_wakeup_src = 0x2040fd58
LOAD build_sf32lb52-lchspi-ulp_hcpu\lcpu\lcpu_general\bf0_ap_hal_msp.o
LOAD build_sf32lb52-lchspi-ulp_hcpu\lcpu\lcpu_general\board.o
LOAD build_sf32lb52-lchspi-ulp_hcpu\lcpu\lcpu_general\test_ctrl.o
LOAD build_sf32lb52-lchspi-ulp_hcpu\lcpu\sifli_sdk\customer\boards\common\bsp_common.o
LOAD build_sf32lb52-lchspi-ulp_hcpu\lcpu\sifli_sdk\customer\boards\common\flash.o
LOAD build_sf32lb52-lchspi-ulp_hcpu\lcpu\sifli_sdk\customer\boards\sf32lb52-lchspi-ulp_base\bsp_init.o
LOAD build_sf32lb52-lchspi-ulp_hcpu\lcpu\sifli_sdk\customer\boards\sf32lb52-lchspi-ulp_base\bsp_lcd_tp.o
LOAD build_sf32lb52-lchspi-ulp_hcpu\lcpu\sifli_sdk\customer\boards\sf32lb52-lchspi-ulp_base\bsp_pinmux.o
LOAD build_sf32lb52-lchspi-ulp_hcpu\lcpu\sifli_sdk\customer\boards\sf32lb52-lchspi-ulp_base\bsp_power.o
LOAD build_sf32lb52-lchspi-ulp_hcpu\lcpu\sifli_sdk\drivers\cmsis\sf32lb52x\bf0_pin_const.o
LOAD build_sf32lb52-lchspi-ulp_hcpu\lcpu\sifli_sdk\drivers\cmsis\sf32lb52x\Templates\system_bf0_ap.o
LOAD build_sf32lb52-lchspi-ulp_hcpu\lcpu\sifli_sdk\drivers\cmsis\sf32lb52x\lcpu_config_type.o
LOAD build_sf32lb52-lchspi-ulp_hcpu\lcpu\sifli_sdk\drivers\cmsis\sf32lb52x\Templates\gcc\startup_bf0_lcpu.o
LOAD build_sf32lb52-lchspi-ulp_hcpu\lcpu\sifli_sdk\drivers\hal\bf0_hal.o
LOAD build_sf32lb52-lchspi-ulp_hcpu\lcpu\sifli_sdk\drivers\hal\bf0_hal_adc.o
LOAD build_sf32lb52-lchspi-ulp_hcpu\lcpu\sifli_sdk\drivers\hal\bf0_hal_aes.o
LOAD build_sf32lb52-lchspi-ulp_hcpu\lcpu\sifli_sdk\drivers\hal\bf0_hal_aes_ns.o
LOAD build_sf32lb52-lchspi-ulp_hcpu\lcpu\sifli_sdk\drivers\hal\bf0_hal_audcodec_m.o
LOAD build_sf32lb52-lchspi-ulp_hcpu\lcpu\sifli_sdk\drivers\hal\bf0_hal_audprc.o
LOAD build_sf32lb52-lchspi-ulp_hcpu\lcpu\sifli_sdk\drivers\hal\bf0_hal_bleaon.o
LOAD build_sf32lb52-lchspi-ulp_hcpu\lcpu\sifli_sdk\drivers\hal\bf0_hal_busmon.o
LOAD build_sf32lb52-lchspi-ulp_hcpu\lcpu\sifli_sdk\drivers\hal\bf0_hal_cortex.o
LOAD build_sf32lb52-lchspi-ulp_hcpu\lcpu\sifli_sdk\drivers\hal\bf0_hal_crc.o
LOAD build_sf32lb52-lchspi-ulp_hcpu\lcpu\sifli_sdk\drivers\hal\bf0_hal_dma.o
LOAD build_sf32lb52-lchspi-ulp_hcpu\lcpu\sifli_sdk\drivers\hal\bf0_hal_dsi.o
LOAD build_sf32lb52-lchspi-ulp_hcpu\lcpu\sifli_sdk\drivers\hal\bf0_hal_efuse.o
LOAD build_sf32lb52-lchspi-ulp_hcpu\lcpu\sifli_sdk\drivers\hal\bf0_hal_epic.o
LOAD build_sf32lb52-lchspi-ulp_hcpu\lcpu\sifli_sdk\drivers\hal\bf0_hal_ext_dma.o
LOAD build_sf32lb52-lchspi-ulp_hcpu\lcpu\sifli_sdk\drivers\hal\bf0_hal_ezip.o
LOAD build_sf32lb52-lchspi-ulp_hcpu\lcpu\sifli_sdk\drivers\hal\bf0_hal_facc.o
LOAD build_sf32lb52-lchspi-ulp_hcpu\lcpu\sifli_sdk\drivers\hal\bf0_hal_fft.o
LOAD build_sf32lb52-lchspi-ulp_hcpu\lcpu\sifli_sdk\drivers\hal\bf0_hal_gpio.o
LOAD build_sf32lb52-lchspi-ulp_hcpu\lcpu\sifli_sdk\drivers\hal\bf0_hal_hcd.o
LOAD build_sf32lb52-lchspi-ulp_hcpu\lcpu\sifli_sdk\drivers\hal\bf0_hal_hlp.o
LOAD build_sf32lb52-lchspi-ulp_hcpu\lcpu\sifli_sdk\drivers\hal\bf0_hal_hpaon.o
LOAD build_sf32lb52-lchspi-ulp_hcpu\lcpu\sifli_sdk\drivers\hal\bf0_hal_i2c.o
LOAD build_sf32lb52-lchspi-ulp_hcpu\lcpu\sifli_sdk\drivers\hal\bf0_hal_i2s.o
LOAD build_sf32lb52-lchspi-ulp_hcpu\lcpu\sifli_sdk\drivers\hal\bf0_hal_lcdc.o
LOAD build_sf32lb52-lchspi-ulp_hcpu\lcpu\sifli_sdk\drivers\hal\bf0_hal_lcpu_config.o
LOAD build_sf32lb52-lchspi-ulp_hcpu\lcpu\sifli_sdk\drivers\hal\bf0_hal_lpaon.o
LOAD build_sf32lb52-lchspi-ulp_hcpu\lcpu\sifli_sdk\drivers\hal\bf0_hal_lpcomp.o
LOAD build_sf32lb52-lchspi-ulp_hcpu\lcpu\sifli_sdk\drivers\hal\bf0_hal_lptim.o
LOAD build_sf32lb52-lchspi-ulp_hcpu\lcpu\sifli_sdk\drivers\hal\bf0_hal_lrc_cal.o
LOAD build_sf32lb52-lchspi-ulp_hcpu\lcpu\sifli_sdk\drivers\hal\bf0_hal_mailbox.o
LOAD build_sf32lb52-lchspi-ulp_hcpu\lcpu\sifli_sdk\drivers\hal\bf0_hal_mpi.o
LOAD build_sf32lb52-lchspi-ulp_hcpu\lcpu\sifli_sdk\drivers\hal\bf0_hal_mpi_ex.o
LOAD build_sf32lb52-lchspi-ulp_hcpu\lcpu\sifli_sdk\drivers\hal\bf0_hal_mpi_psram.o
LOAD build_sf32lb52-lchspi-ulp_hcpu\lcpu\sifli_sdk\drivers\hal\bf0_hal_nn_acc.o
LOAD build_sf32lb52-lchspi-ulp_hcpu\lcpu\sifli_sdk\drivers\hal\bf0_hal_patch.o
LOAD build_sf32lb52-lchspi-ulp_hcpu\lcpu\sifli_sdk\drivers\hal\bf0_hal_pcd.o
LOAD build_sf32lb52-lchspi-ulp_hcpu\lcpu\sifli_sdk\drivers\hal\bf0_hal_pdm.o
LOAD build_sf32lb52-lchspi-ulp_hcpu\lcpu\sifli_sdk\drivers\hal\bf0_hal_pinmux.o
LOAD build_sf32lb52-lchspi-ulp_hcpu\lcpu\sifli_sdk\drivers\hal\bf0_hal_pmu.o
LOAD build_sf32lb52-lchspi-ulp_hcpu\lcpu\sifli_sdk\drivers\hal\bf0_hal_psram.o
LOAD build_sf32lb52-lchspi-ulp_hcpu\lcpu\sifli_sdk\drivers\hal\bf0_hal_ptc.o
LOAD build_sf32lb52-lchspi-ulp_hcpu\lcpu\sifli_sdk\drivers\hal\bf0_hal_rcc.o
LOAD build_sf32lb52-lchspi-ulp_hcpu\lcpu\sifli_sdk\drivers\hal\bf0_hal_rng.o
LOAD build_sf32lb52-lchspi-ulp_hcpu\lcpu\sifli_sdk\drivers\hal\bf0_hal_rtc.o
LOAD build_sf32lb52-lchspi-ulp_hcpu\lcpu\sifli_sdk\drivers\hal\bf0_hal_sd_ex.o
LOAD build_sf32lb52-lchspi-ulp_hcpu\lcpu\sifli_sdk\drivers\hal\bf0_hal_sdadc.o
LOAD build_sf32lb52-lchspi-ulp_hcpu\lcpu\sifli_sdk\drivers\hal\bf0_hal_sdhci.o
LOAD build_sf32lb52-lchspi-ulp_hcpu\lcpu\sifli_sdk\drivers\hal\bf0_hal_sdmmc.o
LOAD build_sf32lb52-lchspi-ulp_hcpu\lcpu\sifli_sdk\drivers\hal\bf0_hal_secu.o
LOAD build_sf32lb52-lchspi-ulp_hcpu\lcpu\sifli_sdk\drivers\hal\bf0_hal_spi.o
LOAD build_sf32lb52-lchspi-ulp_hcpu\lcpu\sifli_sdk\drivers\hal\bf0_hal_tim.o
LOAD build_sf32lb52-lchspi-ulp_hcpu\lcpu\sifli_sdk\drivers\hal\bf0_hal_tim_ex.o
LOAD build_sf32lb52-lchspi-ulp_hcpu\lcpu\sifli_sdk\drivers\hal\bf0_hal_tsen.o
LOAD build_sf32lb52-lchspi-ulp_hcpu\lcpu\sifli_sdk\drivers\hal\bf0_hal_uart.o
LOAD build_sf32lb52-lchspi-ulp_hcpu\lcpu\sifli_sdk\drivers\hal\bf0_hal_wdt.o
LOAD build_sf32lb52-lchspi-ulp_hcpu\lcpu\sifli_sdk\drivers\hal\bf0_sys_cfg.o
LOAD build_sf32lb52-lchspi-ulp_hcpu\lcpu\sifli_sdk\drivers\hal\flash_table.o
LOAD build_sf32lb52-lchspi-ulp_hcpu\lcpu\sifli_sdk\drivers\hal\nand_table.o
LOAD build_sf32lb52-lchspi-ulp_hcpu\lcpu\sifli_sdk\drivers\hal\sifli_bbm.o
LOAD build_sf32lb52-lchspi-ulp_hcpu\lcpu\sifli_sdk\middleware\audio\audio_bt_voice\bt_audiopath.o
LOAD build_sf32lb52-lchspi-ulp_hcpu\lcpu\sifli_sdk\middleware\audio\audio_port\audio_eq_config.o
LOAD build_sf32lb52-lchspi-ulp_hcpu\lcpu\sifli_sdk\middleware\audio\audio_port\audio_mem.o
LOAD build_sf32lb52-lchspi-ulp_hcpu\lcpu\sifli_sdk\middleware\audio\audio_port\audio_pa_api.o
LOAD build_sf32lb52-lchspi-ulp_hcpu\lcpu\sifli_sdk\middleware\audio\audio_voice_proc\audio_3a_dummy.o
LOAD build_sf32lb52-lchspi-ulp_hcpu\lcpu\sifli_sdk\middleware\bluetooth\porting\rtt\rw_rtt.o
LOAD build_sf32lb52-lchspi-ulp_hcpu\lcpu\sifli_sdk\middleware\bluetooth\service\bluetooth.o
LOAD build_sf32lb52-lchspi-ulp_hcpu\lcpu\sifli_sdk\middleware\bluetooth\service\internal\bluetooth_config.o
LOAD build_sf32lb52-lchspi-ulp_hcpu\lcpu\sifli_sdk\middleware\bluetooth\service\internal\bluetooth_misc.o
LOAD build_sf32lb52-lchspi-ulp_hcpu\lcpu\sifli_sdk\middleware\bluetooth\lib\dummy.o
LOAD build_sf32lb52-lchspi-ulp_hcpu\lcpu\sifli_sdk\middleware\context_backup\context_backup.o
LOAD build_sf32lb52-lchspi-ulp_hcpu\lcpu\sifli_sdk\middleware\ipc_queue\common\circular_buf.o
LOAD build_sf32lb52-lchspi-ulp_hcpu\lcpu\sifli_sdk\middleware\ipc_queue\common\ipc_hw.o
LOAD build_sf32lb52-lchspi-ulp_hcpu\lcpu\sifli_sdk\middleware\ipc_queue\common\ipc_queue.o
LOAD build_sf32lb52-lchspi-ulp_hcpu\lcpu\sifli_sdk\middleware\ipc_queue\porting\sf32lb52x\lcpu\ipc_hw_port.o
LOAD build_sf32lb52-lchspi-ulp_hcpu\lcpu\sifli_sdk\middleware\system\bf0_common.o
LOAD build_sf32lb52-lchspi-ulp_hcpu\lcpu\sifli_sdk\middleware\system\bf0_pm.o
LOAD build_sf32lb52-lchspi-ulp_hcpu\lcpu\sifli_sdk\rtos\os_adaptor\src\os_adaptor_rtthread.o
LOAD build_sf32lb52-lchspi-ulp_hcpu\lcpu\sifli_sdk\rtos\rtthread\bsp\sifli\drivers\drv_dma.o
LOAD build_sf32lb52-lchspi-ulp_hcpu\lcpu\sifli_sdk\rtos\rtthread\bsp\sifli\drivers\drv_wdt.o
LOAD build_sf32lb52-lchspi-ulp_hcpu\lcpu\sifli_sdk\rtos\rtthread\bsp\sifli\drivers\drv_psram.o
LOAD build_sf32lb52-lchspi-ulp_hcpu\lcpu\sifli_sdk\rtos\rtthread\bsp\sifli\drivers\drv_common.o
LOAD build_sf32lb52-lchspi-ulp_hcpu\lcpu\sifli_sdk\rtos\rtthread\bsp\sifli\drivers\drv_dbg.o
LOAD build_sf32lb52-lchspi-ulp_hcpu\lcpu\sifli_sdk\rtos\kernel\src\clock.o
LOAD build_sf32lb52-lchspi-ulp_hcpu\lcpu\sifli_sdk\rtos\kernel\src\components.o
LOAD build_sf32lb52-lchspi-ulp_hcpu\lcpu\sifli_sdk\rtos\kernel\src\cpu.o
LOAD build_sf32lb52-lchspi-ulp_hcpu\lcpu\sifli_sdk\rtos\kernel\src\device.o
LOAD build_sf32lb52-lchspi-ulp_hcpu\lcpu\sifli_sdk\rtos\kernel\src\idle.o
LOAD build_sf32lb52-lchspi-ulp_hcpu\lcpu\sifli_sdk\rtos\kernel\src\ipc.o
LOAD build_sf32lb52-lchspi-ulp_hcpu\lcpu\sifli_sdk\rtos\kernel\src\irq.o
LOAD build_sf32lb52-lchspi-ulp_hcpu\lcpu\sifli_sdk\rtos\kernel\src\kservice.o
LOAD build_sf32lb52-lchspi-ulp_hcpu\lcpu\sifli_sdk\rtos\kernel\src\mem.o
LOAD build_sf32lb52-lchspi-ulp_hcpu\lcpu\sifli_sdk\rtos\kernel\src\memheap.o
LOAD build_sf32lb52-lchspi-ulp_hcpu\lcpu\sifli_sdk\rtos\kernel\src\object.o
LOAD build_sf32lb52-lchspi-ulp_hcpu\lcpu\sifli_sdk\rtos\kernel\src\scheduler.o
LOAD build_sf32lb52-lchspi-ulp_hcpu\lcpu\sifli_sdk\rtos\kernel\src\signal.o
LOAD build_sf32lb52-lchspi-ulp_hcpu\lcpu\sifli_sdk\rtos\kernel\src\thread.o
LOAD build_sf32lb52-lchspi-ulp_hcpu\lcpu\sifli_sdk\rtos\kernel\src\timer.o
LOAD build_sf32lb52-lchspi-ulp_hcpu\lcpu\sifli_sdk\rtos\kernel\libcpu\arm\cortex-m33\cpuport.o
LOAD build_sf32lb52-lchspi-ulp_hcpu\lcpu\sifli_sdk\rtos\kernel\libcpu\arm\cortex-m33\context_gcc.o
LOAD build_sf32lb52-lchspi-ulp_hcpu\lcpu\sifli_sdk\rtos\kernel\libcpu\arm\common\backtrace.o
LOAD build_sf32lb52-lchspi-ulp_hcpu\lcpu\sifli_sdk\rtos\kernel\libcpu\arm\common\div0.o
LOAD build_sf32lb52-lchspi-ulp_hcpu\lcpu\sifli_sdk\rtos\kernel\libcpu\arm\common\showmem.o
LOAD build_sf32lb52-lchspi-ulp_hcpu\lcpu\sifli_sdk\rtos\kernel\components\drivers\pm\pm.o
LOAD build_sf32lb52-lchspi-ulp_hcpu\lcpu\sifli_sdk\rtos\kernel\components\drivers\watchdog\watchdog.o
LOAD build_sf32lb52-lchspi-ulp_hcpu\lcpu\sifli_sdk\rtos\kernel\components\libc\compilers\common\gmtime_r.o
LOAD build_sf32lb52-lchspi-ulp_hcpu\lcpu\sifli_sdk\rtos\kernel\components\libc\compilers\newlib\libc.o
LOAD build_sf32lb52-lchspi-ulp_hcpu\lcpu\sifli_sdk\rtos\kernel\components\libc\compilers\newlib\libc_syms.o
LOAD build_sf32lb52-lchspi-ulp_hcpu\lcpu\sifli_sdk\rtos\kernel\components\libc\compilers\newlib\stdio.o
LOAD build_sf32lb52-lchspi-ulp_hcpu\lcpu\sifli_sdk\rtos\kernel\components\libc\compilers\newlib\syscalls.o
LOAD build_sf32lb52-lchspi-ulp_hcpu\lcpu\sifli_sdk\rtos\kernel\components\libc\compilers\newlib\time.o
LOAD build_sf32lb52-lchspi-ulp_hcpu\lcpu\sifli_sdk\rtos\kernel\components\utilities\llt_mem\llt_mem.o
START GROUP
LOAD D:\xiaozhi_sf32\xiaozhi-sf32\sdk\drivers\hal_epic_ex\libhal_epic_ex_gcc.a
LOAD C:/Users/YBL/.sifli/tools/arm-none-eabi-gcc/14.2.1/bin/../lib/gcc/arm-none-eabi/14.2.1/thumb/v8-m.main/nofp\libc_nano.a
LOAD C:/Users/YBL/.sifli/tools/arm-none-eabi-gcc/14.2.1/bin/../lib/gcc/arm-none-eabi/14.2.1/thumb/v8-m.main/nofp\libm.a
END GROUP
START GROUP
LOAD C:/Users/YBL/.sifli/tools/arm-none-eabi-gcc/14.2.1/bin/../lib/gcc/arm-none-eabi/14.2.1/thumb/v8-m.main/nofp\libgcc.a
LOAD C:/Users/YBL/.sifli/tools/arm-none-eabi-gcc/14.2.1/bin/../lib/gcc/arm-none-eabi/14.2.1/thumb/v8-m.main/nofp\libg_nano.a
LOAD C:/Users/YBL/.sifli/tools/arm-none-eabi-gcc/14.2.1/bin/../lib/gcc/arm-none-eabi/14.2.1/thumb/v8-m.main/nofp\libc_nano.a
END GROUP
START GROUP
LOAD C:/Users/YBL/.sifli/tools/arm-none-eabi-gcc/14.2.1/bin/../lib/gcc/arm-none-eabi/14.2.1/thumb/v8-m.main/nofp\libgcc.a
LOAD C:/Users/YBL/.sifli/tools/arm-none-eabi-gcc/14.2.1/bin/../lib/gcc/arm-none-eabi/14.2.1/thumb/v8-m.main/nofp\libc_nano.a
LOAD C:/Users/YBL/.sifli/tools/arm-none-eabi-gcc/14.2.1/bin/../lib/gcc/arm-none-eabi/14.2.1/thumb/v8-m.main/nofp\libnosys.a
END GROUP
START GROUP
LOAD C:/Users/YBL/.sifli/tools/arm-none-eabi-gcc/14.2.1/bin/../lib/gcc/arm-none-eabi/14.2.1/thumb/v8-m.main/nofp\libgcc.a
LOAD C:/Users/YBL/.sifli/tools/arm-none-eabi-gcc/14.2.1/bin/../lib/gcc/arm-none-eabi/14.2.1/thumb/v8-m.main/nofp\libc_nano.a
LOAD C:/Users/YBL/.sifli/tools/arm-none-eabi-gcc/14.2.1/bin/../lib/gcc/arm-none-eabi/14.2.1/thumb/v8-m.main/nofp\libnosys.a
END GROUP
LOAD C:/Users/YBL/.sifli/tools/arm-none-eabi-gcc/14.2.1/bin/../lib/gcc/arm-none-eabi/14.2.1/thumb/v8-m.main/nofp/crtend.o
LOAD C:/Users/YBL/.sifli/tools/arm-none-eabi-gcc/14.2.1/bin/../lib/gcc/arm-none-eabi/14.2.1/thumb/v8-m.main/nofp/crtn.o
                0x00400000                        __ROM_BASE = 0x400000
                0x00003000                        __ROM_SIZE = 0x3000
                0x20400000                        __RAM_BASE = 0x20400000
                0x00005c00                        __RAM_SIZE = 0x5c00
                0x00000400                        __STACK_SIZE = 0x400
                0x00000000                        __HEAP_SIZE = 0x0

.text           0x00400000     0x15cc
                0x00400000                        _stext = ABSOLUTE (.)
 *(.vectors)
 .vectors       0x00400000      0x100 build_sf32lb52-lchspi-ulp_hcpu\lcpu\sifli_sdk\drivers\cmsis\sf32lb52x\Templates\gcc\startup_bf0_lcpu.o
                0x00400000                __Vectors
                0x00400100                __Vectors_End
 *(.text*)
 .text.deregister_tm_clones
                0x00400100       0x1c C:/Users/YBL/.sifli/tools/arm-none-eabi-gcc/14.2.1/bin/../lib/gcc/arm-none-eabi/14.2.1/thumb/v8-m.main/nofp/crtbegin.o
 .text.register_tm_clones
                0x0040011c       0x28 C:/Users/YBL/.sifli/tools/arm-none-eabi-gcc/14.2.1/bin/../lib/gcc/arm-none-eabi/14.2.1/thumb/v8-m.main/nofp/crtbegin.o
 .text.__do_global_dtors_aux
                0x00400144       0x28 C:/Users/YBL/.sifli/tools/arm-none-eabi-gcc/14.2.1/bin/../lib/gcc/arm-none-eabi/14.2.1/thumb/v8-m.main/nofp/crtbegin.o
 .text.frame_dummy
                0x0040016c       0x24 C:/Users/YBL/.sifli/tools/arm-none-eabi-gcc/14.2.1/bin/../lib/gcc/arm-none-eabi/14.2.1/thumb/v8-m.main/nofp/crtbegin.o
 .text.HAL_MspInit
                0x00400190        0x2 build_sf32lb52-lchspi-ulp_hcpu\lcpu\lcpu_general\bf0_ap_hal_msp.o
                0x00400190                HAL_MspInit
 .text.SystemClock_Config
                0x00400192        0x2 build_sf32lb52-lchspi-ulp_hcpu\lcpu\lcpu_general\board.o
                0x00400192                SystemClock_Config
 .text.rc10k_cal_hook_func
                0x00400194       0x30 build_sf32lb52-lchspi-ulp_hcpu\lcpu\lcpu_general\test_ctrl.o
                0x00400194                rc10k_cal_hook_func
 .text.rc10k_cal_init
                0x004001c4       0x40 build_sf32lb52-lchspi-ulp_hcpu\lcpu\lcpu_general\test_ctrl.o
                0x004001c4                rc10k_cal_init
 .text.startup.main
                0x00400204        0x4 build_sf32lb52-lchspi-ulp_hcpu\lcpu\lcpu_general\test_ctrl.o
                0x00400204                main
 .text.HAL_PreInit
                0x00400208       0x30 build_sf32lb52-lchspi-ulp_hcpu\lcpu\sifli_sdk\customer\boards\sf32lb52-lchspi-ulp_base\bsp_init.o
                0x00400208                HAL_PreInit
 .text.hw_preinit0
                0x00400238        0x2 build_sf32lb52-lchspi-ulp_hcpu\lcpu\sifli_sdk\drivers\cmsis\sf32lb52x\Templates\system_bf0_ap.o
                0x00400238                hw_preinit0
 *fill*         0x0040023a        0x2 
 .text.SystemInit
                0x0040023c       0x40 build_sf32lb52-lchspi-ulp_hcpu\lcpu\sifli_sdk\drivers\cmsis\sf32lb52x\Templates\system_bf0_ap.o
                0x0040023c                SystemInit
 .text          0x0040027c       0x64 build_sf32lb52-lchspi-ulp_hcpu\lcpu\sifli_sdk\drivers\cmsis\sf32lb52x\Templates\gcc\startup_bf0_lcpu.o
                0x0040027c                Reset_Handler
                0x004002c6                DebugMon_Handler
                0x004002c6                DMAC2_CH6_IRQHandler
                0x004002c6                DMAC2_CH2_IRQHandler
                0x004002c6                LPTIM3_IRQHandler
                0x004002c6                Interrupt31_IRQHandler
                0x004002c6                DMAC2_CH7_IRQHandler
                0x004002c6                UsageFault_Handler
                0x004002c6                USART5_IRQHandler
                0x004002c6                Interrupt30_IRQHandler
                0x004002c6                SECU2_IRQHandler
                0x004002c6                DMAC2_CH4_IRQHandler
                0x004002c6                USART4_IRQHandler
                0x004002c6                GPIO2_IRQHandler
                0x004002c6                SecureFault_Handler
                0x004002c6                Interrupt26_IRQHandler
                0x004002c6                Default_Handler
                0x004002c6                Interrupt29_IRQHandler
                0x004002c6                BTIM4_IRQHandler
                0x004002c6                PATCH_IRQHandler
                0x004002c6                Interrupt25_IRQHandler
                0x004002c6                Interrupt27_IRQHandler
                0x004002c6                SVC_Handler
                0x004002c6                HPSYS1_IRQHandler
                0x004002c6                DMAC2_CH1_IRQHandler
                0x004002c6                HPSYS0_IRQHandler
                0x004002c6                DMAC2_CH8_IRQHandler
                0x004002c6                BTIM3_IRQHandler
                0x004002c6                Interrupt28_IRQHandler
                0x004002c6                DMAC2_CH5_IRQHandler
                0x004002c6                BusFault_Handler
                0x004002c6                DMAC2_CH3_IRQHandler
                0x004002c6                Interrupt24_IRQHandler
 .text.__aeabi_unwind_cpp_pr0
                0x004002e0        0x4 build_sf32lb52-lchspi-ulp_hcpu\lcpu\sifli_sdk\drivers\hal\bf0_hal.o
                0x004002e0                __aeabi_unwind_cpp_pr0
 .text.HAL_PostMspInit
                0x004002e4        0x2 build_sf32lb52-lchspi-ulp_hcpu\lcpu\sifli_sdk\drivers\hal\bf0_hal.o
                0x004002e4                HAL_PostMspInit
 .text.HAL_Init
                0x004002e6       0x22 build_sf32lb52-lchspi-ulp_hcpu\lcpu\sifli_sdk\drivers\hal\bf0_hal.o
                0x004002e6                HAL_Init
 .text.HAL_IncTick
                0x00400308       0x10 build_sf32lb52-lchspi-ulp_hcpu\lcpu\sifli_sdk\drivers\hal\bf0_hal.o
                0x00400308                HAL_IncTick
 .text.HAL_Delay_us
                0x00400318       0x42 build_sf32lb52-lchspi-ulp_hcpu\lcpu\sifli_sdk\drivers\hal\bf0_hal.o
                0x00400318                HAL_Delay_us
 *fill*         0x0040035a        0x2 
 .text.NMI_Handler
                0x0040035c       0x1c build_sf32lb52-lchspi-ulp_hcpu\lcpu\sifli_sdk\drivers\hal\bf0_hal.o
                0x0040035c                NMI_Handler
 .text.HAL_GPIO_Restore
                0x00400378       0x4c build_sf32lb52-lchspi-ulp_hcpu\lcpu\sifli_sdk\drivers\hal\bf0_hal_gpio.o
                0x00400378                HAL_GPIO_Restore
 .text.HAL_RC_locked
                0x004003c4       0x22 build_sf32lb52-lchspi-ulp_hcpu\lcpu\sifli_sdk\drivers\hal\bf0_hal_lrc_cal.o
 .text.HAL_RC_unlocked
                0x004003e6       0x1a build_sf32lb52-lchspi-ulp_hcpu\lcpu\sifli_sdk\drivers\hal\bf0_hal_lrc_cal.o
 .text.HAL_RC_CAL_GetLPCycle_ex
                0x00400400        0xc build_sf32lb52-lchspi-ulp_hcpu\lcpu\sifli_sdk\drivers\hal\bf0_hal_lrc_cal.o
                0x00400400                HAL_RC_CAL_GetLPCycle_ex
 .text.HAL_RC_CAL_SetLPCycle_ex
                0x0040040c       0x14 build_sf32lb52-lchspi-ulp_hcpu\lcpu\sifli_sdk\drivers\hal\bf0_hal_lrc_cal.o
                0x0040040c                HAL_RC_CAL_SetLPCycle_ex
 .text.HAL_RC_CALget_curr_cycle_on_48M
                0x00400420      0x104 build_sf32lb52-lchspi-ulp_hcpu\lcpu\sifli_sdk\drivers\hal\bf0_hal_lrc_cal.o
                0x00400420                HAL_RC_CALget_curr_cycle_on_48M
 .text.HAL_MAILBOX_GetMutex
                0x00400524       0x38 build_sf32lb52-lchspi-ulp_hcpu\lcpu\sifli_sdk\drivers\hal\bf0_hal_mailbox.o
                0x00400524                HAL_MAILBOX_GetMutex
 .text.HAL_MAILBOX_Lock
                0x0040055c       0x24 build_sf32lb52-lchspi-ulp_hcpu\lcpu\sifli_sdk\drivers\hal\bf0_hal_mailbox.o
                0x0040055c                HAL_MAILBOX_Lock
 .text.HAL_MAILBOX_UnLock
                0x00400580       0x1a build_sf32lb52-lchspi-ulp_hcpu\lcpu\sifli_sdk\drivers\hal\bf0_hal_mailbox.o
                0x00400580                HAL_MAILBOX_UnLock
 .text.HAL_MAILBOX_IRQHandler
                0x0040059a       0x24 build_sf32lb52-lchspi-ulp_hcpu\lcpu\sifli_sdk\drivers\hal\bf0_hal_mailbox.o
                0x0040059a                HAL_MAILBOX_IRQHandler
 *fill*         0x004005be        0x2 
 .text.HAL_PTC_Init
                0x004005c0       0x40 build_sf32lb52-lchspi-ulp_hcpu\lcpu\sifli_sdk\drivers\hal\bf0_hal_ptc.o
                0x004005c0                HAL_PTC_Init
 .text.HAL_PTC_Enable
                0x00400600       0x4a build_sf32lb52-lchspi-ulp_hcpu\lcpu\sifli_sdk\drivers\hal\bf0_hal_ptc.o
                0x00400600                HAL_PTC_Enable
 .text.HAL_PTC_IRQHandler
                0x0040064a       0x10 build_sf32lb52-lchspi-ulp_hcpu\lcpu\sifli_sdk\drivers\hal\bf0_hal_ptc.o
                0x0040064a                HAL_PTC_IRQHandler
 *fill*         0x0040065a        0x2 
 .text.RCC_GetModuleMask
                0x0040065c      0x120 build_sf32lb52-lchspi-ulp_hcpu\lcpu\sifli_sdk\drivers\hal\bf0_hal_rcc.o
 .text.HAL_RCC_EnableModule
                0x0040077c       0x44 build_sf32lb52-lchspi-ulp_hcpu\lcpu\sifli_sdk\drivers\hal\bf0_hal_rcc.o
                0x0040077c                HAL_RCC_EnableModule
 .text.HAL_RCC_MspInit
                0x004007c0        0x2 build_sf32lb52-lchspi-ulp_hcpu\lcpu\sifli_sdk\drivers\hal\bf0_hal_rcc.o
                0x004007c0                HAL_RCC_MspInit
 .text.HAL_RCC_Init
                0x004007c2        0x8 build_sf32lb52-lchspi-ulp_hcpu\lcpu\sifli_sdk\drivers\hal\bf0_hal_rcc.o
                0x004007c2                HAL_RCC_Init
 *fill*         0x004007ca        0x2 
 .text.bt_audiopath_init
                0x004007cc       0x74 build_sf32lb52-lchspi-ulp_hcpu\lcpu\sifli_sdk\middleware\audio\audio_bt_voice\bt_audiopath.o
                0x004007cc                bt_audiopath_init
 .text.patch_install
                0x00400840       0x1c build_sf32lb52-lchspi-ulp_hcpu\lcpu\sifli_sdk\middleware\bluetooth\service\bluetooth.o
                0x00400840                patch_install
 .text.bluetooth_init
                0x0040085c       0x6c build_sf32lb52-lchspi-ulp_hcpu\lcpu\sifli_sdk\middleware\bluetooth\service\bluetooth.o
                0x0040085c                bluetooth_init
 .text.bluetooth_select_pm_mode
                0x004008c8       0x16 build_sf32lb52-lchspi-ulp_hcpu\lcpu\sifli_sdk\middleware\bluetooth\service\bluetooth.o
 *fill*         0x004008de        0x2 
 .text.bluetooth_pm_suspend
                0x004008e0       0x30 build_sf32lb52-lchspi-ulp_hcpu\lcpu\sifli_sdk\middleware\bluetooth\service\bluetooth.o
 .text.ble_standby_sleep_pre_handler
                0x00400910        0x4 build_sf32lb52-lchspi-ulp_hcpu\lcpu\sifli_sdk\middleware\bluetooth\service\bluetooth.o
                0x00400910                ble_standby_sleep_pre_handler
 .text.ble_standby_sleep_after_handler
                0x00400914       0x14 build_sf32lb52-lchspi-ulp_hcpu\lcpu\sifli_sdk\middleware\bluetooth\service\bluetooth.o
                0x00400914                ble_standby_sleep_after_handler
 .text.rom_port_get
                0x00400928       0x28 build_sf32lb52-lchspi-ulp_hcpu\lcpu\sifli_sdk\middleware\bluetooth\service\internal\bluetooth_config.o
                0x00400928                rom_port_get
 .text.act_config
                0x00400950       0x40 build_sf32lb52-lchspi-ulp_hcpu\lcpu\sifli_sdk\middleware\bluetooth\service\internal\bluetooth_config.o
                0x00400950                act_config
 .text.mem_config
                0x00400990       0x64 build_sf32lb52-lchspi-ulp_hcpu\lcpu\sifli_sdk\middleware\bluetooth\service\internal\bluetooth_config.o
                0x00400990                mem_config
 .text.port_config
                0x004009f4       0x38 build_sf32lb52-lchspi-ulp_hcpu\lcpu\sifli_sdk\middleware\bluetooth\service\internal\bluetooth_config.o
                0x004009f4                port_config
 .text.bluetooth_config
                0x00400a2c       0x10 build_sf32lb52-lchspi-ulp_hcpu\lcpu\sifli_sdk\middleware\bluetooth\service\internal\bluetooth_config.o
                0x00400a2c                bluetooth_config
 .text.ptc_save_phase
                0x00400a3c       0x28 build_sf32lb52-lchspi-ulp_hcpu\lcpu\sifli_sdk\middleware\bluetooth\service\internal\bluetooth_misc.o
                0x00400a3c                ptc_save_phase
 .text.PTC2_IRQHandler
                0x00400a64       0x28 build_sf32lb52-lchspi-ulp_hcpu\lcpu\sifli_sdk\middleware\bluetooth\service\internal\bluetooth_misc.o
                0x00400a64                PTC2_IRQHandler
 .text.ptc_config
                0x00400a8c       0x64 build_sf32lb52-lchspi-ulp_hcpu\lcpu\sifli_sdk\middleware\bluetooth\service\internal\bluetooth_misc.o
                0x00400a8c                ptc_config
 .text.rf_ptc_config
                0x00400af0       0x2c build_sf32lb52-lchspi-ulp_hcpu\lcpu\sifli_sdk\middleware\bluetooth\service\internal\bluetooth_misc.o
                0x00400af0                rf_ptc_config
 .text.hcpu2lcpu_notification_callback
                0x00400b1c       0x40 build_sf32lb52-lchspi-ulp_hcpu\lcpu\sifli_sdk\middleware\ipc_queue\porting\sf32lb52x\lcpu\ipc_hw_port.o
 .text.HCPU2LCPU_IRQHandler
                0x00400b5c       0x18 build_sf32lb52-lchspi-ulp_hcpu\lcpu\sifli_sdk\middleware\ipc_queue\porting\sf32lb52x\lcpu\ipc_hw_port.o
                0x00400b5c                HCPU2LCPU_IRQHandler
 .text.sys_init_debug_trigger
                0x00400b74       0x28 build_sf32lb52-lchspi-ulp_hcpu\lcpu\sifli_sdk\middleware\system\bf0_common.o
                0x00400b74                sys_init_debug_trigger
 .text.exception_handler
                0x00400b9c       0x20 build_sf32lb52-lchspi-ulp_hcpu\lcpu\sifli_sdk\middleware\system\bf0_common.o
                0x00400b9c                exception_handler
 .text.assert_hook
                0x00400bbc       0x28 build_sf32lb52-lchspi-ulp_hcpu\lcpu\sifli_sdk\middleware\system\bf0_common.o
 .text.DBG_Trigger_IRQHandler
                0x00400be4       0x24 build_sf32lb52-lchspi-ulp_hcpu\lcpu\sifli_sdk\middleware\system\bf0_common.o
                0x00400be4                DBG_Trigger_IRQHandler
 .text.sifli_exit_idle
                0x00400c08        0x2 build_sf32lb52-lchspi-ulp_hcpu\lcpu\sifli_sdk\middleware\system\bf0_pm.o
 .text.sifli_resume
                0x00400c0a        0x2 build_sf32lb52-lchspi-ulp_hcpu\lcpu\sifli_sdk\middleware\system\bf0_pm.o
                0x00400c0a                sifli_resume
 .text.sifli_suspend
                0x00400c0c       0x2c build_sf32lb52-lchspi-ulp_hcpu\lcpu\sifli_sdk\middleware\system\bf0_pm.o
 .text.rt_application_init_power_on_mode
                0x00400c38        0x2 build_sf32lb52-lchspi-ulp_hcpu\lcpu\sifli_sdk\middleware\system\bf0_pm.o
                0x00400c38                rt_application_init_power_on_mode
 .text.SystemPowerOnModeInit
                0x00400c3a        0x8 build_sf32lb52-lchspi-ulp_hcpu\lcpu\sifli_sdk\middleware\system\bf0_pm.o
                0x00400c3a                SystemPowerOnModeInit
 *fill*         0x00400c42        0x2 
 .text.SystemPowerOnModeGet
                0x00400c44        0xc build_sf32lb52-lchspi-ulp_hcpu\lcpu\sifli_sdk\middleware\system\bf0_pm.o
                0x00400c44                SystemPowerOnModeGet
 .text.sifli_standby_handler
                0x00400c50       0x4c build_sf32lb52-lchspi-ulp_hcpu\lcpu\sifli_sdk\middleware\system\bf0_pm.o
                0x00400c50                sifli_standby_handler
 .text.low_power_init
                0x00400c9c       0x4c build_sf32lb52-lchspi-ulp_hcpu\lcpu\sifli_sdk\middleware\system\bf0_pm.o
                0x00400c9c                low_power_init
 .text.sifli_shutdown_handler
                0x00400ce8        0x2 build_sf32lb52-lchspi-ulp_hcpu\lcpu\sifli_sdk\middleware\system\bf0_pm.o
                0x00400ce8                sifli_shutdown_handler
 *fill*         0x00400cea        0x2 
 .text.sifli_sleep
                0x00400cec       0xcc build_sf32lb52-lchspi-ulp_hcpu\lcpu\sifli_sdk\middleware\system\bf0_pm.o
 .text.pm_set_last_latch_tick
                0x00400db8        0xc build_sf32lb52-lchspi-ulp_hcpu\lcpu\sifli_sdk\middleware\system\bf0_pm.o
                0x00400db8                pm_set_last_latch_tick
 .text.AON_IRQHandler
                0x00400dc4       0x12 build_sf32lb52-lchspi-ulp_hcpu\lcpu\sifli_sdk\middleware\system\bf0_pm.o
                0x00400dc4                AON_IRQHandler
 .text.wdt_store_exception_information
                0x00400dd6        0x2 build_sf32lb52-lchspi-ulp_hcpu\lcpu\sifli_sdk\rtos\rtthread\bsp\sifli\drivers\drv_wdt.o
                0x00400dd6                wdt_store_exception_information
 .text.WDT_IRQHandler
                0x00400dd8       0x74 build_sf32lb52-lchspi-ulp_hcpu\lcpu\sifli_sdk\rtos\rtthread\bsp\sifli\drivers\drv_wdt.o
                0x00400dd8                WDT_IRQHandler
 .text.lcpu_thread_init_hook
                0x00400e4c       0x28 build_sf32lb52-lchspi-ulp_hcpu\lcpu\sifli_sdk\rtos\rtthread\bsp\sifli\drivers\drv_common.o
 .text.HAL_Delay
                0x00400e74       0x1e build_sf32lb52-lchspi-ulp_hcpu\lcpu\sifli_sdk\rtos\rtthread\bsp\sifli\drivers\drv_common.o
                0x00400e74                HAL_Delay
 .text.HAL_InitTick
                0x00400e92        0x4 build_sf32lb52-lchspi-ulp_hcpu\lcpu\sifli_sdk\rtos\rtthread\bsp\sifli\drivers\drv_common.o
                0x00400e92                HAL_InitTick
 *fill*         0x00400e96        0x2 
 .text.SysTick_Handler
                0x00400e98       0x58 build_sf32lb52-lchspi-ulp_hcpu\lcpu\sifli_sdk\rtos\rtthread\bsp\sifli\drivers\drv_common.o
                0x00400e98                SysTick_Handler
 .text.HAL_AssertFailed
                0x00400ef0       0x28 build_sf32lb52-lchspi-ulp_hcpu\lcpu\sifli_sdk\rtos\rtthread\bsp\sifli\drivers\drv_common.o
                0x00400ef0                HAL_AssertFailed
 .text.rt_hw_preboard_init
                0x00400f18        0x2 build_sf32lb52-lchspi-ulp_hcpu\lcpu\sifli_sdk\rtos\rtthread\bsp\sifli\drivers\drv_common.o
                0x00400f18                rt_hw_preboard_init
 *fill*         0x00400f1a        0x2 
 .text.rt_hw_board_init
                0x00400f1c       0x38 build_sf32lb52-lchspi-ulp_hcpu\lcpu\sifli_sdk\rtos\rtthread\bsp\sifli\drivers\drv_common.o
                0x00400f1c                rt_hw_board_init
 .text.rti_start
                0x00400f54        0x4 build_sf32lb52-lchspi-ulp_hcpu\lcpu\sifli_sdk\rtos\kernel\src\components.o
 .text.rti_board_start
                0x00400f58        0x4 build_sf32lb52-lchspi-ulp_hcpu\lcpu\sifli_sdk\rtos\kernel\src\components.o
 .text.rti_board_end
                0x00400f5c        0x4 build_sf32lb52-lchspi-ulp_hcpu\lcpu\sifli_sdk\rtos\kernel\src\components.o
 .text.rti_end  0x00400f60        0x4 build_sf32lb52-lchspi-ulp_hcpu\lcpu\sifli_sdk\rtos\kernel\src\components.o
 .text.rt_components_board_init
                0x00400f64       0x1c build_sf32lb52-lchspi-ulp_hcpu\lcpu\sifli_sdk\rtos\kernel\src\components.o
                0x00400f64                rt_components_board_init
 .text.rt_components_init
                0x00400f80       0x20 build_sf32lb52-lchspi-ulp_hcpu\lcpu\sifli_sdk\rtos\kernel\src\components.o
                0x00400f80                rt_components_init
 .text.main_thread_entry
                0x00400fa0       0x3c build_sf32lb52-lchspi-ulp_hcpu\lcpu\sifli_sdk\rtos\kernel\src\components.o
                0x00400fa0                main_thread_entry
 .text.pre_main
                0x00400fdc        0x2 build_sf32lb52-lchspi-ulp_hcpu\lcpu\sifli_sdk\rtos\kernel\src\components.o
                0x00400fdc                pre_main
 *fill*         0x00400fde        0x2 
 .text.rt_application_init
                0x00400fe0       0x44 build_sf32lb52-lchspi-ulp_hcpu\lcpu\sifli_sdk\rtos\kernel\src\components.o
                0x00400fe0                rt_application_init
 .text.rtthread_startup
                0x00401024       0x34 build_sf32lb52-lchspi-ulp_hcpu\lcpu\sifli_sdk\rtos\kernel\src\components.o
                0x00401024                rtthread_startup
 .text.entry    0x00401058        0xe build_sf32lb52-lchspi-ulp_hcpu\lcpu\sifli_sdk\rtos\kernel\src\components.o
                0x00401058                entry
 *fill*         0x00401066        0x2 
 .text.rt_thread_idle_entry
                0x00401068       0x24 build_sf32lb52-lchspi-ulp_hcpu\lcpu\sifli_sdk\rtos\kernel\src\idle.o
 .text.rt_thread_idle_init
                0x0040108c       0x3c build_sf32lb52-lchspi-ulp_hcpu\lcpu\sifli_sdk\rtos\kernel\src\idle.o
                0x0040108c                rt_thread_idle_init
 .text.rt_hw_set_stack_limit
                0x004010c8        0x2 build_sf32lb52-lchspi-ulp_hcpu\lcpu\sifli_sdk\rtos\kernel\src\thread.o
                0x004010c8                rt_hw_set_stack_limit
 *fill*         0x004010ca        0x2 
 .text          0x004010cc      0x1a8 build_sf32lb52-lchspi-ulp_hcpu\lcpu\sifli_sdk\rtos\kernel\libcpu\arm\cortex-m33\context_gcc.o
                0x00401218                rt_hw_fatal_error
 .text.memset   0x00401274       0x10 C:/Users/YBL/.sifli/tools/arm-none-eabi-gcc/14.2.1/bin/../lib/gcc/arm-none-eabi/14.2.1/thumb/v8-m.main/nofp\libc_nano.a(libc_a-memset.o)
                0x00401274                memset
 *(.rodata*)
 .rodata.HAL_MAILBOX_GetMutex.str1.1
                0x00401284      0x157 build_sf32lb52-lchspi-ulp_hcpu\lcpu\sifli_sdk\drivers\hal\bf0_hal_mailbox.o
                                 0x3f (size before relaxing)
 .rodata.HAL_PIN_SetMode.str1.1
                0x004013db       0x3e build_sf32lb52-lchspi-ulp_hcpu\lcpu\sifli_sdk\drivers\hal\bf0_hal_pinmux.o
 .rodata.HAL_PTC_Init.str1.1
                0x004013db       0x3b build_sf32lb52-lchspi-ulp_hcpu\lcpu\sifli_sdk\drivers\hal\bf0_hal_ptc.o
 .rodata.RCC_GetModuleMask.str1.1
                0x004013db       0x3b build_sf32lb52-lchspi-ulp_hcpu\lcpu\sifli_sdk\drivers\hal\bf0_hal_rcc.o
 *fill*         0x004013db        0x1 
 .rodata.g_ble_mac_pm_ops
                0x004013dc        0xc build_sf32lb52-lchspi-ulp_hcpu\lcpu\sifli_sdk\middleware\bluetooth\service\bluetooth.o
 .rodata.mbox_read.str1.1
                0x004013e8       0x13 build_sf32lb52-lchspi-ulp_hcpu\lcpu\sifli_sdk\middleware\bluetooth\service\internal\bluetooth_config.o
 .rodata.port_config.str1.1
                0x004013e8        0x3 build_sf32lb52-lchspi-ulp_hcpu\lcpu\sifli_sdk\middleware\bluetooth\service\internal\bluetooth_config.o
 .rodata.__FUNCTION__.0
                0x004013e8        0xc build_sf32lb52-lchspi-ulp_hcpu\lcpu\sifli_sdk\middleware\bluetooth\service\internal\bluetooth_config.o
 .rodata.__FUNCTION__.3
                0x004013f4        0xd build_sf32lb52-lchspi-ulp_hcpu\lcpu\sifli_sdk\middleware\bluetooth\service\internal\bluetooth_config.o
 .rodata.ptc_config.str1.1
                0x00401401        0x9 build_sf32lb52-lchspi-ulp_hcpu\lcpu\sifli_sdk\middleware\bluetooth\service\internal\bluetooth_misc.o
 .rodata.__FUNCTION__.0
                0x00401401        0xb build_sf32lb52-lchspi-ulp_hcpu\lcpu\sifli_sdk\middleware\bluetooth\service\internal\bluetooth_misc.o
 .rodata.hcpu2lcpu_notification_callback.str1.1
                0x0040140c       0x19 build_sf32lb52-lchspi-ulp_hcpu\lcpu\sifli_sdk\middleware\ipc_queue\porting\sf32lb52x\lcpu\ipc_hw_port.o
 .rodata.__FUNCTION__.0
                0x0040140c       0x20 build_sf32lb52-lchspi-ulp_hcpu\lcpu\sifli_sdk\middleware\ipc_queue\porting\sf32lb52x\lcpu\ipc_hw_port.o
 .rodata.DBG_Trigger_IRQHandler.str1.1
                0x0040142c        0x2 build_sf32lb52-lchspi-ulp_hcpu\lcpu\sifli_sdk\middleware\system\bf0_common.o
 .rodata.__FUNCTION__.1
                0x0040142c       0x17 build_sf32lb52-lchspi-ulp_hcpu\lcpu\sifli_sdk\middleware\system\bf0_common.o
 .rodata.str1.1
                0x00401443        0xe build_sf32lb52-lchspi-ulp_hcpu\lcpu\sifli_sdk\middleware\system\bf0_pm.o
 .rodata.sifli_sleep.str1.1
                0x00401443        0x4 build_sf32lb52-lchspi-ulp_hcpu\lcpu\sifli_sdk\middleware\system\bf0_pm.o
 .rodata.__FUNCTION__.2
                0x00401443        0xf build_sf32lb52-lchspi-ulp_hcpu\lcpu\sifli_sdk\middleware\system\bf0_pm.o
 *fill*         0x00401452        0x2 
 .rodata.sifli_pm_op
                0x00401454        0xc build_sf32lb52-lchspi-ulp_hcpu\lcpu\sifli_sdk\middleware\system\bf0_pm.o
                0x00401454                sifli_pm_op
 .rodata.pm_policy
                0x00401460        0x8 build_sf32lb52-lchspi-ulp_hcpu\lcpu\sifli_sdk\middleware\system\bf0_pm.o
                0x00401460                pm_policy
 .rodata.drv_get_timestamp.str1.1
                0x00401468        0x2 build_sf32lb52-lchspi-ulp_hcpu\lcpu\sifli_sdk\rtos\rtthread\bsp\sifli\drivers\drv_common.o
 .rodata.__FUNCTION__.0
                0x00401468       0x11 build_sf32lb52-lchspi-ulp_hcpu\lcpu\sifli_sdk\rtos\rtthread\bsp\sifli\drivers\drv_common.o
 .rodata.rt_application_init.str1.1
                0x00401479       0x14 build_sf32lb52-lchspi-ulp_hcpu\lcpu\sifli_sdk\rtos\kernel\src\components.o
 .rodata.__FUNCTION__.0
                0x00401479       0x14 build_sf32lb52-lchspi-ulp_hcpu\lcpu\sifli_sdk\rtos\kernel\src\components.o
 .rodata.rt_thread_idle_init.str1.1
                0x0040148d        0x6 build_sf32lb52-lchspi-ulp_hcpu\lcpu\sifli_sdk\rtos\kernel\src\idle.o
 *(.*l1_ret_text_*)
 *fill*         0x0040148d        0x3 
 .l1_ret_text_HAL_PIN_Restore
                0x00401490       0x3c build_sf32lb52-lchspi-ulp_hcpu\lcpu\sifli_sdk\drivers\hal\bf0_hal_pinmux.o
                0x00401490                HAL_PIN_Restore
 .l1_ret_text_sifli_pm_run
                0x004014cc        0x2 build_sf32lb52-lchspi-ulp_hcpu\lcpu\sifli_sdk\middleware\system\bf0_pm.o
                0x004014cc                sifli_pm_run
 .l1_ret_text_sifli_enter_idle
                0x004014ce        0x2 build_sf32lb52-lchspi-ulp_hcpu\lcpu\sifli_sdk\middleware\system\bf0_pm.o
 .l1_ret_text_pm_pin_retore
                0x004014d0       0x48 build_sf32lb52-lchspi-ulp_hcpu\lcpu\sifli_sdk\middleware\system\bf0_pm.o
                0x004014d0                pm_pin_restore
 .l1_ret_text_SystemPowerOnInitLCPU
                0x00401518       0x6c build_sf32lb52-lchspi-ulp_hcpu\lcpu\sifli_sdk\middleware\system\bf0_pm.o
                0x00401518                SystemPowerOnInitLCPU
 *(.*l1_ret_rodata_*)
 *(.init)
 .init          0x00401584        0x4 C:/Users/YBL/.sifli/tools/arm-none-eabi-gcc/14.2.1/bin/../lib/gcc/arm-none-eabi/14.2.1/thumb/v8-m.main/nofp/crti.o
                0x00401584                _init
 .init          0x00401588        0x8 C:/Users/YBL/.sifli/tools/arm-none-eabi-gcc/14.2.1/bin/../lib/gcc/arm-none-eabi/14.2.1/thumb/v8-m.main/nofp/crtn.o
 *(.fini)
 .fini          0x00401590        0x4 C:/Users/YBL/.sifli/tools/arm-none-eabi-gcc/14.2.1/bin/../lib/gcc/arm-none-eabi/14.2.1/thumb/v8-m.main/nofp/crti.o
                0x00401590                _fini
 .fini          0x00401594        0x8 C:/Users/YBL/.sifli/tools/arm-none-eabi-gcc/14.2.1/bin/../lib/gcc/arm-none-eabi/14.2.1/thumb/v8-m.main/nofp/crtn.o
                0x0040159c                        . = ALIGN (0x4)
                0x0040159c                        __fsymtab_start = .
 *(FSymTab)
                0x0040159c                        __fsymtab_end = .
                0x0040159c                        . = ALIGN (0x4)
                0x0040159c                        __vsymtab_start = .
 *(VSymTab)
                0x0040159c                        __vsymtab_end = .
                0x0040159c                        . = ALIGN (0x4)
                0x0040159c                        __rt_utest_tc_tab_start = .
 *(UtestTcTab)
                0x0040159c                        __rt_utest_tc_tab_end = .
                0x0040159c                        . = ALIGN (0x4)
                0x0040159c                        __rt_init_start = .
 *(SORT_BY_NAME(.rti_fn*))
 .rti_fn.00     0x0040159c        0x4 build_sf32lb52-lchspi-ulp_hcpu\lcpu\sifli_sdk\rtos\kernel\src\components.o
                0x0040159c                __rt_init_rti_start
 .rti_fn.00.end
                0x004015a0        0x4 build_sf32lb52-lchspi-ulp_hcpu\lcpu\sifli_sdk\rtos\kernel\src\components.o
                0x004015a0                __rt_init_rti_board_start
 .rti_fn.19.end
                0x004015a4        0x4 build_sf32lb52-lchspi-ulp_hcpu\lcpu\sifli_sdk\rtos\kernel\src\components.o
                0x004015a4                __rt_init_rti_board_end
 .rti_fn.45     0x004015a8        0x4 build_sf32lb52-lchspi-ulp_hcpu\lcpu\sifli_sdk\middleware\system\bf0_pm.o
                0x004015a8                __rt_init_low_power_init
 .rti_fn.45     0x004015ac        0x4 build_sf32lb52-lchspi-ulp_hcpu\lcpu\sifli_sdk\rtos\kernel\components\libc\compilers\newlib\libc.o
                0x004015ac                __rt_init_libc_system_init
 .rti_fn.65     0x004015b0        0x4 build_sf32lb52-lchspi-ulp_hcpu\lcpu\lcpu_general\test_ctrl.o
                0x004015b0                __rt_init_rc10k_cal_init
 .rti_fn.75     0x004015b4        0x8 build_sf32lb52-lchspi-ulp_hcpu\lcpu\sifli_sdk\middleware\audio\audio_bt_voice\bt_audiopath.o
                0x004015b4                __rt_init_sys_init_lh_bt_audio_queue
                0x004015b8                __rt_init_bt_audiopath_init
 .rti_fn.75     0x004015bc        0x4 build_sf32lb52-lchspi-ulp_hcpu\lcpu\sifli_sdk\middleware\bluetooth\service\bluetooth.o
                0x004015bc                __rt_init_bluetooth_init
 .rti_fn.75     0x004015c0        0x4 build_sf32lb52-lchspi-ulp_hcpu\lcpu\sifli_sdk\middleware\system\bf0_common.o
                0x004015c0                __rt_init_sys_init_debug_trigger
 .rti_fn.79.end
                0x004015c4        0x4 build_sf32lb52-lchspi-ulp_hcpu\lcpu\sifli_sdk\rtos\kernel\src\components.o
                0x004015c4                __rt_init_rti_end
                0x004015c8                        __rt_init_end = .
                0x004015c8                        . = ALIGN (0x4)
                0x004015c8                        __SerialTranExport_start__ = .
 *(SerialTranExport)
                0x004015c8                        __SerialTranExport_end__ = .
                0x004015c8                        . = ALIGN (0x4)
                0x004015c8                        __sifli_reg_start__ = .
 *(SORT_BY_NAME(.sifli_reg*))
                0x004015c8                        __sifli_reg_end__ = .
 *(.eh_frame*)
 .eh_frame      0x004015c8        0x0 C:/Users/YBL/.sifli/tools/arm-none-eabi-gcc/14.2.1/bin/../lib/gcc/arm-none-eabi/14.2.1/thumb/v8-m.main/nofp/crtbegin.o
 .eh_frame      0x004015c8        0x4 C:/Users/YBL/.sifli/tools/arm-none-eabi-gcc/14.2.1/bin/../lib/gcc/arm-none-eabi/14.2.1/thumb/v8-m.main/nofp/crtend.o
                0x004015cc                        _etext = ABSOLUTE (.)

.glue_7         0x004015cc        0x0
 .glue_7        0x004015cc        0x0 linker stubs

.glue_7t        0x004015cc        0x0
 .glue_7t       0x004015cc        0x0 linker stubs

.vfp11_veneer   0x004015cc        0x0
 .vfp11_veneer  0x004015cc        0x0 linker stubs

.v4_bx          0x004015cc        0x0
 .v4_bx         0x004015cc        0x0 linker stubs

.iplt           0x004015cc        0x0
 .iplt          0x004015cc        0x0 C:/Users/YBL/.sifli/tools/arm-none-eabi-gcc/14.2.1/bin/../lib/gcc/arm-none-eabi/14.2.1/thumb/v8-m.main/nofp/crtbegin.o

.ARM.extab
 *(.ARM.extab* .gnu.linkonce.armextab.*)
                0x004015cc                        __exidx_start = .

.ARM.exidx      0x004015cc       0x10
 *(.ARM.exidx* .gnu.linkonce.armexidx.*)
 .ARM.exidx     0x004015cc       0x10 build_sf32lb52-lchspi-ulp_hcpu\lcpu\sifli_sdk\drivers\cmsis\sf32lb52x\Templates\gcc\startup_bf0_lcpu.o
                                 0x18 (size before relaxing)
                0x004015dc                        __exidx_end = .

.rel.dyn        0x004015dc        0x0
 .rel.iplt      0x004015dc        0x0 C:/Users/YBL/.sifli/tools/arm-none-eabi-gcc/14.2.1/bin/../lib/gcc/arm-none-eabi/14.2.1/thumb/v8-m.main/nofp/crtbegin.o

.copy.table     0x004015dc        0x0
                0x004015dc                        . = ALIGN (0x4)
                0x004015dc                        __copy_table_start__ = .
                0x004015dc                        __copy_table_end__ = .

.zero.table     0x004015dc        0x8
                0x004015dc                        . = ALIGN (0x4)
                0x004015dc                        __zero_table_start__ = .
                0x004015dc        0x4 LONG 0x20401a20 __bss_start__
                0x004015e0        0x4 LONG 0x310 (__bss_end__ - __bss_start__)
                0x004015e4                        __zero_table_end__ = .
                0x004015e4                        __etext = ALIGN (0x4)

.data           0x204015e4       0x3c load address 0x004015e4
                0x204015e4                        _sdata = ABSOLUTE (.)
                0x204015e4                        __data_start__ = .
                0x204015e4                        __RW_IRAM1_start__ = .
 *(vtable)
 *(.data)
 *(.data.*)
 .data.SystemCoreClock
                0x204015e4        0x4 build_sf32lb52-lchspi-ulp_hcpu\lcpu\sifli_sdk\drivers\cmsis\sf32lb52x\Templates\system_bf0_ap.o
                0x204015e4                SystemCoreClock
 .data.g_lp_cycle_ex
                0x204015e8        0x1 build_sf32lb52-lchspi-ulp_hcpu\lcpu\sifli_sdk\drivers\hal\bf0_hal_lrc_cal.o
 *fill*         0x204015e9        0x3 
 .data.pt_cfo   0x204015ec        0x4 build_sf32lb52-lchspi-ulp_hcpu\lcpu\sifli_sdk\middleware\bluetooth\service\internal\bluetooth_misc.o
                0x204015ec                pt_cfo
 .data.h2l_rx_handle
                0x204015f0        0xc build_sf32lb52-lchspi-ulp_hcpu\lcpu\sifli_sdk\middleware\ipc_queue\porting\sf32lb52x\lcpu\ipc_hw_port.o
 .data.sifli_pm
                0x204015fc       0x1c build_sf32lb52-lchspi-ulp_hcpu\lcpu\sifli_sdk\middleware\system\bf0_pm.o
                0x204015fc                sifli_pm
 *(.l1_ret_data_*)
                0x20401618                        . = ALIGN (0x4)
                [!provide]                        PROVIDE (__preinit_array_start = .)
 *(.preinit_array)
                [!provide]                        PROVIDE (__preinit_array_end = .)
                0x20401618                        . = ALIGN (0x4)
                0x20401618                        _sinit = ABSOLUTE (.)
                [!provide]                        PROVIDE (__ctors_start__ = .)
                [!provide]                        PROVIDE (__init_array_start = .)
 *(SORT_BY_NAME(.ctors.*))
 *(.ctors)
 *(SORT_BY_NAME(.init_array.*))
 *(.init_array)
 .init_array    0x20401618        0x4 C:/Users/YBL/.sifli/tools/arm-none-eabi-gcc/14.2.1/bin/../lib/gcc/arm-none-eabi/14.2.1/thumb/v8-m.main/nofp/crtbegin.o
                0x2040161c                        _einit = ABSOLUTE (.)
                [!provide]                        PROVIDE (__init_array_end = .)
                [!provide]                        PROVIDE (__ctors_end__ = .)
                0x2040161c                        . = ALIGN (0x4)
                [!provide]                        PROVIDE (__dtors_start__ = .)
                [!provide]                        PROVIDE (__fini_array_start = .)
 *(SORT_BY_NAME(.dtors.*))
 *(.dtors)
 *(SORT_BY_NAME(.fini_array.*))
 *(.fini_array)
 .fini_array    0x2040161c        0x4 C:/Users/YBL/.sifli/tools/arm-none-eabi-gcc/14.2.1/bin/../lib/gcc/arm-none-eabi/14.2.1/thumb/v8-m.main/nofp/crtbegin.o
                [!provide]                        PROVIDE (__fini_array_end = .)
                [!provide]                        PROVIDE (__dtors_end__ = .)
 *(.jcr*)
                0x20401620                        . = ALIGN (0x4)
                0x20401620                        __data_end__ = .
                0x20401620                        __RW_IRAM1_end__ = .
                0x20401620                        _edata = ABSOLUTE (.)

.tm_clone_table
                0x20401620        0x0 load address 0x00401620
 .tm_clone_table
                0x20401620        0x0 C:/Users/YBL/.sifli/tools/arm-none-eabi-gcc/14.2.1/bin/../lib/gcc/arm-none-eabi/14.2.1/thumb/v8-m.main/nofp/crtbegin.o
 .tm_clone_table
                0x20401620        0x0 C:/Users/YBL/.sifli/tools/arm-none-eabi-gcc/14.2.1/bin/../lib/gcc/arm-none-eabi/14.2.1/thumb/v8-m.main/nofp/crtend.o

.igot.plt       0x20401620        0x0 load address 0x00401620
 .igot.plt      0x20401620        0x0 C:/Users/YBL/.sifli/tools/arm-none-eabi-gcc/14.2.1/bin/../lib/gcc/arm-none-eabi/14.2.1/thumb/v8-m.main/nofp/crtbegin.o

.stack          0x20401620      0x400 load address 0x00401620
                0x20401620                        . = ALIGN (0x8)
                0x20401620                        __StackLimit = .
                0x20401a20                        . = (. + __STACK_SIZE)
 *fill*         0x20401620      0x400 
                0x20401a20                        . = ALIGN (0x8)
                0x20401a20                        __StackTop = .
                0x20401a20                        PROVIDE (__stack = __StackTop)

.heap           0x20401a20        0x0 load address 0x00401620
                0x20401a20                        . = ALIGN (0x8)
                0x20401d30                        __end__ = .
                [!provide]                        PROVIDE (end = .)
                0x20401a20                        . = (. + __HEAP_SIZE)
                0x20401a20                        . = ALIGN (0x8)
                0x20401a20                        __HeapLimit = .

.bss            0x20401a20      0x310
                0x20401a20                        _sbss = ABSOLUTE (.)
                0x20401a20                        . = ALIGN (0x4)
                0x20401a20                        __bss_start__ = .
 *(.bss)
 *(.bss.*)
 .bss.completed.1
                0x20401a20        0x1 C:/Users/YBL/.sifli/tools/arm-none-eabi-gcc/14.2.1/bin/../lib/gcc/arm-none-eabi/14.2.1/thumb/v8-m.main/nofp/crtbegin.o
 *fill*         0x20401a21        0x3 
 .bss.object.0  0x20401a24       0x18 C:/Users/YBL/.sifli/tools/arm-none-eabi-gcc/14.2.1/bin/../lib/gcc/arm-none-eabi/14.2.1/thumb/v8-m.main/nofp/crtbegin.o
 .bss.g_pre_cnt
                0x20401a3c        0x4 build_sf32lb52-lchspi-ulp_hcpu\lcpu\lcpu_general\test_ctrl.o
 .bss.uwTick    0x20401a40        0x4 build_sf32lb52-lchspi-ulp_hcpu\lcpu\sifli_sdk\drivers\hal\bf0_hal.o
                0x20401a40                uwTick
 .bss.cur_ave.4
                0x20401a44        0x4 build_sf32lb52-lchspi-ulp_hcpu\lcpu\sifli_sdk\drivers\hal\bf0_hal_lrc_cal.o
 .bss.cur_backup.5
                0x20401a48        0x4 build_sf32lb52-lchspi-ulp_hcpu\lcpu\sifli_sdk\drivers\hal\bf0_hal_lrc_cal.o
 .bss.g_patch_handler
                0x20401a4c        0x4 build_sf32lb52-lchspi-ulp_hcpu\lcpu\sifli_sdk\middleware\bluetooth\service\bluetooth.o
                0x20401a4c                g_patch_handler
 .bss.g_ble_mac_dev
                0x20401a50       0x40 build_sf32lb52-lchspi-ulp_hcpu\lcpu\sifli_sdk\middleware\bluetooth\service\bluetooth.o
 .bss.PtcHandle
                0x20401a90       0x1c build_sf32lb52-lchspi-ulp_hcpu\lcpu\sifli_sdk\middleware\bluetooth\service\internal\bluetooth_misc.o
 .bss.retm_bss_pinmux_save_buf
                0x20401aac       0x18 build_sf32lb52-lchspi-ulp_hcpu\lcpu\sifli_sdk\middleware\system\bf0_pm.o
 .bss.retm_bss_gpio_save_buf
                0x20401ac4       0x38 build_sf32lb52-lchspi-ulp_hcpu\lcpu\sifli_sdk\middleware\system\bf0_pm.o
 .bss.pm_tick_cal
                0x20401afc       0x20 build_sf32lb52-lchspi-ulp_hcpu\lcpu\sifli_sdk\middleware\system\bf0_pm.o
 .bss.g_from_sdby
                0x20401b1c        0x4 build_sf32lb52-lchspi-ulp_hcpu\lcpu\sifli_sdk\middleware\system\bf0_pm.o
                0x20401b1c                g_from_sdby
 .bss.printed.0
                0x20401b20        0x4 build_sf32lb52-lchspi-ulp_hcpu\lcpu\sifli_sdk\rtos\rtthread\bsp\sifli\drivers\drv_wdt.o
 .bss.hwdt      0x20401b24        0xc build_sf32lb52-lchspi-ulp_hcpu\lcpu\sifli_sdk\rtos\rtthread\bsp\sifli\drivers\drv_wdt.o
 .bss.idle_thread_stack
                0x20401b30      0x200 build_sf32lb52-lchspi-ulp_hcpu\lcpu\sifli_sdk\rtos\kernel\src\idle.o
                0x20401b30                idle_thread_stack
 *(COMMON)
 *(.l1_ret_bss_*)
                0x20401d30                        . = ALIGN (0x4)
                0x20401d30                        __bss_end__ = .
                0x20401d30                        __bss_end = .
                0x20401d30                        _ebss = ABSOLUTE (.)
                0x20401d30                        __end__ = .
                [!provide]                        PROVIDE (end = .)
                0x00000001                        ASSERT (((LOADADDR (.data) | 0x20000000) == ADDR (.data)), not aligned)
OUTPUT(build_sf32lb52-lchspi-ulp_hcpu\lcpu\lcpu.elf elf32-littlearm)
LOAD linker stubs

.ARM.attributes
                0x00000000       0x30
 .ARM.attributes
                0x00000000       0x22 C:/Users/YBL/.sifli/tools/arm-none-eabi-gcc/14.2.1/bin/../lib/gcc/arm-none-eabi/14.2.1/thumb/v8-m.main/nofp/crti.o
 .ARM.attributes
                0x00000022       0x32 C:/Users/YBL/.sifli/tools/arm-none-eabi-gcc/14.2.1/bin/../lib/gcc/arm-none-eabi/14.2.1/thumb/v8-m.main/nofp/crtbegin.o
 .ARM.attributes
                0x00000054       0x32 build_sf32lb52-lchspi-ulp_hcpu\lcpu\lcpu_general\bf0_ap_hal_msp.o
 .ARM.attributes
                0x00000086       0x32 build_sf32lb52-lchspi-ulp_hcpu\lcpu\lcpu_general\board.o
 .ARM.attributes
                0x000000b8       0x32 build_sf32lb52-lchspi-ulp_hcpu\lcpu\lcpu_general\test_ctrl.o
 .ARM.attributes
                0x000000ea       0x32 build_sf32lb52-lchspi-ulp_hcpu\lcpu\sifli_sdk\customer\boards\sf32lb52-lchspi-ulp_base\bsp_init.o
 .ARM.attributes
                0x0000011c       0x32 build_sf32lb52-lchspi-ulp_hcpu\lcpu\sifli_sdk\drivers\cmsis\sf32lb52x\Templates\system_bf0_ap.o
 .ARM.attributes
                0x0000014e       0x20 build_sf32lb52-lchspi-ulp_hcpu\lcpu\sifli_sdk\drivers\cmsis\sf32lb52x\Templates\gcc\startup_bf0_lcpu.o
 .ARM.attributes
                0x0000016e       0x32 build_sf32lb52-lchspi-ulp_hcpu\lcpu\sifli_sdk\drivers\hal\bf0_hal.o
 .ARM.attributes
                0x000001a0       0x32 build_sf32lb52-lchspi-ulp_hcpu\lcpu\sifli_sdk\drivers\hal\bf0_hal_gpio.o
 .ARM.attributes
                0x000001d2       0x32 build_sf32lb52-lchspi-ulp_hcpu\lcpu\sifli_sdk\drivers\hal\bf0_hal_lrc_cal.o
 .ARM.attributes
                0x00000204       0x32 build_sf32lb52-lchspi-ulp_hcpu\lcpu\sifli_sdk\drivers\hal\bf0_hal_mailbox.o
 .ARM.attributes
                0x00000236       0x32 build_sf32lb52-lchspi-ulp_hcpu\lcpu\sifli_sdk\drivers\hal\bf0_hal_pinmux.o
 .ARM.attributes
                0x00000268       0x32 build_sf32lb52-lchspi-ulp_hcpu\lcpu\sifli_sdk\drivers\hal\bf0_hal_ptc.o
 .ARM.attributes
                0x0000029a       0x32 build_sf32lb52-lchspi-ulp_hcpu\lcpu\sifli_sdk\drivers\hal\bf0_hal_rcc.o
 .ARM.attributes
                0x000002cc       0x32 build_sf32lb52-lchspi-ulp_hcpu\lcpu\sifli_sdk\middleware\audio\audio_bt_voice\bt_audiopath.o
 .ARM.attributes
                0x000002fe       0x32 build_sf32lb52-lchspi-ulp_hcpu\lcpu\sifli_sdk\middleware\bluetooth\service\bluetooth.o
 .ARM.attributes
                0x00000330       0x32 build_sf32lb52-lchspi-ulp_hcpu\lcpu\sifli_sdk\middleware\bluetooth\service\internal\bluetooth_config.o
 .ARM.attributes
                0x00000362       0x32 build_sf32lb52-lchspi-ulp_hcpu\lcpu\sifli_sdk\middleware\bluetooth\service\internal\bluetooth_misc.o
 .ARM.attributes
                0x00000394       0x32 build_sf32lb52-lchspi-ulp_hcpu\lcpu\sifli_sdk\middleware\ipc_queue\porting\sf32lb52x\lcpu\ipc_hw_port.o
 .ARM.attributes
                0x000003c6       0x32 build_sf32lb52-lchspi-ulp_hcpu\lcpu\sifli_sdk\middleware\system\bf0_common.o
 .ARM.attributes
                0x000003f8       0x32 build_sf32lb52-lchspi-ulp_hcpu\lcpu\sifli_sdk\middleware\system\bf0_pm.o
 .ARM.attributes
                0x0000042a       0x32 build_sf32lb52-lchspi-ulp_hcpu\lcpu\sifli_sdk\rtos\rtthread\bsp\sifli\drivers\drv_wdt.o
 .ARM.attributes
                0x0000045c       0x32 build_sf32lb52-lchspi-ulp_hcpu\lcpu\sifli_sdk\rtos\rtthread\bsp\sifli\drivers\drv_common.o
 .ARM.attributes
                0x0000048e       0x32 build_sf32lb52-lchspi-ulp_hcpu\lcpu\sifli_sdk\rtos\kernel\src\components.o
 .ARM.attributes
                0x000004c0       0x32 build_sf32lb52-lchspi-ulp_hcpu\lcpu\sifli_sdk\rtos\kernel\src\idle.o
 .ARM.attributes
                0x000004f2       0x32 build_sf32lb52-lchspi-ulp_hcpu\lcpu\sifli_sdk\rtos\kernel\src\thread.o
 .ARM.attributes
                0x00000524       0x24 build_sf32lb52-lchspi-ulp_hcpu\lcpu\sifli_sdk\rtos\kernel\libcpu\arm\cortex-m33\context_gcc.o
 .ARM.attributes
                0x00000548       0x32 build_sf32lb52-lchspi-ulp_hcpu\lcpu\sifli_sdk\rtos\kernel\components\libc\compilers\newlib\libc.o
 .ARM.attributes
                0x0000057a       0x32 C:/Users/YBL/.sifli/tools/arm-none-eabi-gcc/14.2.1/bin/../lib/gcc/arm-none-eabi/14.2.1/thumb/v8-m.main/nofp\libc_nano.a(libc_a-memset.o)
 .ARM.attributes
                0x000005ac       0x32 C:/Users/YBL/.sifli/tools/arm-none-eabi-gcc/14.2.1/bin/../lib/gcc/arm-none-eabi/14.2.1/thumb/v8-m.main/nofp/crtend.o
 .ARM.attributes
                0x000005de       0x22 C:/Users/YBL/.sifli/tools/arm-none-eabi-gcc/14.2.1/bin/../lib/gcc/arm-none-eabi/14.2.1/thumb/v8-m.main/nofp/crtn.o

.comment        0x00000000       0x45
 .comment       0x00000000       0x45 build_sf32lb52-lchspi-ulp_hcpu\lcpu\lcpu_general\bf0_ap_hal_msp.o
                                 0x46 (size before relaxing)
 .comment       0x00000045       0x46 build_sf32lb52-lchspi-ulp_hcpu\lcpu\lcpu_general\board.o
 .comment       0x00000045       0x46 build_sf32lb52-lchspi-ulp_hcpu\lcpu\lcpu_general\test_ctrl.o
 .comment       0x00000045       0x46 build_sf32lb52-lchspi-ulp_hcpu\lcpu\sifli_sdk\customer\boards\sf32lb52-lchspi-ulp_base\bsp_init.o
 .comment       0x00000045       0x46 build_sf32lb52-lchspi-ulp_hcpu\lcpu\sifli_sdk\drivers\cmsis\sf32lb52x\Templates\system_bf0_ap.o
 .comment       0x00000045       0x46 build_sf32lb52-lchspi-ulp_hcpu\lcpu\sifli_sdk\drivers\hal\bf0_hal.o
 .comment       0x00000045       0x46 build_sf32lb52-lchspi-ulp_hcpu\lcpu\sifli_sdk\drivers\hal\bf0_hal_gpio.o
 .comment       0x00000045       0x46 build_sf32lb52-lchspi-ulp_hcpu\lcpu\sifli_sdk\drivers\hal\bf0_hal_lrc_cal.o
 .comment       0x00000045       0x46 build_sf32lb52-lchspi-ulp_hcpu\lcpu\sifli_sdk\drivers\hal\bf0_hal_mailbox.o
 .comment       0x00000045       0x46 build_sf32lb52-lchspi-ulp_hcpu\lcpu\sifli_sdk\drivers\hal\bf0_hal_pinmux.o
 .comment       0x00000045       0x46 build_sf32lb52-lchspi-ulp_hcpu\lcpu\sifli_sdk\drivers\hal\bf0_hal_ptc.o
 .comment       0x00000045       0x46 build_sf32lb52-lchspi-ulp_hcpu\lcpu\sifli_sdk\drivers\hal\bf0_hal_rcc.o
 .comment       0x00000045       0x46 build_sf32lb52-lchspi-ulp_hcpu\lcpu\sifli_sdk\middleware\audio\audio_bt_voice\bt_audiopath.o
 .comment       0x00000045       0x46 build_sf32lb52-lchspi-ulp_hcpu\lcpu\sifli_sdk\middleware\bluetooth\service\bluetooth.o
 .comment       0x00000045       0x46 build_sf32lb52-lchspi-ulp_hcpu\lcpu\sifli_sdk\middleware\bluetooth\service\internal\bluetooth_config.o
 .comment       0x00000045       0x46 build_sf32lb52-lchspi-ulp_hcpu\lcpu\sifli_sdk\middleware\bluetooth\service\internal\bluetooth_misc.o
 .comment       0x00000045       0x46 build_sf32lb52-lchspi-ulp_hcpu\lcpu\sifli_sdk\middleware\ipc_queue\porting\sf32lb52x\lcpu\ipc_hw_port.o
 .comment       0x00000045       0x46 build_sf32lb52-lchspi-ulp_hcpu\lcpu\sifli_sdk\middleware\system\bf0_common.o
 .comment       0x00000045       0x46 build_sf32lb52-lchspi-ulp_hcpu\lcpu\sifli_sdk\middleware\system\bf0_pm.o
 .comment       0x00000045       0x46 build_sf32lb52-lchspi-ulp_hcpu\lcpu\sifli_sdk\rtos\rtthread\bsp\sifli\drivers\drv_wdt.o
 .comment       0x00000045       0x46 build_sf32lb52-lchspi-ulp_hcpu\lcpu\sifli_sdk\rtos\rtthread\bsp\sifli\drivers\drv_common.o
 .comment       0x00000045       0x46 build_sf32lb52-lchspi-ulp_hcpu\lcpu\sifli_sdk\rtos\kernel\src\components.o