Archive member included to satisfy reference by file (symbol)

C:/Users/YBL/.sifli/tools/arm-none-eabi-gcc/14.2.1/bin/../lib/gcc/arm-none-eabi/14.2.1/thumb/v8-m.main+fp/hard\libgcc.a(_aeabi_uldivmod.o)
                              build_sf32lb52-lchspi-ulp_hcpu\bootloader\sifli_sdk\drivers\hal\bf0_hal_efuse.o (__aeabi_uldivmod)
C:/Users/YBL/.sifli/tools/arm-none-eabi-gcc/14.2.1/bin/../lib/gcc/arm-none-eabi/14.2.1/thumb/v8-m.main+fp/hard\libgcc.a(_udivmoddi4.o)
                              C:/Users/YBL/.sifli/tools/arm-none-eabi-gcc/14.2.1/bin/../lib/gcc/arm-none-eabi/14.2.1/thumb/v8-m.main+fp/hard\libgcc.a(_aeabi_uldivmod.o) (__udivmoddi4)
C:/Users/YBL/.sifli/tools/arm-none-eabi-gcc/14.2.1/bin/../lib/gcc/arm-none-eabi/14.2.1/thumb/v8-m.main+fp/hard\libgcc.a(_dvmd_tls.o)
                              C:/Users/YBL/.sifli/tools/arm-none-eabi-gcc/14.2.1/bin/../lib/gcc/arm-none-eabi/14.2.1/thumb/v8-m.main+fp/hard\libgcc.a(_aeabi_uldivmod.o) (__aeabi_ldiv0)
C:/Users/YBL/.sifli/tools/arm-none-eabi-gcc/14.2.1/bin/../lib/gcc/arm-none-eabi/14.2.1/thumb/v8-m.main+fp/hard\libg_nano.a(libc_a-calloc.o)
                              build_sf32lb52-lchspi-ulp_hcpu\bootloader\sifli_sdk\external\mbedtls\library\cipher_wrap.o (calloc)
C:/Users/YBL/.sifli/tools/arm-none-eabi-gcc/14.2.1/bin/../lib/gcc/arm-none-eabi/14.2.1/thumb/v8-m.main+fp/hard\libg_nano.a(libc_a-callocr.o)
                              C:/Users/YBL/.sifli/tools/arm-none-eabi-gcc/14.2.1/bin/../lib/gcc/arm-none-eabi/14.2.1/thumb/v8-m.main+fp/hard\libg_nano.a(libc_a-calloc.o) (_calloc_r)
C:/Users/YBL/.sifli/tools/arm-none-eabi-gcc/14.2.1/bin/../lib/gcc/arm-none-eabi/14.2.1/thumb/v8-m.main+fp/hard\libg_nano.a(libc_a-exit.o)
                              C:/Users/YBL/.sifli/tools/arm-none-eabi-gcc/14.2.1/bin/../lib/gcc/arm-none-eabi/14.2.1/thumb/v8-m.main+fp/hard/crt0.o (exit)
C:/Users/YBL/.sifli/tools/arm-none-eabi-gcc/14.2.1/bin/../lib/gcc/arm-none-eabi/14.2.1/thumb/v8-m.main+fp/hard\libg_nano.a(libc_a-malloc.o)
                              build_sf32lb52-lchspi-ulp_hcpu\bootloader\sifli_sdk\external\mbedtls\library\cipher_wrap.o (free)
C:/Users/YBL/.sifli/tools/arm-none-eabi-gcc/14.2.1/bin/../lib/gcc/arm-none-eabi/14.2.1/thumb/v8-m.main+fp/hard\libg_nano.a(libc_a-mallocr.o)
                              C:/Users/YBL/.sifli/tools/arm-none-eabi-gcc/14.2.1/bin/../lib/gcc/arm-none-eabi/14.2.1/thumb/v8-m.main+fp/hard\libg_nano.a(libc_a-callocr.o) (_malloc_r)
C:/Users/YBL/.sifli/tools/arm-none-eabi-gcc/14.2.1/bin/../lib/gcc/arm-none-eabi/14.2.1/thumb/v8-m.main+fp/hard\libg_nano.a(libc_a-mlock.o)
                              C:/Users/YBL/.sifli/tools/arm-none-eabi-gcc/14.2.1/bin/../lib/gcc/arm-none-eabi/14.2.1/thumb/v8-m.main+fp/hard\libg_nano.a(libc_a-mallocr.o) (__malloc_lock)
C:/Users/YBL/.sifli/tools/arm-none-eabi-gcc/14.2.1/bin/../lib/gcc/arm-none-eabi/14.2.1/thumb/v8-m.main+fp/hard\libg_nano.a(libc_a-fclose.o)
                              build_sf32lb52-lchspi-ulp_hcpu\bootloader\sifli_sdk\external\mbedtls\library\md.o (fclose)
C:/Users/YBL/.sifli/tools/arm-none-eabi-gcc/14.2.1/bin/../lib/gcc/arm-none-eabi/14.2.1/thumb/v8-m.main+fp/hard\libg_nano.a(libc_a-ferror.o)
                              build_sf32lb52-lchspi-ulp_hcpu\bootloader\sifli_sdk\external\mbedtls\library\md.o (ferror)
C:/Users/YBL/.sifli/tools/arm-none-eabi-gcc/14.2.1/bin/../lib/gcc/arm-none-eabi/14.2.1/thumb/v8-m.main+fp/hard\libg_nano.a(libc_a-fflush.o)
                              C:/Users/YBL/.sifli/tools/arm-none-eabi-gcc/14.2.1/bin/../lib/gcc/arm-none-eabi/14.2.1/thumb/v8-m.main+fp/hard\libg_nano.a(libc_a-fclose.o) (__sflush_r)
C:/Users/YBL/.sifli/tools/arm-none-eabi-gcc/14.2.1/bin/../lib/gcc/arm-none-eabi/14.2.1/thumb/v8-m.main+fp/hard\libg_nano.a(libc_a-fgets.o)
                              build_sf32lb52-lchspi-ulp_hcpu\bootloader\sifli_sdk\external\mbedtls\library\bignum.o (fgets)
C:/Users/YBL/.sifli/tools/arm-none-eabi-gcc/14.2.1/bin/../lib/gcc/arm-none-eabi/14.2.1/thumb/v8-m.main+fp/hard\libg_nano.a(libc_a-findfp.o)
                              C:/Users/YBL/.sifli/tools/arm-none-eabi-gcc/14.2.1/bin/../lib/gcc/arm-none-eabi/14.2.1/thumb/v8-m.main+fp/hard\libg_nano.a(libc_a-fflush.o) (__sglue)
C:/Users/YBL/.sifli/tools/arm-none-eabi-gcc/14.2.1/bin/../lib/gcc/arm-none-eabi/14.2.1/thumb/v8-m.main+fp/hard\libg_nano.a(libc_a-fopen.o)
                              build_sf32lb52-lchspi-ulp_hcpu\bootloader\sifli_sdk\external\mbedtls\library\md.o (fopen)
C:/Users/YBL/.sifli/tools/arm-none-eabi-gcc/14.2.1/bin/../lib/gcc/arm-none-eabi/14.2.1/thumb/v8-m.main+fp/hard\libg_nano.a(libc_a-fread.o)
                              build_sf32lb52-lchspi-ulp_hcpu\bootloader\sifli_sdk\external\mbedtls\library\md.o (fread)
C:/Users/YBL/.sifli/tools/arm-none-eabi-gcc/14.2.1/bin/../lib/gcc/arm-none-eabi/14.2.1/thumb/v8-m.main+fp/hard\libg_nano.a(libc_a-fseek.o)
[...]
Memory Configuration

Name             Origin             Length             Attributes
ROM              0x20020000         0x00010000         xr
RAM              0x20040000         0x00010000         rw
ROM_EX           0x2007fc00         0x00000000         rw
PSRAM            0x60000000         0x00800000         rw
ROM2             0x12000000         0x00400000         xr
ROM3             0x12400000         0x00c00000         xr
*default*        0x00000000         0xffffffff

Linker script and memory map

LOAD C:/Users/YBL/.sifli/tools/arm-none-eabi-gcc/14.2.1/bin/../lib/gcc/arm-none-eabi/14.2.1/thumb/v8-m.main+fp/hard/crti.o
LOAD C:/Users/YBL/.sifli/tools/arm-none-eabi-gcc/14.2.1/bin/../lib/gcc/arm-none-eabi/14.2.1/thumb/v8-m.main+fp/hard/crtbegin.o
LOAD C:/Users/YBL/.sifli/tools/arm-none-eabi-gcc/14.2.1/bin/../lib/gcc/arm-none-eabi/14.2.1/thumb/v8-m.main+fp/hard/crt0.o
LOAD build_sf32lb52-lchspi-ulp_hcpu\bootloader\board\bf0_ap_hal_msp.o
LOAD build_sf32lb52-lchspi-ulp_hcpu\bootloader\board\board.o
LOAD build_sf32lb52-lchspi-ulp_hcpu\bootloader\board\board_psram.o
LOAD build_sf32lb52-lchspi-ulp_hcpu\bootloader\board\boot_flash.o
LOAD build_sf32lb52-lchspi-ulp_hcpu\bootloader\board\efuse.o
LOAD build_sf32lb52-lchspi-ulp_hcpu\bootloader\board\main.o
LOAD build_sf32lb52-lchspi-ulp_hcpu\bootloader\board\sd_emmc_ops.o
LOAD build_sf32lb52-lchspi-ulp_hcpu\bootloader\board\sd_nand_drv.o
LOAD build_sf32lb52-lchspi-ulp_hcpu\bootloader\board\sd_nand_ops.o
LOAD build_sf32lb52-lchspi-ulp_hcpu\bootloader\board\secboot.o
LOAD build_sf32lb52-lchspi-ulp_hcpu\bootloader\sifli_sdk\customer\boards\common\bsp_common.o
LOAD build_sf32lb52-lchspi-ulp_hcpu\bootloader\sifli_sdk\customer\boards\common\flash.o
LOAD build_sf32lb52-lchspi-ulp_hcpu\bootloader\sifli_sdk\customer\boards\sf32lb52-lchspi-ulp_base\bsp_init.o
LOAD build_sf32lb52-lchspi-ulp_hcpu\bootloader\sifli_sdk\customer\boards\sf32lb52-lchspi-ulp_base\bsp_lcd_tp.o
LOAD build_sf32lb52-lchspi-ulp_hcpu\bootloader\sifli_sdk\customer\boards\sf32lb52-lchspi-ulp_base\bsp_pinmux.o
LOAD build_sf32lb52-lchspi-ulp_hcpu\bootloader\sifli_sdk\customer\boards\sf32lb52-lchspi-ulp_base\bsp_power.o
LOAD build_sf32lb52-lchspi-ulp_hcpu\bootloader\sifli_sdk\drivers\cmsis\sf32lb52x\bf0_pin_const.o
LOAD build_sf32lb52-lchspi-ulp_hcpu\bootloader\sifli_sdk\drivers\cmsis\sf32lb52x\Templates\system_bf0_ap.o
LOAD build_sf32lb52-lchspi-ulp_hcpu\bootloader\sifli_sdk\drivers\cmsis\sf32lb52x\lcpu_config_type.o
LOAD build_sf32lb52-lchspi-ulp_hcpu\bootloader\sifli_sdk\drivers\cmsis\sf32lb52x\Templates\gcc\startup_bf0_hcpu.o
LOAD build_sf32lb52-lchspi-ulp_hcpu\bootloader\sifli_sdk\drivers\hal\bf0_hal.o
LOAD build_sf32lb52-lchspi-ulp_hcpu\bootloader\sifli_sdk\drivers\hal\bf0_hal_adc.o
LOAD build_sf32lb52-lchspi-ulp_hcpu\bootloader\sifli_sdk\drivers\hal\bf0_hal_aes.o
LOAD build_sf32lb52-lchspi-ulp_hcpu\bootloader\sifli_sdk\drivers\hal\bf0_hal_aes_ns.o
LOAD build_sf32lb52-lchspi-ulp_hcpu\bootloader\sifli_sdk\drivers\hal\bf0_hal_audcodec_m.o
LOAD build_sf32lb52-lchspi-ulp_hcpu\bootloader\sifli_sdk\drivers\hal\bf0_hal_audprc.o
LOAD build_sf32lb52-lchspi-ulp_hcpu\bootloader\sifli_sdk\drivers\hal\bf0_hal_bleaon.o
LOAD build_sf32lb52-lchspi-ulp_hcpu\bootloader\sifli_sdk\drivers\hal\bf0_hal_busmon.o
LOAD build_sf32lb52-lchspi-ulp_hcpu\bootloader\sifli_sdk\drivers\hal\bf0_hal_cortex.o
LOAD build_sf32lb52-lchspi-ulp_hcpu\bootloader\sifli_sdk\drivers\hal\bf0_hal_crc.o
LOAD build_sf32lb52-lchspi-ulp_hcpu\bootloader\sifli_sdk\drivers\hal\bf0_hal_dma.o
LOAD build_sf32lb52-lchspi-ulp_hcpu\bootloader\sifli_sdk\drivers\hal\bf0_hal_dsi.o
LOAD build_sf32lb52-lchspi-ulp_hcpu\bootloader\sifli_sdk\drivers\hal\bf0_hal_efuse.o
LOAD build_sf32lb52-lchspi-ulp_hcpu\bootloader\sifli_sdk\drivers\hal\bf0_hal_epic.o
LOAD build_sf32lb52-lchspi-ulp_hcpu\bootloader\sifli_sdk\drivers\hal\bf0_hal_ext_dma.o
LOAD build_sf32lb52-lchspi-ulp_hcpu\bootloader\sifli_sdk\drivers\hal\bf0_hal_ezip.o
LOAD build_sf32lb52-lchspi-ulp_hcpu\bootloader\sifli_sdk\drivers\hal\bf0_hal_facc.o
LOAD build_sf32lb52-lchspi-ulp_hcpu\bootloader\sifli_sdk\drivers\hal\bf0_hal_fft.o
LOAD build_sf32lb52-lchspi-ulp_hcpu\bootloader\sifli_sdk\drivers\hal\bf0_hal_gpio.o
LOAD build_sf32lb52-lchspi-ulp_hcpu\bootloader\sifli_sdk\drivers\hal\bf0_hal_hcd.o
LOAD build_sf32lb52-lchspi-ulp_hcpu\bootloader\sifli_sdk\drivers\hal\bf0_hal_hlp.o
LOAD build_sf32lb52-lchspi-ulp_hcpu\bootloader\sifli_sdk\drivers\hal\bf0_hal_hpaon.o
LOAD build_sf32lb52-lchspi-ulp_hcpu\bootloader\sifli_sdk\drivers\hal\bf0_hal_i2c.o
LOAD build_sf32lb52-lchspi-ulp_hcpu\bootloader\sifli_sdk\drivers\hal\bf0_hal_i2s.o
LOAD build_sf32lb52-lchspi-ulp_hcpu\bootloader\sifli_sdk\drivers\hal\bf0_hal_lcdc.o
LOAD build_sf32lb52-lchspi-ulp_hcpu\bootloader\sifli_sdk\drivers\hal\bf0_hal_lcpu_config.o
LOAD build_sf32lb52-lchspi-ulp_hcpu\bootloader\sifli_sdk\drivers\hal\bf0_hal_lpaon.o
LOAD build_sf32lb52-lchspi-ulp_hcpu\bootloader\sifli_sdk\drivers\hal\bf0_hal_lpcomp.o
LOAD build_sf32lb52-lchspi-ulp_hcpu\bootloader\sifli_sdk\drivers\hal\bf0_hal_lptim.o
LOAD build_sf32lb52-lchspi-ulp_hcpu\bootloader\sifli_sdk\drivers\hal\bf0_hal_lrc_cal.o
LOAD build_sf32lb52-lchspi-ulp_hcpu\bootloader\sifli_sdk\drivers\hal\bf0_hal_mailbox.o
LOAD build_sf32lb52-lchspi-ulp_hcpu\bootloader\sifli_sdk\drivers\hal\bf0_hal_mpi.o
LOAD build_sf32lb52-lchspi-ulp_hcpu\bootloader\sifli_sdk\drivers\hal\bf0_hal_mpi_ex.o
LOAD build_sf32lb52-lchspi-ulp_hcpu\bootloader\sifli_sdk\drivers\hal\bf0_hal_mpi_psram.o
LOAD build_sf32lb52-lchspi-ulp_hcpu\bootloader\sifli_sdk\drivers\hal\bf0_hal_nn_acc.o
LOAD build_sf32lb52-lchspi-ulp_hcpu\bootloader\sifli_sdk\drivers\hal\bf0_hal_patch.o
LOAD build_sf32lb52-lchspi-ulp_hcpu\bootloader\sifli_sdk\drivers\hal\bf0_hal_pcd.o
LOAD build_sf32lb52-lchspi-ulp_hcpu\bootloader\sifli_sdk\drivers\hal\bf0_hal_pdm.o
LOAD build_sf32lb52-lchspi-ulp_hcpu\bootloader\sifli_sdk\drivers\hal\bf0_hal_pinmux.o
LOAD build_sf32lb52-lchspi-ulp_hcpu\bootloader\sifli_sdk\drivers\hal\bf0_hal_pmu.o
LOAD build_sf32lb52-lchspi-ulp_hcpu\bootloader\sifli_sdk\drivers\hal\bf0_hal_psram.o
LOAD build_sf32lb52-lchspi-ulp_hcpu\bootloader\sifli_sdk\drivers\hal\bf0_hal_ptc.o
LOAD build_sf32lb52-lchspi-ulp_hcpu\bootloader\sifli_sdk\drivers\hal\bf0_hal_rcc.o
LOAD build_sf32lb52-lchspi-ulp_hcpu\bootloader\sifli_sdk\drivers\hal\bf0_hal_rng.o
LOAD build_sf32lb52-lchspi-ulp_hcpu\bootloader\sifli_sdk\drivers\hal\bf0_hal_rtc.o
LOAD build_sf32lb52-lchspi-ulp_hcpu\bootloader\sifli_sdk\drivers\hal\bf0_hal_sd_ex.o
LOAD build_sf32lb52-lchspi-ulp_hcpu\bootloader\sifli_sdk\drivers\hal\bf0_hal_sdadc.o
LOAD build_sf32lb52-lchspi-ulp_hcpu\bootloader\sifli_sdk\drivers\hal\bf0_hal_sdhci.o
LOAD build_sf32lb52-lchspi-ulp_hcpu\bootloader\sifli_sdk\drivers\hal\bf0_hal_sdmmc.o
LOAD build_sf32lb52-lchspi-ulp_hcpu\bootloader\sifli_sdk\drivers\hal\bf0_hal_secu.o
LOAD build_sf32lb52-lchspi-ulp_hcpu\bootloader\sifli_sdk\drivers\hal\bf0_hal_spi.o
LOAD build_sf32lb52-lchspi-ulp_hcpu\bootloader\sifli_sdk\drivers\hal\bf0_hal_tim.o
LOAD build_sf32lb52-lchspi-ulp_hcpu\bootloader\sifli_sdk\drivers\hal\bf0_hal_tim_ex.o
LOAD build_sf32lb52-lchspi-ulp_hcpu\bootloader\sifli_sdk\drivers\hal\bf0_hal_tsen.o
LOAD build_sf32lb52-lchspi-ulp_hcpu\bootloader\sifli_sdk\drivers\hal\bf0_hal_uart.o
LOAD build_sf32lb52-lchspi-ulp_hcpu\bootloader\sifli_sdk\drivers\hal\bf0_hal_wdt.o
LOAD build_sf32lb52-lchspi-ulp_hcpu\bootloader\sifli_sdk\drivers\hal\bf0_sys_cfg.o
LOAD build_sf32lb52-lchspi-ulp_hcpu\bootloader\sifli_sdk\drivers\hal\flash_table.o
LOAD build_sf32lb52-lchspi-ulp_hcpu\bootloader\sifli_sdk\drivers\hal\nand_table.o
LOAD build_sf32lb52-lchspi-ulp_hcpu\bootloader\sifli_sdk\drivers\hal\sifli_bbm.o
LOAD build_sf32lb52-lchspi-ulp_hcpu\bootloader\sifli_sdk\external\mbedtls\library\aes.o
LOAD build_sf32lb52-lchspi-ulp_hcpu\bootloader\sifli_sdk\external\mbedtls\library\cipher.o
LOAD build_sf32lb52-lchspi-ulp_hcpu\bootloader\sifli_sdk\external\mbedtls\library\cipher_wrap.o
LOAD build_sf32lb52-lchspi-ulp_hcpu\bootloader\sifli_sdk\external\mbedtls\library\md.o
LOAD build_sf32lb52-lchspi-ulp_hcpu\bootloader\sifli_sdk\external\mbedtls\library\md_wrap.o
LOAD build_sf32lb52-lchspi-ulp_hcpu\bootloader\sifli_sdk\external\mbedtls\library\platform.o
LOAD build_sf32lb52-lchspi-ulp_hcpu\bootloader\sifli_sdk\external\mbedtls\library\sha256.o
LOAD build_sf32lb52-lchspi-ulp_hcpu\bootloader\sifli_sdk\external\mbedtls\library\sha512.o
LOAD build_sf32lb52-lchspi-ulp_hcpu\bootloader\sifli_sdk\external\mbedtls\library\asn1parse.o
LOAD build_sf32lb52-lchspi-ulp_hcpu\bootloader\sifli_sdk\external\mbedtls\library\bignum.o
LOAD build_sf32lb52-lchspi-ulp_hcpu\bootloader\sifli_sdk\external\mbedtls\library\oid.o
LOAD build_sf32lb52-lchspi-ulp_hcpu\bootloader\sifli_sdk\external\mbedtls\library\pk.o
LOAD build_sf32lb52-lchspi-ulp_hcpu\bootloader\sifli_sdk\external\mbedtls\library\pkparse.o
LOAD build_sf32lb52-lchspi-ulp_hcpu\bootloader\sifli_sdk\external\mbedtls\library\pk_wrap.o
LOAD build_sf32lb52-lchspi-ulp_hcpu\bootloader\sifli_sdk\external\mbedtls\library\rsa.o
LOAD build_sf32lb52-lchspi-ulp_hcpu\bootloader\sifli_sdk\external\mbedtls\library\sm2.o
LOAD build_sf32lb52-lchspi-ulp_hcpu\bootloader\sifli_sdk\external\mbedtls\library\sm3.o
LOAD build_sf32lb52-lchspi-ulp_hcpu\bootloader\sifli_sdk\external\mbedtls\library\ecp.o
LOAD build_sf32lb52-lchspi-ulp_hcpu\bootloader\sifli_sdk\external\mbedtls\library\ecp_curves.o
LOAD build_sf32lb52-lchspi-ulp_hcpu\bootloader\sifli_sdk\external\mbedtls\library\ctr_drbg.o
START GROUP
LOAD D:\xiaozhi_sf32\xiaozhi-sf32\sdk\drivers\hal_epic_ex\libhal_epic_ex_gcc.a
END GROUP
START GROUP
LOAD C:/Users/YBL/.sifli/tools/arm-none-eabi-gcc/14.2.1/bin/../lib/gcc/arm-none-eabi/14.2.1/thumb/v8-m.main+fp/hard\libgcc.a
LOAD C:/Users/YBL/.sifli/tools/arm-none-eabi-gcc/14.2.1/bin/../lib/gcc/arm-none-eabi/14.2.1/thumb/v8-m.main+fp/hard\libg_nano.a
LOAD C:/Users/YBL/.sifli/tools/arm-none-eabi-gcc/14.2.1/bin/../lib/gcc/arm-none-eabi/14.2.1/thumb/v8-m.main+fp/hard\libc_nano.a
END GROUP
START GROUP
LOAD C:/Users/YBL/.sifli/tools/arm-none-eabi-gcc/14.2.1/bin/../lib/gcc/arm-none-eabi/14.2.1/thumb/v8-m.main+fp/hard\libgcc.a
LOAD C:/Users/YBL/.sifli/tools/arm-none-eabi-gcc/14.2.1/bin/../lib/gcc/arm-none-eabi/14.2.1/thumb/v8-m.main+fp/hard\libc_nano.a
LOAD C:/Users/YBL/.sifli/tools/arm-none-eabi-gcc/14.2.1/bin/../lib/gcc/arm-none-eabi/14.2.1/thumb/v8-m.main+fp/hard\libnosys.a
END GROUP
START GROUP
LOAD C:/Users/YBL/.sifli/tools/arm-none-eabi-gcc/14.2.1/bin/../lib/gcc/arm-none-eabi/14.2.1/thumb/v8-m.main+fp/hard\libgcc.a
LOAD C:/Users/YBL/.sifli/tools/arm-none-eabi-gcc/14.2.1/bin/../lib/gcc/arm-none-eabi/14.2.1/thumb/v8-m.main+fp/hard\libc_nano.a
LOAD C:/Users/YBL/.sifli/tools/arm-none-eabi-gcc/14.2.1/bin/../lib/gcc/arm-none-eabi/14.2.1/thumb/v8-m.main+fp/hard\libnosys.a
END GROUP
LOAD C:/Users/YBL/.sifli/tools/arm-none-eabi-gcc/14.2.1/bin/../lib/gcc/arm-none-eabi/14.2.1/thumb/v8-m.main+fp/hard/crtend.o
LOAD C:/Users/YBL/.sifli/tools/arm-none-eabi-gcc/14.2.1/bin/../lib/gcc/arm-none-eabi/14.2.1/thumb/v8-m.main+fp/hard/crtn.o
                0x20020000                        __ROM_BASE = 0x20020000
                0x00010000                        __ROM_SIZE = 0x10000
                0x20040000                        __RAM_BASE = 0x20040000
                0x00010000                        __RAM_SIZE = 0x10000
                0x00002000                        __STACK_SIZE = 0x2000
                0x00000c00                        __HEAP_SIZE = 0xc00
                0x2007fc00                        __ROM_EX_BASE = 0x2007fc00
                0x00000000                        __ROM_EX_SIZE = 0x0
                0x60000000                        __PSRAM_BASE = 0x60000000
                0x00800000                        __PSRAM_SIZE = 0x800000
                0x12000000                        __ROM2_BASE = 0x12000000
                0x00400000                        __ROM2_SIZE = 0x400000
                0x12400000                        __ROM3_BASE = 0x12400000
                0x00c00000                        __ROM3_SIZE = 0xc00000

.vectors        0x20020000      0x204
                0x20020000                        _stext = ABSOLUTE (.)
 *(.vectors)
 .vectors       0x20020000      0x200 build_sf32lb52-lchspi-ulp_hcpu\bootloader\sifli_sdk\drivers\cmsis\sf32lb52x\Templates\gcc\startup_bf0_hcpu.o
                0x20020000                __Vectors
                0x20020200                __Vectors_End
                0x20020204                        . = (. + 0x4)
 *fill*         0x20020200        0x4 

.stack          0x20040000     0x2000
                0x20040000                        . = ALIGN (0x8)
                0x20040000                        __StackLimit = .
                0x20042000                        . = (. + __STACK_SIZE)
 *fill*         0x20040000     0x2000 
                0x20042000                        . = ALIGN (0x8)
                0x20042000                        __StackTop = .
                0x20042000                        PROVIDE (__stack = __StackTop)

.heap           0x20042000      0xc00
                0x20042000                        . = ALIGN (0x8)
                0x2004d154                        __end__ = .
                0x20042000                        PROVIDE (end = .)
                0x20042c00                        . = (. + __HEAP_SIZE)
 *fill*         0x20042000      0xc00 
                0x20042c00                        . = ALIGN (0x8)
                0x20042c00                        __HeapLimit = .

.text           0x20020208     0xc010
 *(.text*)
 .text.deregister_tm_clones
                0x20020208       0x1c C:/Users/YBL/.sifli/tools/arm-none-eabi-gcc/14.2.1/bin/../lib/gcc/arm-none-eabi/14.2.1/thumb/v8-m.main+fp/hard/crtbegin.o
 .text.register_tm_clones
                0x20020224       0x28 C:/Users/YBL/.sifli/tools/arm-none-eabi-gcc/14.2.1/bin/../lib/gcc/arm-none-eabi/14.2.1/thumb/v8-m.main+fp/hard/crtbegin.o
 .text.__do_global_dtors_aux
                0x2002024c       0x28 C:/Users/YBL/.sifli/tools/arm-none-eabi-gcc/14.2.1/bin/../lib/gcc/arm-none-eabi/14.2.1/thumb/v8-m.main+fp/hard/crtbegin.o
 .text.frame_dummy
                0x20020274       0x24 C:/Users/YBL/.sifli/tools/arm-none-eabi-gcc/14.2.1/bin/../lib/gcc/arm-none-eabi/14.2.1/thumb/v8-m.main+fp/hard/crtbegin.o
 .text.boot_uart_tx
                0x20020298       0x18 build_sf32lb52-lchspi-ulp_hcpu\bootloader\board\bf0_ap_hal_msp.o
                0x20020298                boot_uart_tx
 .text.boot_error
                0x200202b0       0x50 build_sf32lb52-lchspi-ulp_hcpu\bootloader\board\bf0_ap_hal_msp.o
                0x200202b0                boot_error
 .text.HAL_MspInit
                0x20020300        0xc build_sf32lb52-lchspi-ulp_hcpu\bootloader\board\bf0_ap_hal_msp.o
                0x20020300                HAL_MspInit
 .text.mpu_config
                0x2002030c        0x2 build_sf32lb52-lchspi-ulp_hcpu\bootloader\board\bf0_ap_hal_msp.o
                0x2002030c                mpu_config
 .text.cache_enable
                0x2002030e        0x2 build_sf32lb52-lchspi-ulp_hcpu\bootloader\board\bf0_ap_hal_msp.o
                0x2002030e                cache_enable
 .text.board_pinmux_mpi1_puya_base
                0x20020310       0x42 build_sf32lb52-lchspi-ulp_hcpu\bootloader\board\board.o
                0x20020310                board_pinmux_mpi1_puya_base
 .text.board_pinmux_mpi1_puya_ext
                0x20020352       0x5e build_sf32lb52-lchspi-ulp_hcpu\bootloader\board\board.o
                0x20020352                board_pinmux_mpi1_puya_ext
 .text.board_pinmux_mpi1_gd
                0x200203b0       0x86 build_sf32lb52-lchspi-ulp_hcpu\bootloader\board\board.o
                0x200203b0                board_pinmux_mpi1_gd
 .text.board_pinmux_mpi2
                0x20020436       0x4e build_sf32lb52-lchspi-ulp_hcpu\bootloader\board\board.o
                0x20020436                board_pinmux_mpi2
 .text.board_pinmux_sd
                0x20020484       0x60 build_sf32lb52-lchspi-ulp_hcpu\bootloader\board\board.o
                0x20020484                board_pinmux_sd
 .text.board_boot_from
                0x200204e4       0x3c build_sf32lb52-lchspi-ulp_hcpu\bootloader\board\board.o
                0x200204e4                board_boot_from
 .text.board_flash_power_on
                0x20020520        0x2 build_sf32lb52-lchspi-ulp_hcpu\bootloader\board\board.o
                0x20020520                board_flash_power_on
 .text.board_pinmux_psram_func0
                0x20020522       0x9a build_sf32lb52-lchspi-ulp_hcpu\bootloader\board\board_psram.o
                0x20020522                board_pinmux_psram_func0
 .text.board_pinmux_psram_func1_2_4
                0x200205bc       0xe4 build_sf32lb52-lchspi-ulp_hcpu\bootloader\board\board_psram.o
                0x200205bc                board_pinmux_psram_func1_2_4
 .text.board_pinmux_psram_func3
                0x200206a0       0x86 build_sf32lb52-lchspi-ulp_hcpu\bootloader\board\board_psram.o
                0x200206a0                board_pinmux_psram_func3
 .text.bootloader_switch_clock
                0x20020726        0x8 build_sf32lb52-lchspi-ulp_hcpu\bootloader\board\board_psram.o
                0x20020726                bootloader_switch_clock
 *fill*         0x2002072e        0x2 
 .text.boot_psram_init
                0x20020730      0x1b0 build_sf32lb52-lchspi-ulp_hcpu\bootloader\board\board_psram.o
                0x20020730                boot_psram_init
 .text.board_init_psram
                0x200208e0       0x5c build_sf32lb52-lchspi-ulp_hcpu\bootloader\board\board_psram.o
                0x200208e0                board_init_psram
 .text.erase_nor
                0x2002093c       0x5c build_sf32lb52-lchspi-ulp_hcpu\bootloader\board\boot_flash.o
 .text.write_nor
                0x20020998       0x8c build_sf32lb52-lchspi-ulp_hcpu\bootloader\board\boot_flash.o
 .text.read_nor
                0x20020a24       0x12 build_sf32lb52-lchspi-ulp_hcpu\bootloader\board\boot_flash.o
 *fill*         0x20020a36        0x2 
 .text.read_nand
                0x20020a38       0x80 build_sf32lb52-lchspi-ulp_hcpu\bootloader\board\boot_flash.o
 .text.read_sdnand
                0x20020ab8       0x68 build_sf32lb52-lchspi-ulp_hcpu\bootloader\board\boot_flash.o
 .text.read_sdemmc
                0x20020b20       0x68 build_sf32lb52-lchspi-ulp_hcpu\bootloader\board\boot_flash.o
 .text.port_read_page
                0x20020b88       0xc0 build_sf32lb52-lchspi-ulp_hcpu\bootloader\board\boot_flash.o
                0x20020b88                port_read_page
 .text.bbm_get_bb
                0x20020c48       0x84 build_sf32lb52-lchspi-ulp_hcpu\bootloader\board\boot_flash.o
                0x20020c48                bbm_get_bb
 .text.dfu_flash_init
                0x20020ccc      0x308 build_sf32lb52-lchspi-ulp_hcpu\bootloader\board\boot_flash.o
                0x20020ccc                dfu_flash_init
 .text.sifli_hw_efuse_read_bank
                0x20020fd4       0x2c build_sf32lb52-lchspi-ulp_hcpu\bootloader\board\efuse.o
                0x20020fd4                sifli_hw_efuse_read_bank
 .text.sifli_hw_efuse_read
                0x20021000       0x4c build_sf32lb52-lchspi-ulp_hcpu\bootloader\board\efuse.o
                0x20021000                sifli_hw_efuse_read
 .text.sifli_hw_init_xip_key
                0x2002104c       0x50 build_sf32lb52-lchspi-ulp_hcpu\bootloader\board\efuse.o
                0x2002104c                sifli_hw_init_xip_key
 .text.sifli_hw_dec_key
                0x2002109c       0x30 build_sf32lb52-lchspi-ulp_hcpu\bootloader\board\efuse.o
                0x2002109c                sifli_hw_dec_key
 .text.dfu_get_counter
                0x200210cc       0x30 build_sf32lb52-lchspi-ulp_hcpu\bootloader\board\efuse.o
                0x200210cc                dfu_get_counter
 .text.sifli_hw_dec
                0x200210fc       0x68 build_sf32lb52-lchspi-ulp_hcpu\bootloader\board\efuse.o
                0x200210fc                sifli_hw_dec
 .text.update_sec_flash
                0x20021164       0x30 build_sf32lb52-lchspi-ulp_hcpu\bootloader\board\main.o
 .text.boot_ram
                0x20021194       0x1c build_sf32lb52-lchspi-ulp_hcpu\bootloader\board\main.o
                0x20021194                boot_ram
 .text.is_addr_in_nor
                0x200211b0       0x2c build_sf32lb52-lchspi-ulp_hcpu\bootloader\board\main.o
                0x200211b0                is_addr_in_nor
 .text.dfu_boot_img_in_flash
                0x200211dc      0x198 build_sf32lb52-lchspi-ulp_hcpu\bootloader\board\main.o
                0x200211dc                dfu_boot_img_in_flash
 .text.boot_images_help
                0x20021374      0x128 build_sf32lb52-lchspi-ulp_hcpu\bootloader\board\main.o
                0x20021374                boot_images_help
 .text.hw_preinit0
                0x2002149c       0x4c build_sf32lb52-lchspi-ulp_hcpu\bootloader\board\main.o
                0x2002149c                hw_preinit0
 .text.entry    0x200214e8       0x5c build_sf32lb52-lchspi-ulp_hcpu\bootloader\board\main.o
                0x200214e8                entry
 .text.sdio_emmc_init
                0x20021544      0x24c build_sf32lb52-lchspi-ulp_hcpu\bootloader\board\sd_emmc_ops.o
                0x20021544                sdio_emmc_init
 .text.emmc_read_data
                0x20021790       0x8c build_sf32lb52-lchspi-ulp_hcpu\bootloader\board\sd_emmc_ops.o
                0x20021790                emmc_read_data
 .text.sd1_init
                0x2002181c       0x3c build_sf32lb52-lchspi-ulp_hcpu\bootloader\board\sd_nand_drv.o
                0x2002181c                sd1_init
 .text.sd1_wait_cmd
                0x20021858       0x28 build_sf32lb52-lchspi-ulp_hcpu\bootloader\board\sd_nand_drv.o
                0x20021858                sd1_wait_cmd
 .text.sd1_send_cmd
                0x20021880       0x40 build_sf32lb52-lchspi-ulp_hcpu\bootloader\board\sd_nand_drv.o
                0x20021880                sd1_send_cmd
 .text.sd1_send_acmd
                0x200218c0       0x3c build_sf32lb52-lchspi-ulp_hcpu\bootloader\board\sd_nand_drv.o
                0x200218c0                sd1_send_acmd
 .text.sd1_get_rsp
                0x200218fc       0x20 build_sf32lb52-lchspi-ulp_hcpu\bootloader\board\sd_nand_drv.o
                0x200218fc                sd1_get_rsp
 .text.sd1_read
                0x2002191c       0x20 build_sf32lb52-lchspi-ulp_hcpu\bootloader\board\sd_nand_drv.o
                0x2002191c                sd1_read
 .text.sd1_wait_read
                0x2002193c       0x28 build_sf32lb52-lchspi-ulp_hcpu\bootloader\board\sd_nand_drv.o
                0x2002193c                sd1_wait_read
 .text.sdmmc1_sdnand
                0x20021964      0x258 build_sf32lb52-lchspi-ulp_hcpu\bootloader\board\sd_nand_ops.o
                0x20021964                sdmmc1_sdnand
 .text.sd_read_data
                0x20021bbc       0x8c build_sf32lb52-lchspi-ulp_hcpu\bootloader\board\sd_nand_ops.o
                0x20021bbc                sd_read_data
 .text.sifli_hash_calculate
                0x20021c48       0x96 build_sf32lb52-lchspi-ulp_hcpu\bootloader\board\secboot.o
                0x20021c48                sifli_hash_calculate
 .text.sifli_hash_verify
                0x20021cde       0x48 build_sf32lb52-lchspi-ulp_hcpu\bootloader\board\secboot.o
                0x20021cde                sifli_hash_verify
 .text.sifli_sigkey_pub_verify
                0x20021d26       0x30 build_sf32lb52-lchspi-ulp_hcpu\bootloader\board\secboot.o
                0x20021d26                sifli_sigkey_pub_verify
 .text.sifli_img_sig_hash_verify
                0x20021d56       0x6a build_sf32lb52-lchspi-ulp_hcpu\bootloader\board\secboot.o
                0x20021d56                sifli_img_sig_hash_verify
 .text.sifli_secboot_exception
                0x20021dc0       0x34 build_sf32lb52-lchspi-ulp_hcpu\bootloader\board\secboot.o
                0x20021dc0                sifli_secboot_exception
 .text.BSP_GetFlash1DIV
                0x20021df4        0xc build_sf32lb52-lchspi-ulp_hcpu\bootloader\sifli_sdk\customer\boards\sf32lb52-lchspi-ulp_base\bsp_init.o
                0x20021df4                BSP_GetFlash1DIV
 .text.BSP_GetFlash2DIV
                0x20021e00        0xc build_sf32lb52-lchspi-ulp_hcpu\bootloader\sifli_sdk\customer\boards\sf32lb52-lchspi-ulp_base\bsp_init.o
                0x20021e00                BSP_GetFlash2DIV
 .text.BSP_SetFlash1DIV
                0x20021e0c        0xc build_sf32lb52-lchspi-ulp_hcpu\bootloader\sifli_sdk\customer\boards\sf32lb52-lchspi-ulp_base\bsp_init.o
                0x20021e0c                BSP_SetFlash1DIV
 .text.BSP_SetFlash2DIV
                0x20021e18        0xc build_sf32lb52-lchspi-ulp_hcpu\bootloader\sifli_sdk\customer\boards\sf32lb52-lchspi-ulp_base\bsp_init.o
                0x20021e18                BSP_SetFlash2DIV
 .text.boot_images
                0x20021e24        0x2 build_sf32lb52-lchspi-ulp_hcpu\bootloader\sifli_sdk\drivers\cmsis\sf32lb52x\Templates\system_bf0_ap.o
                0x20021e24                boot_images
 .text.SystemPowerOnModeInit
                0x20021e26        0x2 build_sf32lb52-lchspi-ulp_hcpu\bootloader\sifli_sdk\drivers\cmsis\sf32lb52x\Templates\system_bf0_ap.o
                0x20021e26                SystemPowerOnModeInit
 .text.SystemInit
                0x20021e28       0x58 build_sf32lb52-lchspi-ulp_hcpu\bootloader\sifli_sdk\drivers\cmsis\sf32lb52x\Templates\system_bf0_ap.o
                0x20021e28                SystemInit
 .text          0x20021e80       0x64 build_sf32lb52-lchspi-ulp_hcpu\bootloader\sifli_sdk\drivers\cmsis\sf32lb52x\Templates\gcc\startup_bf0_hcpu.o
                0x20021e80                Reset_Handler
                0x20021ec8                HardFault_Handler
                0x20021eca                DebugMon_Handler
                0x20021eca                DMAC1_CH8_IRQHandler
                0x20021eca                PTC2_IRQHandler
                0x20021eca                PMUC_IRQHandler
                0x20021eca                DMAC1_CH7_IRQHandler
                0x20021eca                DMAC2_CH4_IRQHandler
                0x20021eca                SysTick_Handler
                0x20021eca                GPTIM1_IRQHandler
                0x20021eca                DMAC2_CH6_IRQHandler
                0x20021eca                PendSV_Handler
                0x20021eca                BTIM1_IRQHandler
                0x20021eca                LCDC1_IRQHandler
                0x20021eca                I2C1_IRQHandler
                0x20021eca                DMAC2_CH2_IRQHandler
                0x20021eca                LPTIM2_IRQHandler
                0x20021eca                Interrupt35_IRQHandler
                0x20021eca                PDM1_IRQHandler
                0x20021eca                EXTDMA_IRQHandler
                0x20021eca                AON_IRQHandler
                0x20021eca                Interrupt80_IRQHandler
                0x20021eca                LPTIM3_IRQHandler
                0x20021eca                Interrupt31_IRQHandler
                0x20021eca                DMAC2_CH7_IRQHandler
                0x20021eca                UsageFault_Handler
                0x20021eca                DMAC1_CH6_IRQHandler
                0x20021eca                TSEN_IRQHandler
                0x20021eca                SPI1_IRQHandler
                0x20021eca                USART5_IRQHandler
                0x20021eca                GPIO1_IRQHandler
                0x20021eca                ATIM1_IRQHandler
                0x20021eca                EPIC_IRQHandler
                0x20021eca                I2C4_IRQHandler
                0x20021eca                Interrupt30_IRQHandler
                0x20021eca                Interrupt88_IRQHandler
                0x20021eca                SECU2_IRQHandler
                0x20021eca                I2C2_IRQHandler
                0x20021eca                USART3_IRQHandler
                0x20021eca                RTC_IRQHandler
                0x20021eca                AUD_HP_IRQHandler
                0x20021eca                BTIM2_IRQHandler
                0x20021eca                GPADC_IRQHandler
                0x20021eca                USART4_IRQHandler
                0x20021eca                Interrupt81_IRQHandler
                0x20021eca                DMAC1_CH3_IRQHandler
                0x20021eca                GPIO2_IRQHandler
                0x20021eca                SecureFault_Handler
                0x20021eca                EZIP_IRQHandler
                0x20021eca                Interrupt26_IRQHandler
                0x20021eca                Default_Handler
                0x20021eca                Interrupt32_IRQHandler
                0x20021eca                I2S1_IRQHandler
                0x20021eca                QSPI1_IRQHandler
                0x20021eca                LCPU2HCPU_IRQHandler
                0x20021eca                Interrupt43_IRQHandler
                0x20021eca                EFUSEC_IRQHandler
                0x20021eca                SECU1_IRQHandler
                0x20021eca                Interrupt42_IRQHandler
                0x20021eca                Interrupt29_IRQHandler
                0x20021eca                Interrupt97_IRQHandler
                0x20021eca                BTIM4_IRQHandler
                0x20021eca                DMAC1_CH2_IRQHandler
                0x20021eca                Interrupt40_IRQHandler
                0x20021eca                PATCH_IRQHandler
                0x20021eca                SDMMC1_IRQHandler
                0x20021eca                Interrupt25_IRQHandler
                0x20021eca                I2C3_IRQHandler
                0x20021eca                Interrupt27_IRQHandler
                0x20021eca                Interrupt34_IRQHandler
                0x20021eca                SPI2_IRQHandler
                0x20021eca                MemManage_Handler
                0x20021eca                Interrupt83_IRQHandler
                0x20021eca                SVC_Handler
                0x20021eca                HPSYS1_IRQHandler
                0x20021eca                Interrupt44_IRQHandler
                0x20021eca                USBC_IRQHandler
                0x20021eca                DMAC2_CH1_IRQHandler
                0x20021eca                Interrupt33_IRQHandler
                0x20021eca                QSPI2_IRQHandler
                0x20021eca                DMAC1_CH1_IRQHandler
                0x20021eca                bt_isr
                0x20021eca                PTC1_IRQHandler
                0x20021eca                HPSYS0_IRQHandler
                0x20021eca                DMAC2_CH8_IRQHandler
                0x20021eca                BTIM3_IRQHandler
                0x20021eca                Interrupt45_IRQHandler
                0x20021eca                Interrupt38_IRQHandler
                0x20021eca                ble_isr
                0x20021eca                dm_isr
                0x20021eca                Interrupt41_IRQHandler
                0x20021eca                Interrupt36_IRQHandler
                0x20021eca                AES_IRQHandler
                0x20021eca                USART2_IRQHandler
                0x20021eca                Interrupt28_IRQHandler
                0x20021eca                GPTIM2_IRQHandler
                0x20021eca                Interrupt87_IRQHandler
                0x20021eca                AUDPRC_IRQHandler
                0x20021eca                DMAC1_CH4_IRQHandler
                0x20021eca                DMAC1_CH5_IRQHandler
                0x20021eca                DMAC2_CH5_IRQHandler
                0x20021eca                BusFault_Handler
                0x20021eca                USART1_IRQHandler
                0x20021eca                Interrupt37_IRQHandler
                0x20021eca                LPTIM1_IRQHandler
                0x20021eca                DMAC2_CH3_IRQHandler
                0x20021eca                TRNG_IRQHandler
                0x20021eca                Interrupt24_IRQHandler
                0x20021eca                Interrupt23_IRQHandler
                0x20021eca                Interrupt39_IRQHandler
 .text.__aeabi_unwind_cpp_pr0
                0x20021ee4        0x4 build_sf32lb52-lchspi-ulp_hcpu\bootloader\sifli_sdk\drivers\hal\bf0_hal.o
                0x20021ee4                __aeabi_unwind_cpp_pr0
 .text.HAL_GetTick
                0x20021ee8        0xc build_sf32lb52-lchspi-ulp_hcpu\bootloader\sifli_sdk\drivers\hal\bf0_hal.o
                0x20021ee8                HAL_GetTick
 .text.HAL_Delay_us_
                0x20021ef4       0x80 build_sf32lb52-lchspi-ulp_hcpu\bootloader\sifli_sdk\drivers\hal\bf0_hal.o
                0x20021ef4                HAL_Delay_us_
 .text.HAL_Delay_us2_
                0x20021f74       0x3e build_sf32lb52-lchspi-ulp_hcpu\bootloader\sifli_sdk\drivers\hal\bf0_hal.o
                0x20021f74                HAL_Delay_us2_
 .text.HAL_Delay_us
                0x20021fb2       0x42 build_sf32lb52-lchspi-ulp_hcpu\bootloader\sifli_sdk\drivers\hal\bf0_hal.o
                0x20021fb2                HAL_Delay_us
 .text.WDT_IRQHandler
                0x20021ff4        0x2 build_sf32lb52-lchspi-ulp_hcpu\bootloader\sifli_sdk\drivers\hal\bf0_hal.o
                0x20021ff4                WDT_IRQHandler
 .text.DBG_Trigger_IRQHandler
                0x20021ff6        0x2 build_sf32lb52-lchspi-ulp_hcpu\bootloader\sifli_sdk\drivers\hal\bf0_hal.o
                0x20021ff6                DBG_Trigger_IRQHandler
 .text.NMI_Handler
                0x20021ff8       0x1c build_sf32lb52-lchspi-ulp_hcpu\bootloader\sifli_sdk\drivers\hal\bf0_hal.o
                0x20021ff8                NMI_Handler
 .text.HAL_AES_run_help
                0x20022014       0x48 build_sf32lb52-lchspi-ulp_hcpu\bootloader\sifli_sdk\drivers\hal\bf0_hal_aes.o
 .text.HAL_HASH_run_help.isra.0
                0x2002205c       0x38 build_sf32lb52-lchspi-ulp_hcpu\bootloader\sifli_sdk\drivers\hal\bf0_hal_aes.o
 .text.HAL_AES_reset
                0x20022094       0x10 build_sf32lb52-lchspi-ulp_hcpu\bootloader\sifli_sdk\drivers\hal\bf0_hal_aes.o
                0x20022094                HAL_AES_reset
 .text.HAL_AES_init
                0x200220a4       0x88 build_sf32lb52-lchspi-ulp_hcpu\bootloader\sifli_sdk\drivers\hal\bf0_hal_aes.o
                0x200220a4                HAL_AES_init
 .text.HAL_AES_run
                0x2002212c       0x70 build_sf32lb52-lchspi-ulp_hcpu\bootloader\sifli_sdk\drivers\hal\bf0_hal_aes.o
                0x2002212c                HAL_AES_run
 .text.HAL_HASH_run
                0x2002219c       0x3c build_sf32lb52-lchspi-ulp_hcpu\bootloader\sifli_sdk\drivers\hal\bf0_hal_aes.o
                0x2002219c                HAL_HASH_run
 .text.HAL_HASH_reset
                0x200221d8       0x10 build_sf32lb52-lchspi-ulp_hcpu\bootloader\sifli_sdk\drivers\hal\bf0_hal_aes.o
                0x200221d8                HAL_HASH_reset
 .text.HAL_HASH_init
                0x200221e8       0x5c build_sf32lb52-lchspi-ulp_hcpu\bootloader\sifli_sdk\drivers\hal\bf0_hal_aes.o
                0x200221e8                HAL_HASH_init
 .text.HAL_HASH_result
                0x20022244       0x30 build_sf32lb52-lchspi-ulp_hcpu\bootloader\sifli_sdk\drivers\hal\bf0_hal_aes.o
                0x20022244                HAL_HASH_result
 .text.HAL_NVIC_EnableIRQ
                0x20022274       0x1c build_sf32lb52-lchspi-ulp_hcpu\bootloader\sifli_sdk\drivers\hal\bf0_hal_cortex.o
                0x20022274                HAL_NVIC_EnableIRQ
 .text.HAL_NVIC_DisableIRQ
                0x20022290       0x28 build_sf32lb52-lchspi-ulp_hcpu\bootloader\sifli_sdk\drivers\hal\bf0_hal_cortex.o
                0x20022290                HAL_NVIC_DisableIRQ
 .text.DMA_Init
                0x200222b8      0x114 build_sf32lb52-lchspi-ulp_hcpu\bootloader\sifli_sdk\drivers\hal\bf0_hal_dma.o
 .text.DMA_AllocChannel
                0x200223cc       0xd4 build_sf32lb52-lchspi-ulp_hcpu\bootloader\sifli_sdk\drivers\hal\bf0_hal_dma.o
 .text.DMA_FreeChannel.isra.0
                0x200224a0       0x60 build_sf32lb52-lchspi-ulp_hcpu\bootloader\sifli_sdk\drivers\hal\bf0_hal_dma.o
 .text.HAL_DMA_Init
                0x20022500       0xc8 build_sf32lb52-lchspi-ulp_hcpu\bootloader\sifli_sdk\drivers\hal\bf0_hal_dma.o
                0x20022500                HAL_DMA_Init
 .text.HAL_DMA_DeInit
                0x200225c8       0xc0 build_sf32lb52-lchspi-ulp_hcpu\bootloader\sifli_sdk\drivers\hal\bf0_hal_dma.o
                0x200225c8                HAL_DMA_DeInit
 .text.HAL_DMA_PollForTransfer
                0x20022688       0xe0 build_sf32lb52-lchspi-ulp_hcpu\bootloader\sifli_sdk\drivers\hal\bf0_hal_dma.o
                0x20022688                HAL_DMA_PollForTransfer
 .text.DMA_Remap
                0x20022768       0x60 build_sf32lb52-lchspi-ulp_hcpu\bootloader\sifli_sdk\drivers\hal\bf0_hal_dma.o
                0x20022768                DMA_Remap
 .text.DMA_Start
                0x200227c8       0xbc build_sf32lb52-lchspi-ulp_hcpu\bootloader\sifli_sdk\drivers\hal\bf0_hal_dma.o
 .text.HAL_DMA_Start
                0x20022884       0x7c build_sf32lb52-lchspi-ulp_hcpu\bootloader\sifli_sdk\drivers\hal\bf0_hal_dma.o
                0x20022884                HAL_DMA_Start
 .text.HAL_EFUSE_Read
                0x20022900       0xcc build_sf32lb52-lchspi-ulp_hcpu\bootloader\sifli_sdk\drivers\hal\bf0_hal_efuse.o
                0x20022900                HAL_EFUSE_Read
 .text.HAL_DBG_printf
                0x200229cc        0x6 build_sf32lb52-lchspi-ulp_hcpu\bootloader\sifli_sdk\drivers\hal\bf0_hal_hlp.o
                0x200229cc                HAL_DBG_printf
 *fill*         0x200229d2        0x2 
 .text.HAL_HPAON_WakeCore
                0x200229d4       0x54 build_sf32lb52-lchspi-ulp_hcpu\bootloader\sifli_sdk\drivers\hal\bf0_hal_hpaon.o
                0x200229d4                HAL_HPAON_WakeCore
 .text.HAL_HPAON_EnableXT48
                0x20022a28       0x18 build_sf32lb52-lchspi-ulp_hcpu\bootloader\sifli_sdk\drivers\hal\bf0_hal_hpaon.o
                0x20022a28                HAL_HPAON_EnableXT48
 .text.HAL_HPAON_DisableXT48
                0x20022a40       0x10 build_sf32lb52-lchspi-ulp_hcpu\bootloader\sifli_sdk\drivers\hal\bf0_hal_hpaon.o
                0x20022a40                HAL_HPAON_DisableXT48
 .text.HAL_QSPI_Init
                0x20022a50       0x42 build_sf32lb52-lchspi-ulp_hcpu\bootloader\sifli_sdk\drivers\hal\bf0_hal_mpi.o
                0x20022a50                HAL_QSPI_Init
 .text.HAL_FLASH_SET_AHB_RCMD
                0x20022a92       0x16 build_sf32lb52-lchspi-ulp_hcpu\bootloader\sifli_sdk\drivers\hal\bf0_hal_mpi.o
                0x20022a92                HAL_FLASH_SET_AHB_RCMD
 .text.HAL_FLASH_CFG_AHB_RCMD
                0x20022aa8       0x3a build_sf32lb52-lchspi-ulp_hcpu\bootloader\sifli_sdk\drivers\hal\bf0_hal_mpi.o
                0x20022aa8                HAL_FLASH_CFG_AHB_RCMD
 .text.HAL_FLASH_SET_AHB_WCMD
                0x20022ae2       0x18 build_sf32lb52-lchspi-ulp_hcpu\bootloader\sifli_sdk\drivers\hal\bf0_hal_mpi.o
                0x20022ae2                HAL_FLASH_SET_AHB_WCMD
 .text.HAL_FLASH_CFG_AHB_WCMD
                0x20022afa       0x3a build_sf32lb52-lchspi-ulp_hcpu\bootloader\sifli_sdk\drivers\hal\bf0_hal_mpi.o
                0x20022afa                HAL_FLASH_CFG_AHB_WCMD
 .text.HAL_FLASH_WRITE_WORD
                0x20022b34        0xe build_sf32lb52-lchspi-ulp_hcpu\bootloader\sifli_sdk\drivers\hal\bf0_hal_mpi.o
                0x20022b34                HAL_FLASH_WRITE_WORD
 .text.HAL_FLASH_WRITE_DLEN
                0x20022b42       0x14 build_sf32lb52-lchspi-ulp_hcpu\bootloader\sifli_sdk\drivers\hal\bf0_hal_mpi.o
                0x20022b42                HAL_FLASH_WRITE_DLEN
 .text.HAL_FLASH_WRITE_DLEN2
                0x20022b56       0x14 build_sf32lb52-lchspi-ulp_hcpu\bootloader\sifli_sdk\drivers\hal\bf0_hal_mpi.o
                0x20022b56                HAL_FLASH_WRITE_DLEN2
 .text.HAL_FLASH_WRITE_ABYTE
                0x20022b6a        0x8 build_sf32lb52-lchspi-ulp_hcpu\bootloader\sifli_sdk\drivers\hal\bf0_hal_mpi.o
                0x20022b6a                HAL_FLASH_WRITE_ABYTE
 .text.HAL_FLASH_IS_CMD_DONE
                0x20022b72        0xc build_sf32lb52-lchspi-ulp_hcpu\bootloader\sifli_sdk\drivers\hal\bf0_hal_mpi.o
                0x20022b72                HAL_FLASH_IS_CMD_DONE
 .text.HAL_FLASH_CLR_CMD_DONE
                0x20022b7e        0xe build_sf32lb52-lchspi-ulp_hcpu\bootloader\sifli_sdk\drivers\hal\bf0_hal_mpi.o
                0x20022b7e                HAL_FLASH_CLR_CMD_DONE
 .text.HAL_FLASH_SET_CMD
                0x20022b8c       0x38 build_sf32lb52-lchspi-ulp_hcpu\bootloader\sifli_sdk\drivers\hal\bf0_hal_mpi.o
                0x20022b8c                HAL_FLASH_SET_CMD
 .text.HAL_FLASH_CLR_STATUS
                0x20022bc4        0xc build_sf32lb52-lchspi-ulp_hcpu\bootloader\sifli_sdk\drivers\hal\bf0_hal_mpi.o
                0x20022bc4                HAL_FLASH_CLR_STATUS
 .text.HAL_FLASH_STATUS_MATCH
                0x20022bd0        0xc build_sf32lb52-lchspi-ulp_hcpu\bootloader\sifli_sdk\drivers\hal\bf0_hal_mpi.o
                0x20022bd0                HAL_FLASH_STATUS_MATCH
 .text.HAL_FLASH_IS_PROG_DONE
                0x20022bdc       0x12 build_sf32lb52-lchspi-ulp_hcpu\bootloader\sifli_sdk\drivers\hal\bf0_hal_mpi.o
                0x20022bdc                HAL_FLASH_IS_PROG_DONE
 .text.HAL_FLASH_READ32
                0x20022bee        0x8 build_sf32lb52-lchspi-ulp_hcpu\bootloader\sifli_sdk\drivers\hal\bf0_hal_mpi.o
                0x20022bee                HAL_FLASH_READ32
 .text.HAL_FLASH_SET_TXSLOT
                0x20022bf6        0xe build_sf32lb52-lchspi-ulp_hcpu\bootloader\sifli_sdk\drivers\hal\bf0_hal_mpi.o
                0x20022bf6                HAL_FLASH_SET_TXSLOT
 .text.HAL_FLASH_SET_CLK_rom
                0x20022c04        0x8 build_sf32lb52-lchspi-ulp_hcpu\bootloader\sifli_sdk\drivers\hal\bf0_hal_mpi.o
                0x20022c04                HAL_FLASH_SET_CLK_rom
 .text.HAL_FLASH_GET_DIV
                0x20022c0c        0xa build_sf32lb52-lchspi-ulp_hcpu\bootloader\sifli_sdk\drivers\hal\bf0_hal_mpi.o
                0x20022c0c                HAL_FLASH_GET_DIV
 .text.HAL_FLASH_MANUAL_CMD
                0x20022c16       0x42 build_sf32lb52-lchspi-ulp_hcpu\bootloader\sifli_sdk\drivers\hal\bf0_hal_mpi.o
                0x20022c16                HAL_FLASH_MANUAL_CMD
 .text.HAL_FLASH_MANUAL_CMD2
                0x20022c58       0x42 build_sf32lb52-lchspi-ulp_hcpu\bootloader\sifli_sdk\drivers\hal\bf0_hal_mpi.o
                0x20022c58                HAL_FLASH_MANUAL_CMD2
 *fill*         0x20022c9a        0x2 
 .text.HAL_FLASH_SET_ALIAS_RANGE
                0x20022c9c       0x24 build_sf32lb52-lchspi-ulp_hcpu\bootloader\sifli_sdk\drivers\hal\bf0_hal_mpi.o
                0x20022c9c                HAL_FLASH_SET_ALIAS_RANGE
 .text.HAL_FLASH_SET_ALIAS_OFFSET
                0x20022cc0       0x12 build_sf32lb52-lchspi-ulp_hcpu\bootloader\sifli_sdk\drivers\hal\bf0_hal_mpi.o
                0x20022cc0                HAL_FLASH_SET_ALIAS_OFFSET
 *fill*         0x20022cd2        0x2 
 .text.HAL_FLASH_SET_CTR
                0x20022cd4       0x24 build_sf32lb52-lchspi-ulp_hcpu\bootloader\sifli_sdk\drivers\hal\bf0_hal_mpi.o
                0x20022cd4                HAL_FLASH_SET_CTR
 .text.HAL_FLASH_SET_NONCE
                0x20022cf8       0x1c build_sf32lb52-lchspi-ulp_hcpu\bootloader\sifli_sdk\drivers\hal\bf0_hal_mpi.o
                0x20022cf8                HAL_FLASH_SET_NONCE
 .text.HAL_FLASH_SET_AES
                0x20022d14       0x1e build_sf32lb52-lchspi-ulp_hcpu\bootloader\sifli_sdk\drivers\hal\bf0_hal_mpi.o
                0x20022d14                HAL_FLASH_SET_AES
 .text.HAL_FLASH_ENABLE_AES
                0x20022d32       0x1c build_sf32lb52-lchspi-ulp_hcpu\bootloader\sifli_sdk\drivers\hal\bf0_hal_mpi.o
                0x20022d32                HAL_FLASH_ENABLE_AES
 .text.HAL_FLASH_ENABLE_QSPI
                0x20022d4e       0x1c build_sf32lb52-lchspi-ulp_hcpu\bootloader\sifli_sdk\drivers\hal\bf0_hal_mpi.o
                0x20022d4e                HAL_FLASH_ENABLE_QSPI
 .text.HAL_FLASH_ENABLE_OPI
                0x20022d6a       0x1c build_sf32lb52-lchspi-ulp_hcpu\bootloader\sifli_sdk\drivers\hal\bf0_hal_mpi.o
                0x20022d6a                HAL_FLASH_ENABLE_OPI
 .text.HAL_FLASH_ENABLE_HYPER
                0x20022d86       0x1c build_sf32lb52-lchspi-ulp_hcpu\bootloader\sifli_sdk\drivers\hal\bf0_hal_mpi.o
                0x20022d86                HAL_FLASH_ENABLE_HYPER
 .text.HAL_FLASH_ENABLE_CMD2
                0x20022da2       0x1c build_sf32lb52-lchspi-ulp_hcpu\bootloader\sifli_sdk\drivers\hal\bf0_hal_mpi.o
                0x20022da2                HAL_FLASH_ENABLE_CMD2
 .text.HAL_FLASH_STAUS_MATCH_CMD2
                0x20022dbe       0x1c build_sf32lb52-lchspi-ulp_hcpu\bootloader\sifli_sdk\drivers\hal\bf0_hal_mpi.o
                0x20022dbe                HAL_FLASH_STAUS_MATCH_CMD2
 .text.HAL_FLASH_SET_CS_TIME
                0x20022dda       0x2a build_sf32lb52-lchspi-ulp_hcpu\bootloader\sifli_sdk\drivers\hal\bf0_hal_mpi.o
                0x20022dda                HAL_FLASH_SET_CS_TIME
 .text.HAL_FLASH_SET_ROW_BOUNDARY
                0x20022e04       0x14 build_sf32lb52-lchspi-ulp_hcpu\bootloader\sifli_sdk\drivers\hal\bf0_hal_mpi.o
                0x20022e04                HAL_FLASH_SET_ROW_BOUNDARY
 .text.HAL_FLASH_SET_LEGACY
                0x20022e18       0x1c build_sf32lb52-lchspi-ulp_hcpu\bootloader\sifli_sdk\drivers\hal\bf0_hal_mpi.o
                0x20022e18                HAL_FLASH_SET_LEGACY
 .text.HAL_FLASH_SET_DUAL_MODE
                0x20022e34       0x1c build_sf32lb52-lchspi-ulp_hcpu\bootloader\sifli_sdk\drivers\hal\bf0_hal_mpi.o
                0x20022e34                HAL_FLASH_SET_DUAL_MODE
 .text.HAL_MPI_EN_FIXLAT
                0x20022e50       0x1c build_sf32lb52-lchspi-ulp_hcpu\bootloader\sifli_sdk\drivers\hal\bf0_hal_mpi.o
                0x20022e50                HAL_MPI_EN_FIXLAT
 .text.HAL_MPI_ENABLE_DQS
                0x20022e6c       0x1c build_sf32lb52-lchspi-ulp_hcpu\bootloader\sifli_sdk\drivers\hal\bf0_hal_mpi.o
                0x20022e6c                HAL_MPI_ENABLE_DQS
 .text.HAL_MPI_SET_DQS_DELAY
                0x20022e88       0x18 build_sf32lb52-lchspi-ulp_hcpu\bootloader\sifli_sdk\drivers\hal\bf0_hal_mpi.o
                0x20022e88                HAL_MPI_SET_DQS_DELAY
 .text.HAL_MPI_SET_SCK
                0x20022ea0       0x20 build_sf32lb52-lchspi-ulp_hcpu\bootloader\sifli_sdk\drivers\hal\bf0_hal_mpi.o
                0x20022ea0                HAL_MPI_SET_SCK
 .text.HAL_MPI_CFG_DTR
                0x20022ec0       0x4c build_sf32lb52-lchspi-ulp_hcpu\bootloader\sifli_sdk\drivers\hal\bf0_hal_mpi.o
                0x20022ec0                HAL_MPI_CFG_DTR
 .text.HAL_MPI_MODIFY_RCMD_DELAY
                0x20022f0c       0x12 build_sf32lb52-lchspi-ulp_hcpu\bootloader\sifli_sdk\drivers\hal\bf0_hal_mpi.o
                0x20022f0c                HAL_MPI_MODIFY_RCMD_DELAY
 .text.HAL_MPI_MODIFY_WCMD_DELAY
                0x20022f1e       0x12 build_sf32lb52-lchspi-ulp_hcpu\bootloader\sifli_sdk\drivers\hal\bf0_hal_mpi.o
                0x20022f1e                HAL_MPI_MODIFY_WCMD_DELAY
 .text.HAL_FLASH_CONFIG_AHB_READ
                0x20022f30       0x88 build_sf32lb52-lchspi-ulp_hcpu\bootloader\sifli_sdk\drivers\hal\bf0_hal_mpi.o
                0x20022f30                HAL_FLASH_CONFIG_AHB_READ
 .text.HAL_FLASH_CONFIG_FULL_AHB_READ
                0x20022fb8       0x7a build_sf32lb52-lchspi-ulp_hcpu\bootloader\sifli_sdk\drivers\hal\bf0_hal_mpi.o
                0x20022fb8                HAL_FLASH_CONFIG_FULL_AHB_READ
 .text.HAL_FLASH_PRE_CMD
                0x20023032       0x4e build_sf32lb52-lchspi-ulp_hcpu\bootloader\sifli_sdk\drivers\hal\bf0_hal_mpi.o
                0x20023032                HAL_FLASH_PRE_CMD
 .text.HAL_FLASH_ISSUE_CMD
                0x20023080       0x66 build_sf32lb52-lchspi-ulp_hcpu\bootloader\sifli_sdk\drivers\hal\bf0_hal_mpi.o
                0x20023080                HAL_FLASH_ISSUE_CMD
 .text.HAL_FLASH_ISSUE_CMD_SEQ
                0x200230e6       0xfa build_sf32lb52-lchspi-ulp_hcpu\bootloader\sifli_sdk\drivers\hal\bf0_hal_mpi.o
                0x200230e6                HAL_FLASH_ISSUE_CMD_SEQ
 .text.nor_qspi_switch
                0x200231e0      0x11e build_sf32lb52-lchspi-ulp_hcpu\bootloader\sifli_sdk\drivers\hal\bf0_hal_mpi.o
                0x200231e0                nor_qspi_switch
 .text.HAL_FLASH_SET_QUAL_SPI
                0x200232fe       0x16 build_sf32lb52-lchspi-ulp_hcpu\bootloader\sifli_sdk\drivers\hal\bf0_hal_mpi.o
                0x200232fe                HAL_FLASH_SET_QUAL_SPI
 .text.HAL_FLASH_FADDR_SET_QSPI
                0x20023314       0x16 build_sf32lb52-lchspi-ulp_hcpu\bootloader\sifli_sdk\drivers\hal\bf0_hal_mpi.o
                0x20023314                HAL_FLASH_FADDR_SET_QSPI
 .text.HAL_FLASH_GET_NOR_ID
                0x2002332a       0x36 build_sf32lb52-lchspi-ulp_hcpu\bootloader\sifli_sdk\drivers\hal\bf0_hal_mpi.o
                0x2002332a                HAL_FLASH_GET_NOR_ID
 .text.HAL_FLASH_CLR_PROTECT
                0x20023360      0x120 build_sf32lb52-lchspi-ulp_hcpu\bootloader\sifli_sdk\drivers\hal\bf0_hal_mpi.o
                0x20023360                HAL_FLASH_CLR_PROTECT
 .text.HAL_QSPI_SET_CLK_INV
                0x20023480       0x1e build_sf32lb52-lchspi-ulp_hcpu\bootloader\sifli_sdk\drivers\hal\bf0_hal_mpi.o
                0x20023480                HAL_QSPI_SET_CLK_INV
 .text.HAL_FLASH_RELEASE_DPD
                0x2002349e       0x40 build_sf32lb52-lchspi-ulp_hcpu\bootloader\sifli_sdk\drivers\hal\bf0_hal_mpi.o
                0x2002349e                HAL_FLASH_RELEASE_DPD
 .text.flash_handle_valid
                0x200234de        0xc build_sf32lb52-lchspi-ulp_hcpu\bootloader\sifli_sdk\drivers\hal\bf0_hal_mpi_ex.o
 .text.HAL_GET_FLASH_MID
                0x200234ea        0x4 build_sf32lb52-lchspi-ulp_hcpu\bootloader\sifli_sdk\drivers\hal\bf0_hal_mpi_ex.o
                0x200234ea                HAL_GET_FLASH_MID
 .text.HAL_FLASH_DMA_START
                0x200234ee       0xa0 build_sf32lb52-lchspi-ulp_hcpu\bootloader\sifli_sdk\drivers\hal\bf0_hal_mpi_ex.o
                0x200234ee                HAL_FLASH_DMA_START
 .text.HAL_FLASH_DMA_WAIT_DONE
                0x2002358e       0x2a build_sf32lb52-lchspi-ulp_hcpu\bootloader\sifli_sdk\drivers\hal\bf0_hal_mpi_ex.o
                0x2002358e                HAL_FLASH_DMA_WAIT_DONE
 .text.HAL_FLASH_ALIAS_CFG
                0x200235b8       0x22 build_sf32lb52-lchspi-ulp_hcpu\bootloader\sifli_sdk\drivers\hal\bf0_hal_mpi_ex.o
                0x200235b8                HAL_FLASH_ALIAS_CFG
 .text.HAL_FLASH_NONCE_CFG
                0x200235da       0x30 build_sf32lb52-lchspi-ulp_hcpu\bootloader\sifli_sdk\drivers\hal\bf0_hal_mpi_ex.o
                0x200235da                HAL_FLASH_NONCE_CFG
 .text.HAL_FLASH_AES_CFG
                0x2002360a       0x1c build_sf32lb52-lchspi-ulp_hcpu\bootloader\sifli_sdk\drivers\hal\bf0_hal_mpi_ex.o
                0x2002360a                HAL_FLASH_AES_CFG
 .text.nand_read_id
                0x20023626       0x58 build_sf32lb52-lchspi-ulp_hcpu\bootloader\sifli_sdk\drivers\hal\bf0_hal_mpi_ex.o
                0x20023626                nand_read_id
 .text.HAL_NAND_CONF_ECC
                0x2002367e       0x7c build_sf32lb52-lchspi-ulp_hcpu\bootloader\sifli_sdk\drivers\hal\bf0_hal_mpi_ex.o
                0x2002367e                HAL_NAND_CONF_ECC
 .text.HAL_NAND_GET_ECC_STATUS
                0x200236fa       0x5a build_sf32lb52-lchspi-ulp_hcpu\bootloader\sifli_sdk\drivers\hal\bf0_hal_mpi_ex.o
                0x200236fa                HAL_NAND_GET_ECC_STATUS
 .text.HAL_NAND_CHECK_ECC
                0x20023754       0xa8 build_sf32lb52-lchspi-ulp_hcpu\bootloader\sifli_sdk\drivers\hal\bf0_hal_mpi_ex.o
                0x20023754                HAL_NAND_CHECK_ECC
 .text.HAL_NAND_GET_ECC_RESULT
                0x200237fc       0x30 build_sf32lb52-lchspi-ulp_hcpu\bootloader\sifli_sdk\drivers\hal\bf0_hal_mpi_ex.o
                0x200237fc                HAL_NAND_GET_ECC_RESULT
 .text.HAL_NAND_EN_QUAL
                0x2002382c       0x62 build_sf32lb52-lchspi-ulp_hcpu\bootloader\sifli_sdk\drivers\hal\bf0_hal_mpi_ex.o
                0x2002382c                HAL_NAND_EN_QUAL
 .text.nand_clear_status
                0x2002388e       0x36 build_sf32lb52-lchspi-ulp_hcpu\bootloader\sifli_sdk\drivers\hal\bf0_hal_mpi_ex.o
                0x2002388e                nand_clear_status
 .text.HAL_NAND_PAGE_SIZE
                0x200238c4       0x16 build_sf32lb52-lchspi-ulp_hcpu\bootloader\sifli_sdk\drivers\hal\bf0_hal_mpi_ex.o
                0x200238c4                HAL_NAND_PAGE_SIZE
 .text.HAL_NAND_READ_WITHOOB
                0x200238da      0x16a build_sf32lb52-lchspi-ulp_hcpu\bootloader\sifli_sdk\drivers\hal\bf0_hal_mpi_ex.o
                0x200238da                HAL_NAND_READ_WITHOOB
 .text.HAL_NAND_BLOCK_SIZE
                0x20023a44       0x18 build_sf32lb52-lchspi-ulp_hcpu\bootloader\sifli_sdk\drivers\hal\bf0_hal_mpi_ex.o
                0x20023a44                HAL_NAND_BLOCK_SIZE
 .text.HAL_NAND_GET_BADBLK
                0x20023a5c       0x42 build_sf32lb52-lchspi-ulp_hcpu\bootloader\sifli_sdk\drivers\hal\bf0_hal_mpi_ex.o
                0x20023a5c                HAL_NAND_GET_BADBLK
 .text.HAL_QSPIEX_WRITE_PAGE
                0x20023a9e      0x1ca build_sf32lb52-lchspi-ulp_hcpu\bootloader\sifli_sdk\drivers\hal\bf0_hal_mpi_ex.o
                0x20023a9e                HAL_QSPIEX_WRITE_PAGE
 .text.HAL_QSPIEX_SECT_ERASE
                0x20023c68       0x4e build_sf32lb52-lchspi-ulp_hcpu\bootloader\sifli_sdk\drivers\hal\bf0_hal_mpi_ex.o
                0x20023c68                HAL_QSPIEX_SECT_ERASE
 *fill*         0x20023cb6        0x2 
 .text.HAL_QSPI_GET_SRC_CLK
                0x20023cb8       0x48 build_sf32lb52-lchspi-ulp_hcpu\bootloader\sifli_sdk\drivers\hal\bf0_hal_mpi_ex.o
                0x20023cb8                HAL_QSPI_GET_SRC_CLK
 .text.HAL_QSPI_GET_CLK
                0x20023d00       0x20 build_sf32lb52-lchspi-ulp_hcpu\bootloader\sifli_sdk\drivers\hal\bf0_hal_mpi_ex.o
                0x20023d00                HAL_QSPI_GET_CLK
 .text.HAL_QSPI_READ_ID
                0x20023d20       0x16 build_sf32lb52-lchspi-ulp_hcpu\bootloader\sifli_sdk\drivers\hal\bf0_hal_mpi_ex.o
                0x20023d20                HAL_QSPI_READ_ID
 .text.HAL_NOR_CFG_DTR
                0x20023d36       0x8e build_sf32lb52-lchspi-ulp_hcpu\bootloader\sifli_sdk\drivers\hal\bf0_hal_mpi_ex.o
                0x20023d36                HAL_NOR_CFG_DTR
 .text.HAL_NOR_DTR_CAL
                0x20023dc4       0x46 build_sf32lb52-lchspi-ulp_hcpu\bootloader\sifli_sdk\drivers\hal\bf0_hal_mpi_ex.o
                0x20023dc4                HAL_NOR_DTR_CAL
 *fill*         0x20023e0a        0x2 
 .text.HAL_FLASH_Init
                0x20023e0c      0x370 build_sf32lb52-lchspi-ulp_hcpu\bootloader\sifli_sdk\drivers\hal\bf0_hal_mpi_ex.o
                0x20023e0c                HAL_FLASH_Init
 .text.HAL_Delay_us_psram
                0x2002417c       0x54 build_sf32lb52-lchspi-ulp_hcpu\bootloader\sifli_sdk\drivers\hal\bf0_hal_mpi_psram.o
 .text.HAL_MPI_OPSRAM_CAL_DELAY
                0x200241d0       0x66 build_sf32lb52-lchspi-ulp_hcpu\bootloader\sifli_sdk\drivers\hal\bf0_hal_mpi_psram.o
 *fill*         0x20024236        0x2 
 .text.HAL_SPI_PSRAM_Init
                0x20024238       0xac build_sf32lb52-lchspi-ulp_hcpu\bootloader\sifli_sdk\drivers\hal\bf0_hal_mpi_psram.o
                0x20024238                HAL_SPI_PSRAM_Init
 .text.HAL_MPI_MR_WRITE
                0x200242e4       0x48 build_sf32lb52-lchspi-ulp_hcpu\bootloader\sifli_sdk\drivers\hal\bf0_hal_mpi_psram.o
                0x200242e4                HAL_MPI_MR_WRITE
 .text.HAL_MPI_SET_FIXLAT
                0x2002432c       0x9c build_sf32lb52-lchspi-ulp_hcpu\bootloader\sifli_sdk\drivers\hal\bf0_hal_mpi_psram.o
                0x2002432c                HAL_MPI_SET_FIXLAT
 .text.HAL_LEGACY_MR_WRITE
                0x200243c8       0x48 build_sf32lb52-lchspi-ulp_hcpu\bootloader\sifli_sdk\drivers\hal\bf0_hal_mpi_psram.o
                0x200243c8                HAL_LEGACY_MR_WRITE
 .text.HAL_LEGACY_CFG_READ
                0x20024410       0x36 build_sf32lb52-lchspi-ulp_hcpu\bootloader\sifli_sdk\drivers\hal\bf0_hal_mpi_psram.o
                0x20024410                HAL_LEGACY_CFG_READ
 .text.HAL_LEGACY_CFG_WRITE
                0x20024446       0x32 build_sf32lb52-lchspi-ulp_hcpu\bootloader\sifli_sdk\drivers\hal\bf0_hal_mpi_psram.o
                0x20024446                HAL_LEGACY_CFG_WRITE
 .text.HAL_PSRAM_RESET
                0x20024478       0x86 build_sf32lb52-lchspi-ulp_hcpu\bootloader\sifli_sdk\drivers\hal\bf0_hal_mpi_psram.o
                0x20024478                HAL_PSRAM_RESET
 *fill*         0x200244fe        0x2 
 .text.HAL_OPI_PSRAM_Init
                0x20024500       0xf0 build_sf32lb52-lchspi-ulp_hcpu\bootloader\sifli_sdk\drivers\hal\bf0_hal_mpi_psram.o
                0x20024500                HAL_OPI_PSRAM_Init
 .text.HAL_LEGACY_PSRAM_Init
                0x200245f0      0x140 build_sf32lb52-lchspi-ulp_hcpu\bootloader\sifli_sdk\drivers\hal\bf0_hal_mpi_psram.o
                0x200245f0                HAL_LEGACY_PSRAM_Init
 .text.HAL_HYPER_PSRAM_WriteCR
                0x20024730       0x50 build_sf32lb52-lchspi-ulp_hcpu\bootloader\sifli_sdk\drivers\hal\bf0_hal_mpi_psram.o
                0x20024730                HAL_HYPER_PSRAM_WriteCR
 .text.HAL_HYPER_PSRAM_Init
                0x20024780       0x74 build_sf32lb52-lchspi-ulp_hcpu\bootloader\sifli_sdk\drivers\hal\bf0_hal_mpi_psram.o
                0x20024780                HAL_HYPER_PSRAM_Init
 .text.HAL_HYPER_CFG_READ
                0x200247f4       0x24 build_sf32lb52-lchspi-ulp_hcpu\bootloader\sifli_sdk\drivers\hal\bf0_hal_mpi_psram.o
                0x200247f4                HAL_HYPER_CFG_READ
 .text.HAL_HYPER_CFG_WRITE
                0x20024818       0x24 build_sf32lb52-lchspi-ulp_hcpu\bootloader\sifli_sdk\drivers\hal\bf0_hal_mpi_psram.o
                0x20024818                HAL_HYPER_CFG_WRITE
 .text.HAL_PIN_SetUartFunc.part.0
                0x2002483c       0xb0 build_sf32lb52-lchspi-ulp_hcpu\bootloader\sifli_sdk\drivers\hal\bf0_hal_pinmux.o
 .text.HAL_PIN_SetAonPE
                0x200248ec       0x74 build_sf32lb52-lchspi-ulp_hcpu\bootloader\sifli_sdk\drivers\hal\bf0_hal_pinmux.o
 .text.HAL_PIN_Get_Base
                0x20024960       0x2c build_sf32lb52-lchspi-ulp_hcpu\bootloader\sifli_sdk\drivers\hal\bf0_hal_pinmux.o
                0x20024960                HAL_PIN_Get_Base
 .text.HAL_PIN_Func2Idx
                0x2002498c       0x2c build_sf32lb52-lchspi-ulp_hcpu\bootloader\sifli_sdk\drivers\hal\bf0_hal_pinmux.o
                0x2002498c                HAL_PIN_Func2Idx
 .text.HAL_PIN_Set
                0x200249b8      0x350 build_sf32lb52-lchspi-ulp_hcpu\bootloader\sifli_sdk\drivers\hal\bf0_hal_pinmux.o
                0x200249b8                HAL_PIN_Set
 .text.HAL_PIN_Set_Analog
                0x20024d08       0x60 build_sf32lb52-lchspi-ulp_hcpu\bootloader\sifli_sdk\drivers\hal\bf0_hal_pinmux.o
                0x20024d08                HAL_PIN_Set_Analog
 .text.HAL_PMU_EnableDLL
                0x20024d68       0x1c build_sf32lb52-lchspi-ulp_hcpu\bootloader\sifli_sdk\drivers\hal\bf0_hal_pmu.o
                0x20024d68                HAL_PMU_EnableDLL
 .text.HAL_RCC_HCPU_ConfigSxModeVolt
                0x20024d84       0x58 build_sf32lb52-lchspi-ulp_hcpu\bootloader\sifli_sdk\drivers\hal\bf0_hal_rcc.o
 .text.HAL_RCC_HCPU_GetClockSrc
                0x20024ddc       0x2a build_sf32lb52-lchspi-ulp_hcpu\bootloader\sifli_sdk\drivers\hal\bf0_hal_rcc.o
                0x20024ddc                HAL_RCC_HCPU_GetClockSrc
 *fill*         0x20024e06        0x2 
 .text.HAL_RCC_HCPU_GetDLLFreq
                0x20024e08       0x38 build_sf32lb52-lchspi-ulp_hcpu\bootloader\sifli_sdk\drivers\hal\bf0_hal_rcc.o
                0x20024e08                HAL_RCC_HCPU_GetDLLFreq
 .text.HAL_RCC_HCPU_GetDLL1Freq
                0x20024e40        0x6 build_sf32lb52-lchspi-ulp_hcpu\bootloader\sifli_sdk\drivers\hal\bf0_hal_rcc.o
                0x20024e40                HAL_RCC_HCPU_GetDLL1Freq
 .text.HAL_RCC_HCPU_GetDLL2Freq
                0x20024e46        0x6 build_sf32lb52-lchspi-ulp_hcpu\bootloader\sifli_sdk\drivers\hal\bf0_hal_rcc.o
                0x20024e46                HAL_RCC_HCPU_GetDLL2Freq
 .text.HAL_RCC_HCPU_GetDLL3Freq
                0x20024e4c        0x4 build_sf32lb52-lchspi-ulp_hcpu\bootloader\sifli_sdk\drivers\hal\bf0_hal_rcc.o
                0x20024e4c                HAL_RCC_HCPU_GetDLL3Freq
 .text.HAL_RCC_HCPU_EnableDLL
                0x20024e50       0xa4 build_sf32lb52-lchspi-ulp_hcpu\bootloader\sifli_sdk\drivers\hal\bf0_hal_rcc.o
                0x20024e50                HAL_RCC_HCPU_EnableDLL
 .text.HAL_RCC_HCPU_EnableDLL1
                0x20024ef4        0x8 build_sf32lb52-lchspi-ulp_hcpu\bootloader\sifli_sdk\drivers\hal\bf0_hal_rcc.o
                0x20024ef4                HAL_RCC_HCPU_EnableDLL1
 .text.HAL_RCC_HCPU_EnableDLL2
                0x20024efc        0x8 build_sf32lb52-lchspi-ulp_hcpu\bootloader\sifli_sdk\drivers\hal\bf0_hal_rcc.o
                0x20024efc                HAL_RCC_HCPU_EnableDLL2
 .text.HAL_RCC_HCPU_DisableDLL1
                0x20024f04       0x10 build_sf32lb52-lchspi-ulp_hcpu\bootloader\sifli_sdk\drivers\hal\bf0_hal_rcc.o
                0x20024f04                HAL_RCC_HCPU_DisableDLL1
 .text.HAL_RCC_GetSysCLKFreq
                0x20024f14       0x20 build_sf32lb52-lchspi-ulp_hcpu\bootloader\sifli_sdk\drivers\hal\bf0_hal_rcc.o
                0x20024f14                HAL_RCC_GetSysCLKFreq
 .text.HAL_RCC_GetHCLKFreq
                0x20024f34       0x38 build_sf32lb52-lchspi-ulp_hcpu\bootloader\sifli_sdk\drivers\hal\bf0_hal_rcc.o
                0x20024f34                HAL_RCC_GetHCLKFreq
 .text.HAL_RCC_HCPU_ClockSelect
                0x20024f6c       0x48 build_sf32lb52-lchspi-ulp_hcpu\bootloader\sifli_sdk\drivers\hal\bf0_hal_rcc.o
                0x20024f6c                HAL_RCC_HCPU_ClockSelect
 .text.HAL_RCC_HCPU_SetDiv
                0x20024fb4       0x54 build_sf32lb52-lchspi-ulp_hcpu\bootloader\sifli_sdk\drivers\hal\bf0_hal_rcc.o
                0x20024fb4                HAL_RCC_HCPU_SetDiv
 .text.HAL_RCC_HCPU_SwitchDvfsD2S
                0x20025008       0x78 build_sf32lb52-lchspi-ulp_hcpu\bootloader\sifli_sdk\drivers\hal\bf0_hal_rcc.o
 .text.HAL_RCC_HCPU_SwitchDvfsS2D.isra.0
                0x20025080       0x88 build_sf32lb52-lchspi-ulp_hcpu\bootloader\sifli_sdk\drivers\hal\bf0_hal_rcc.o
 .text.HAL_RCC_HCPU_ConfigDvfs
                0x20025108       0xd4 build_sf32lb52-lchspi-ulp_hcpu\bootloader\sifli_sdk\drivers\hal\bf0_hal_rcc.o
 .text.HAL_RCC_Reset_and_Halt_LCPU
                0x200251dc       0x54 build_sf32lb52-lchspi-ulp_hcpu\bootloader\sifli_sdk\drivers\hal\bf0_hal_rcc.o
                0x200251dc                HAL_RCC_Reset_and_Halt_LCPU
 .text.HAL_RCC_HCPU_ConfigHCLK
                0x20025230       0x24 build_sf32lb52-lchspi-ulp_hcpu\bootloader\sifli_sdk\drivers\hal\bf0_hal_rcc.o
                0x20025230                HAL_RCC_HCPU_ConfigHCLK
 .text.spi_flash_get_rdid
                0x20025254       0x40 build_sf32lb52-lchspi-ulp_hcpu\bootloader\sifli_sdk\drivers\hal\flash_table.o
                0x20025254                spi_flash_get_rdid
 .text.spi_flash_get_cmd_by_id
                0x20025294       0x28 build_sf32lb52-lchspi-ulp_hcpu\bootloader\sifli_sdk\drivers\hal\flash_table.o
                0x20025294                spi_flash_get_cmd_by_id
 .text.spi_flash_get_size_by_id
                0x200252bc       0x14 build_sf32lb52-lchspi-ulp_hcpu\bootloader\sifli_sdk\drivers\hal\flash_table.o
                0x200252bc                spi_flash_get_size_by_id
 .text.spi_flash_is_support_dtr
                0x200252d0       0x12 build_sf32lb52-lchspi-ulp_hcpu\bootloader\sifli_sdk\drivers\hal\flash_table.o
                0x200252d0                spi_flash_is_support_dtr
 *fill*         0x200252e2        0x2 
 .text.spi_nand_get_rdid
                0x200252e4       0x40 build_sf32lb52-lchspi-ulp_hcpu\bootloader\sifli_sdk\drivers\hal\nand_table.o
                0x200252e4                spi_nand_get_rdid
 .text.spi_nand_get_cmd_by_id
                0x20025324       0x24 build_sf32lb52-lchspi-ulp_hcpu\bootloader\sifli_sdk\drivers\hal\nand_table.o
                0x20025324                spi_nand_get_cmd_by_id
 .text.HAL_GET_FLASH_DEFAUT_INX
                0x20025348        0x6 build_sf32lb52-lchspi-ulp_hcpu\bootloader\sifli_sdk\drivers\hal\nand_table.o
                0x20025348                HAL_GET_FLASH_DEFAUT_INX
 *fill*         0x2002534e        0x2 
 .text.spi_nand_get_default_ctable
                0x20025350       0x1c build_sf32lb52-lchspi-ulp_hcpu\bootloader\sifli_sdk\drivers\hal\nand_table.o
                0x20025350                spi_nand_get_default_ctable
 .text.spi_nand_get_size_by_id
                0x2002536c       0x14 build_sf32lb52-lchspi-ulp_hcpu\bootloader\sifli_sdk\drivers\hal\nand_table.o
                0x2002536c                spi_nand_get_size_by_id
 .text.spi_nand_get_plane_select_flag
                0x20025380       0x12 build_sf32lb52-lchspi-ulp_hcpu\bootloader\sifli_sdk\drivers\hal\nand_table.o
                0x20025380                spi_nand_get_plane_select_flag
 .text.spi_nand_get_big_page_flag
                0x20025392       0x12 build_sf32lb52-lchspi-ulp_hcpu\bootloader\sifli_sdk\drivers\hal\nand_table.o
                0x20025392                spi_nand_get_big_page_flag
 .text.spi_nand_get_ecc_mode
                0x200253a4       0x10 build_sf32lb52-lchspi-ulp_hcpu\bootloader\sifli_sdk\drivers\hal\nand_table.o
                0x200253a4                spi_nand_get_ecc_mode
 .text.bbm_map_check.part.0
                0x200253b4       0xa0 build_sf32lb52-lchspi-ulp_hcpu\bootloader\sifli_sdk\drivers\hal\sifli_bbm.o
 .text.bbm_crc_check
                0x20025454       0x28 build_sf32lb52-lchspi-ulp_hcpu\bootloader\sifli_sdk\drivers\hal\sifli_bbm.o
                0x20025454                bbm_crc_check
 .text.bbm_get_phy_blk
                0x2002547c       0x68 build_sf32lb52-lchspi-ulp_hcpu\bootloader\sifli_sdk\drivers\hal\sifli_bbm.o
                0x2002547c                bbm_get_phy_blk
 .text.bbm_get_version_inblk
                0x200254e4       0xd8 build_sf32lb52-lchspi-ulp_hcpu\bootloader\sifli_sdk\drivers\hal\sifli_bbm.o
 .text.bbm_get_map_table
                0x200255bc      0x174 build_sf32lb52-lchspi-ulp_hcpu\bootloader\sifli_sdk\drivers\hal\sifli_bbm.o
                0x200255bc                bbm_get_map_table
 .text.bbm_get_page_num
                0x20025730       0x68 build_sf32lb52-lchspi-ulp_hcpu\bootloader\sifli_sdk\drivers\hal\sifli_bbm.o
 .text.bbm_read_page
                0x20025798       0x48 build_sf32lb52-lchspi-ulp_hcpu\bootloader\sifli_sdk\drivers\hal\sifli_bbm.o
                0x20025798                bbm_read_page
 .text.port_write_page
                0x200257e0        0xc build_sf32lb52-lchspi-ulp_hcpu\bootloader\sifli_sdk\drivers\hal\sifli_bbm.o
                0x200257e0                port_write_page
 .text.bbm_write_talbe.isra.0
                0x200257ec       0x74 build_sf32lb52-lchspi-ulp_hcpu\bootloader\sifli_sdk\drivers\hal\sifli_bbm.o
 .text.port_erase_block
                0x20025860        0x4 build_sf32lb52-lchspi-ulp_hcpu\bootloader\sifli_sdk\drivers\hal\sifli_bbm.o
                0x20025860                port_erase_block
 .text.bbm_init_table
                0x20025864      0x248 build_sf32lb52-lchspi-ulp_hcpu\bootloader\sifli_sdk\drivers\hal\sifli_bbm.o
                0x20025864                bbm_init_table
 .text.sif_bbm_init
                0x20025aac      0x2bc build_sf32lb52-lchspi-ulp_hcpu\bootloader\sifli_sdk\drivers\hal\sifli_bbm.o
                0x20025aac                sif_bbm_init
 .text.bbm_set_page_size
                0x20025d68        0xc build_sf32lb52-lchspi-ulp_hcpu\bootloader\sifli_sdk\drivers\hal\sifli_bbm.o
                0x20025d68                bbm_set_page_size
 .text.bbm_set_blk_size
                0x20025d74        0xc build_sf32lb52-lchspi-ulp_hcpu\bootloader\sifli_sdk\drivers\hal\sifli_bbm.o
                0x20025d74                bbm_set_blk_size
 .text.mbedtls_md_info_from_type
                0x20025d80       0x18 build_sf32lb52-lchspi-ulp_hcpu\bootloader\sifli_sdk\external\mbedtls\library\md.o
                0x20025d80                mbedtls_md_info_from_type
 .text.mbedtls_md_get_size
                0x20025d98        0x6 build_sf32lb52-lchspi-ulp_hcpu\bootloader\sifli_sdk\external\mbedtls\library\md.o
                0x20025d98                mbedtls_md_get_size
 .text.sha224_process_wrap
                0x20025d9e        0x4 build_sf32lb52-lchspi-ulp_hcpu\bootloader\sifli_sdk\external\mbedtls\library\md_wrap.o
 .text.sha224_clone_wrap
                0x20025da2        0x4 build_sf32lb52-lchspi-ulp_hcpu\bootloader\sifli_sdk\external\mbedtls\library\md_wrap.o
 .text.sha224_ctx_free
                0x20025da6       0x12 build_sf32lb52-lchspi-ulp_hcpu\bootloader\sifli_sdk\external\mbedtls\library\md_wrap.o
 .text.sha224_ctx_alloc
                0x20025db8       0x16 build_sf32lb52-lchspi-ulp_hcpu\bootloader\sifli_sdk\external\mbedtls\library\md_wrap.o
 .text.sha224_wrap
                0x20025dce        0x6 build_sf32lb52-lchspi-ulp_hcpu\bootloader\sifli_sdk\external\mbedtls\library\md_wrap.o
 .text.sha256_wrap
                0x20025dd4        0x6 build_sf32lb52-lchspi-ulp_hcpu\bootloader\sifli_sdk\external\mbedtls\library\md_wrap.o
 .text.sha224_finish_wrap
                0x20025dda        0x4 build_sf32lb52-lchspi-ulp_hcpu\bootloader\sifli_sdk\external\mbedtls\library\md_wrap.o
 .text.sha224_update_wrap
                0x20025dde        0x4 build_sf32lb52-lchspi-ulp_hcpu\bootloader\sifli_sdk\external\mbedtls\library\md_wrap.o
 .text.sha224_starts_wrap
                0x20025de2        0x6 build_sf32lb52-lchspi-ulp_hcpu\bootloader\sifli_sdk\external\mbedtls\library\md_wrap.o
 .text.sha256_starts_wrap
                0x20025de8        0x6 build_sf32lb52-lchspi-ulp_hcpu\bootloader\sifli_sdk\external\mbedtls\library\md_wrap.o
 .text.sha384_process_wrap
                0x20025dee        0x4 build_sf32lb52-lchspi-ulp_hcpu\bootloader\sifli_sdk\external\mbedtls\library\md_wrap.o
 .text.sha384_clone_wrap
                0x20025df2        0x4 build_sf32lb52-lchspi-ulp_hcpu\bootloader\sifli_sdk\external\mbedtls\library\md_wrap.o
 .text.sha384_ctx_free
                0x20025df6       0x12 build_sf32lb52-lchspi-ulp_hcpu\bootloader\sifli_sdk\external\mbedtls\library\md_wrap.o
 .text.sha384_ctx_alloc
                0x20025e08       0x16 build_sf32lb52-lchspi-ulp_hcpu\bootloader\sifli_sdk\external\mbedtls\library\md_wrap.o
 .text.sha384_wrap
                0x20025e1e        0x6 build_sf32lb52-lchspi-ulp_hcpu\bootloader\sifli_sdk\external\mbedtls\library\md_wrap.o
 .text.sha512_wrap
                0x20025e24        0x6 build_sf32lb52-lchspi-ulp_hcpu\bootloader\sifli_sdk\external\mbedtls\library\md_wrap.o
 .text.sha384_finish_wrap
                0x20025e2a        0x4 build_sf32lb52-lchspi-ulp_hcpu\bootloader\sifli_sdk\external\mbedtls\library\md_wrap.o
 .text.sha384_update_wrap
                0x20025e2e        0x4 build_sf32lb52-lchspi-ulp_hcpu\bootloader\sifli_sdk\external\mbedtls\library\md_wrap.o
 .text.sha384_starts_wrap
                0x20025e32        0x6 build_sf32lb52-lchspi-ulp_hcpu\bootloader\sifli_sdk\external\mbedtls\library\md_wrap.o
 .text.sha512_starts_wrap
                0x20025e38        0x6 build_sf32lb52-lchspi-ulp_hcpu\bootloader\sifli_sdk\external\mbedtls\library\md_wrap.o
 .text.mbedtls_sha256_init
                0x20025e3e        0x8 build_sf32lb52-lchspi-ulp_hcpu\bootloader\sifli_sdk\external\mbedtls\library\sha256.o
                0x20025e3e                mbedtls_sha256_init
 .text.mbedtls_sha256_free
                0x20025e46       0x14 build_sf32lb52-lchspi-ulp_hcpu\bootloader\sifli_sdk\external\mbedtls\library\sha256.o
                0x20025e46                mbedtls_sha256_free
 .text.mbedtls_sha256_clone
                0x20025e5a        0xa build_sf32lb52-lchspi-ulp_hcpu\bootloader\sifli_sdk\external\mbedtls\library\sha256.o
                0x20025e5a                mbedtls_sha256_clone
 .text.mbedtls_sha256_starts
                0x20025e64       0x90 build_sf32lb52-lchspi-ulp_hcpu\bootloader\sifli_sdk\external\mbedtls\library\sha256.o
                0x20025e64                mbedtls_sha256_starts
 .text.mbedtls_sha256_process
                0x20025ef4      0x6a0 build_sf32lb52-lchspi-ulp_hcpu\bootloader\sifli_sdk\external\mbedtls\library\sha256.o
                0x20025ef4                mbedtls_sha256_process
 .text.mbedtls_sha256_update.part.0
                0x20026594       0x84 build_sf32lb52-lchspi-ulp_hcpu\bootloader\sifli_sdk\external\mbedtls\library\sha256.o
 .text.mbedtls_sha256_update
                0x20026618        0x8 build_sf32lb52-lchspi-ulp_hcpu\bootloader\sifli_sdk\external\mbedtls\library\sha256.o
                0x20026618                mbedtls_sha256_update
 .text.mbedtls_sha256_finish
                0x20026620       0xdc build_sf32lb52-lchspi-ulp_hcpu\bootloader\sifli_sdk\external\mbedtls\library\sha256.o
                0x20026620                mbedtls_sha256_finish
 .text.mbedtls_sha256
                0x200266fc       0xc8 build_sf32lb52-lchspi-ulp_hcpu\bootloader\sifli_sdk\external\mbedtls\library\sha256.o
                0x200266fc                mbedtls_sha256
 .text.mbedtls_sha512_init
                0x200267c4        0x8 build_sf32lb52-lchspi-ulp_hcpu\bootloader\sifli_sdk\external\mbedtls\library\sha512.o
                0x200267c4                mbedtls_sha512_init
 .text.mbedtls_sha512_free
                0x200267cc       0x14 build_sf32lb52-lchspi-ulp_hcpu\bootloader\sifli_sdk\external\mbedtls\library\sha512.o
                0x200267cc                mbedtls_sha512_free
 .text.mbedtls_sha512_clone
                0x200267e0        0xa build_sf32lb52-lchspi-ulp_hcpu\bootloader\sifli_sdk\external\mbedtls\library\sha512.o
                0x200267e0                mbedtls_sha512_clone
 *fill*         0x200267ea        0x6 
 .text.mbedtls_sha512_starts
                0x200267f0      0x120 build_sf32lb52-lchspi-ulp_hcpu\bootloader\sifli_sdk\external\mbedtls\library\sha512.o
                0x200267f0                mbedtls_sha512_starts
 .text.mbedtls_sha512_process
                0x20026910      0xa58 build_sf32lb52-lchspi-ulp_hcpu\bootloader\sifli_sdk\external\mbedtls\library\sha512.o
                0x20026910                mbedtls_sha512_process
 .text.mbedtls_sha512_update.part.0
                0x20027368       0x9a build_sf32lb52-lchspi-ulp_hcpu\bootloader\sifli_sdk\external\mbedtls\library\sha512.o
 .text.mbedtls_sha512_update
                0x20027402        0x8 build_sf32lb52-lchspi-ulp_hcpu\bootloader\sifli_sdk\external\mbedtls\library\sha512.o
                0x20027402                mbedtls_sha512_update
 *fill*         0x2002740a        0x2 
 .text.mbedtls_sha512_finish
                0x2002740c      0x20c build_sf32lb52-lchspi-ulp_hcpu\bootloader\sifli_sdk\external\mbedtls\library\sha512.o
                0x2002740c                mbedtls_sha512_finish
 .text.mbedtls_sha512
                0x20027618      0x150 build_sf32lb52-lchspi-ulp_hcpu\bootloader\sifli_sdk\external\mbedtls\library\sha512.o
                0x20027618                mbedtls_sha512
 .text.mbedtls_asn1_get_len
                0x20027768       0x98 build_sf32lb52-lchspi-ulp_hcpu\bootloader\sifli_sdk\external\mbedtls\library\asn1parse.o
                0x20027768                mbedtls_asn1_get_len
 .text.mbedtls_asn1_get_tag
                0x20027800       0x28 build_sf32lb52-lchspi-ulp_hcpu\bootloader\sifli_sdk\external\mbedtls\library\asn1parse.o
                0x20027800                mbedtls_asn1_get_tag
 .text.mbedtls_asn1_get_mpi
                0x20027828       0x26 build_sf32lb52-lchspi-ulp_hcpu\bootloader\sifli_sdk\external\mbedtls\library\asn1parse.o
                0x20027828                mbedtls_asn1_get_mpi
 .text.mbedtls_asn1_get_bitstring_null
                0x2002784e       0x28 build_sf32lb52-lchspi-ulp_hcpu\bootloader\sifli_sdk\external\mbedtls\library\asn1parse.o
                0x2002784e                mbedtls_asn1_get_bitstring_null
 .text.mbedtls_asn1_get_alg
                0x20027876       0x9c build_sf32lb52-lchspi-ulp_hcpu\bootloader\sifli_sdk\external\mbedtls\library\asn1parse.o
                0x20027876                mbedtls_asn1_get_alg
 .text.mpi_sub_hlp
                0x20027912       0x52 build_sf32lb52-lchspi-ulp_hcpu\bootloader\sifli_sdk\external\mbedtls\library\bignum.o
 .text.mpi_mul_hlp
                0x20027964      0x2f8 build_sf32lb52-lchspi-ulp_hcpu\bootloader\sifli_sdk\external\mbedtls\library\bignum.o
 .text.mbedtls_mpi_init
                0x20027c5c        0xe build_sf32lb52-lchspi-ulp_hcpu\bootloader\sifli_sdk\external\mbedtls\library\bignum.o
                0x20027c5c                mbedtls_mpi_init
 .text.mbedtls_mpi_free
                0x20027c6a       0x2a build_sf32lb52-lchspi-ulp_hcpu\bootloader\sifli_sdk\external\mbedtls\library\bignum.o
                0x20027c6a                mbedtls_mpi_free
 .text.mbedtls_mpi_grow
                0x20027c94       0x58 build_sf32lb52-lchspi-ulp_hcpu\bootloader\sifli_sdk\external\mbedtls\library\bignum.o
                0x20027c94                mbedtls_mpi_grow
 .text.mbedtls_mpi_copy
                0x20027cec       0x52 build_sf32lb52-lchspi-ulp_hcpu\bootloader\sifli_sdk\external\mbedtls\library\bignum.o
                0x20027cec                mbedtls_mpi_copy
 .text.mbedtls_mpi_lset
                0x20027d3e       0x38 build_sf32lb52-lchspi-ulp_hcpu\bootloader\sifli_sdk\external\mbedtls\library\bignum.o
                0x20027d3e                mbedtls_mpi_lset
 .text.mbedtls_mpi_lsb
                0x20027d76       0x30 build_sf32lb52-lchspi-ulp_hcpu\bootloader\sifli_sdk\external\mbedtls\library\bignum.o
                0x20027d76                mbedtls_mpi_lsb
 .text.mbedtls_mpi_bitlen
                0x20027da6       0x3a build_sf32lb52-lchspi-ulp_hcpu\bootloader\sifli_sdk\external\mbedtls\library\bignum.o
                0x20027da6                mbedtls_mpi_bitlen
 .text.mbedtls_mpi_size
                0x20027de0        0xc build_sf32lb52-lchspi-ulp_hcpu\bootloader\sifli_sdk\external\mbedtls\library\bignum.o
                0x20027de0                mbedtls_mpi_size
 .text.mbedtls_mpi_read_binary
                0x20027dec       0x6a build_sf32lb52-lchspi-ulp_hcpu\bootloader\sifli_sdk\external\mbedtls\library\bignum.o
                0x20027dec                mbedtls_mpi_read_binary
 .text.mbedtls_mpi_write_binary
                0x20027e56       0x46 build_sf32lb52-lchspi-ulp_hcpu\bootloader\sifli_sdk\external\mbedtls\library\bignum.o
                0x20027e56                mbedtls_mpi_write_binary
 .text.mbedtls_mpi_shift_l
                0x20027e9c       0xb2 build_sf32lb52-lchspi-ulp_hcpu\bootloader\sifli_sdk\external\mbedtls\library\bignum.o
                0x20027e9c                mbedtls_mpi_shift_l
 .text.mbedtls_mpi_shift_r
                0x20027f4e       0x82 build_sf32lb52-lchspi-ulp_hcpu\bootloader\sifli_sdk\external\mbedtls\library\bignum.o
                0x20027f4e                mbedtls_mpi_shift_r
 .text.mbedtls_mpi_cmp_abs
                0x20027fd0       0x68 build_sf32lb52-lchspi-ulp_hcpu\bootloader\sifli_sdk\external\mbedtls\library\bignum.o
                0x20027fd0                mbedtls_mpi_cmp_abs
 .text.mpi_montmul
                0x20028038       0xd4 build_sf32lb52-lchspi-ulp_hcpu\bootloader\sifli_sdk\external\mbedtls\library\bignum.o
 .text.mbedtls_mpi_cmp_mpi
                0x2002810c       0x82 build_sf32lb52-lchspi-ulp_hcpu\bootloader\sifli_sdk\external\mbedtls\library\bignum.o
                0x2002810c                mbedtls_mpi_cmp_mpi
 .text.mbedtls_mpi_cmp_int
                0x2002818e       0x2c build_sf32lb52-lchspi-ulp_hcpu\bootloader\sifli_sdk\external\mbedtls\library\bignum.o
                0x2002818e                mbedtls_mpi_cmp_int
 .text.mbedtls_mpi_add_abs
                0x200281ba       0xb2 build_sf32lb52-lchspi-ulp_hcpu\bootloader\sifli_sdk\external\mbedtls\library\bignum.o
                0x200281ba                mbedtls_mpi_add_abs
 .text.mbedtls_mpi_sub_abs
                0x2002826c       0x7a build_sf32lb52-lchspi-ulp_hcpu\bootloader\sifli_sdk\external\mbedtls\library\bignum.o
                0x2002826c                mbedtls_mpi_sub_abs
 .text.mbedtls_mpi_add_mpi
                0x200282e6       0x4c build_sf32lb52-lchspi-ulp_hcpu\bootloader\sifli_sdk\external\mbedtls\library\bignum.o
                0x200282e6                mbedtls_mpi_add_mpi
 .text.mbedtls_mpi_sub_mpi
                0x20028332       0x4e build_sf32lb52-lchspi-ulp_hcpu\bootloader\sifli_sdk\external\mbedtls\library\bignum.o
                0x20028332                mbedtls_mpi_sub_mpi
 .text.mbedtls_mpi_sub_int
                0x20028380       0x2c build_sf32lb52-lchspi-ulp_hcpu\bootloader\sifli_sdk\external\mbedtls\library\bignum.o
                0x20028380                mbedtls_mpi_sub_int
 .text.mbedtls_mpi_mul_mpi
                0x200283ac       0xc8 build_sf32lb52-lchspi-ulp_hcpu\bootloader\sifli_sdk\external\mbedtls\library\bignum.o
                0x200283ac                mbedtls_mpi_mul_mpi
 .text.mbedtls_mpi_mul_int
                0x20028474       0x1a build_sf32lb52-lchspi-ulp_hcpu\bootloader\sifli_sdk\external\mbedtls\library\bignum.o
                0x20028474                mbedtls_mpi_mul_int
 .text.mbedtls_mpi_div_mpi
                0x2002848e      0x408 build_sf32lb52-lchspi-ulp_hcpu\bootloader\sifli_sdk\external\mbedtls\library\bignum.o
                0x2002848e                mbedtls_mpi_div_mpi
 .text.mbedtls_mpi_mod_mpi
                0x20028896       0x64 build_sf32lb52-lchspi-ulp_hcpu\bootloader\sifli_sdk\external\mbedtls\library\bignum.o
                0x20028896                mbedtls_mpi_mod_mpi
 .text.mbedtls_mpi_exp_mod
                0x200288fa      0x428 build_sf32lb52-lchspi-ulp_hcpu\bootloader\sifli_sdk\external\mbedtls\library\bignum.o
                0x200288fa                mbedtls_mpi_exp_mod
 .text.mbedtls_mpi_gcd
                0x20028d22       0xfc build_sf32lb52-lchspi-ulp_hcpu\bootloader\sifli_sdk\external\mbedtls\library\bignum.o
                0x20028d22                mbedtls_mpi_gcd
 .text.mbedtls_mpi_fill_random
                0x20028e1e       0x3a build_sf32lb52-lchspi-ulp_hcpu\bootloader\sifli_sdk\external\mbedtls\library\bignum.o
                0x20028e1e                mbedtls_mpi_fill_random
 .text.mbedtls_mpi_inv_mod
                0x20028e58      0x38a build_sf32lb52-lchspi-ulp_hcpu\bootloader\sifli_sdk\external\mbedtls\library\bignum.o
                0x20028e58                mbedtls_mpi_inv_mod
 *fill*         0x200291e2        0x2 
 .text.mbedtls_oid_get_pk_alg
                0x200291e4       0x34 build_sf32lb52-lchspi-ulp_hcpu\bootloader\sifli_sdk\external\mbedtls\library\oid.o
                0x200291e4                mbedtls_oid_get_pk_alg
 .text.mbedtls_oid_get_md_alg
                0x20029218       0x34 build_sf32lb52-lchspi-ulp_hcpu\bootloader\sifli_sdk\external\mbedtls\library\oid.o
                0x20029218                mbedtls_oid_get_md_alg
 .text.mbedtls_oid_get_oid_by_md
                0x2002924c       0x28 build_sf32lb52-lchspi-ulp_hcpu\bootloader\sifli_sdk\external\mbedtls\library\oid.o
                0x2002924c                mbedtls_oid_get_oid_by_md
 .text.mbedtls_pk_init
                0x20029274        0xa build_sf32lb52-lchspi-ulp_hcpu\bootloader\sifli_sdk\external\mbedtls\library\pk.o
                0x20029274                mbedtls_pk_init
 .text.mbedtls_pk_free
                0x2002927e       0x22 build_sf32lb52-lchspi-ulp_hcpu\bootloader\sifli_sdk\external\mbedtls\library\pk.o
                0x2002927e                mbedtls_pk_free
 .text.mbedtls_pk_info_from_type
                0x200292a0       0x10 build_sf32lb52-lchspi-ulp_hcpu\bootloader\sifli_sdk\external\mbedtls\library\pk.o
                0x200292a0                mbedtls_pk_info_from_type
 .text.mbedtls_pk_setup
                0x200292b0       0x2c build_sf32lb52-lchspi-ulp_hcpu\bootloader\sifli_sdk\external\mbedtls\library\pk.o
                0x200292b0                mbedtls_pk_setup
 .text.mbedtls_pk_verify
                0x200292dc       0x54 build_sf32lb52-lchspi-ulp_hcpu\bootloader\sifli_sdk\external\mbedtls\library\pk.o
                0x200292dc                mbedtls_pk_verify
 .text.pk_get_pk_alg
                0x20029330       0x54 build_sf32lb52-lchspi-ulp_hcpu\bootloader\sifli_sdk\external\mbedtls\library\pkparse.o
 .text.mbedtls_pk_parse_subpubkey
                0x20029384      0x108 build_sf32lb52-lchspi-ulp_hcpu\bootloader\sifli_sdk\external\mbedtls\library\pkparse.o
                0x20029384                mbedtls_pk_parse_subpubkey
 .text.mbedtls_pk_parse_public_key
                0x2002948c       0x16 build_sf32lb52-lchspi-ulp_hcpu\bootloader\sifli_sdk\external\mbedtls\library\pkparse.o
                0x2002948c                mbedtls_pk_parse_public_key
 .text.rsa_can_do
                0x200294a2        0xc build_sf32lb52-lchspi-ulp_hcpu\bootloader\sifli_sdk\external\mbedtls\library\pk_wrap.o
 .text.rsa_get_bitlen
                0x200294ae        0x6 build_sf32lb52-lchspi-ulp_hcpu\bootloader\sifli_sdk\external\mbedtls\library\pk_wrap.o
 .text.rsa_debug
                0x200294b4       0x24 build_sf32lb52-lchspi-ulp_hcpu\bootloader\sifli_sdk\external\mbedtls\library\pk_wrap.o
 .text.rsa_free_wrap
                0x200294d8       0x12 build_sf32lb52-lchspi-ulp_hcpu\bootloader\sifli_sdk\external\mbedtls\library\pk_wrap.o
 .text.rsa_alloc_wrap
                0x200294ea       0x1a build_sf32lb52-lchspi-ulp_hcpu\bootloader\sifli_sdk\external\mbedtls\library\pk_wrap.o
 .text.rsa_check_pair_wrap
                0x20029504        0x4 build_sf32lb52-lchspi-ulp_hcpu\bootloader\sifli_sdk\external\mbedtls\library\pk_wrap.o
 .text.rsa_encrypt_wrap
                0x20029508       0x30 build_sf32lb52-lchspi-ulp_hcpu\bootloader\sifli_sdk\external\mbedtls\library\pk_wrap.o
 .text.rsa_decrypt_wrap
                0x20029538       0x2c build_sf32lb52-lchspi-ulp_hcpu\bootloader\sifli_sdk\external\mbedtls\library\pk_wrap.o
 .text.rsa_sign_wrap
                0x20029564       0x22 build_sf32lb52-lchspi-ulp_hcpu\bootloader\sifli_sdk\external\mbedtls\library\pk_wrap.o
 *fill*         0x20029586        0x2 
 .text.rsa_verify_wrap
                0x20029588       0x3c build_sf32lb52-lchspi-ulp_hcpu\bootloader\sifli_sdk\external\mbedtls\library\pk_wrap.o
 .text.mbedtls_rsa_init
                0x200295c4       0x16 build_sf32lb52-lchspi-ulp_hcpu\bootloader\sifli_sdk\external\mbedtls\library\rsa.o
                0x200295c4                mbedtls_rsa_init
 .text.mbedtls_rsa_set_padding
                0x200295da        0x6 build_sf32lb52-lchspi-ulp_hcpu\bootloader\sifli_sdk\external\mbedtls\library\rsa.o
                0x200295da                mbedtls_rsa_set_padding
 .text.mbedtls_rsa_check_pubkey
                0x200295e0       0x58 build_sf32lb52-lchspi-ulp_hcpu\bootloader\sifli_sdk\external\mbedtls\library\rsa.o
                0x200295e0                mbedtls_rsa_check_pubkey
 .text.mbedtls_rsa_check_privkey
                0x20029638      0x208 build_sf32lb52-lchspi-ulp_hcpu\bootloader\sifli_sdk\external\mbedtls\library\rsa.o
                0x20029638                mbedtls_rsa_check_privkey
 .text.mbedtls_rsa_check_pub_priv
                0x20029840       0x40 build_sf32lb52-lchspi-ulp_hcpu\bootloader\sifli_sdk\external\mbedtls\library\rsa.o
                0x20029840                mbedtls_rsa_check_pub_priv
 .text.mbedtls_rsa_public
                0x20029880       0x6c build_sf32lb52-lchspi-ulp_hcpu\bootloader\sifli_sdk\external\mbedtls\library\rsa.o
                0x20029880                mbedtls_rsa_public
 .text.mbedtls_rsa_private
                0x200298ec      0x314 build_sf32lb52-lchspi-ulp_hcpu\bootloader\sifli_sdk\external\mbedtls\library\rsa.o
                0x200298ec                mbedtls_rsa_private
 .text.mbedtls_rsa_rsaes_pkcs1_v15_encrypt
                0x20029c00       0xf0 build_sf32lb52-lchspi-ulp_hcpu\bootloader\sifli_sdk\external\mbedtls\library\rsa.o
                0x20029c00                mbedtls_rsa_rsaes_pkcs1_v15_encrypt
 .text.mbedtls_rsa_pkcs1_encrypt
                0x20029cf0       0x1c build_sf32lb52-lchspi-ulp_hcpu\bootloader\sifli_sdk\external\mbedtls\library\rsa.o
                0x20029cf0                mbedtls_rsa_pkcs1_encrypt
 .text.mbedtls_rsa_rsaes_pkcs1_v15_decrypt
                0x20029d0c      0x128 build_sf32lb52-lchspi-ulp_hcpu\bootloader\sifli_sdk\external\mbedtls\library\rsa.o
                0x20029d0c                mbedtls_rsa_rsaes_pkcs1_v15_decrypt
 .text.mbedtls_rsa_pkcs1_decrypt
                0x20029e34       0x1c build_sf32lb52-lchspi-ulp_hcpu\bootloader\sifli_sdk\external\mbedtls\library\rsa.o
                0x20029e34                mbedtls_rsa_pkcs1_decrypt
 .text.mbedtls_rsa_rsassa_pkcs1_v15_sign
                0x20029e50      0x198 build_sf32lb52-lchspi-ulp_hcpu\bootloader\sifli_sdk\external\mbedtls\library\rsa.o
                0x20029e50                mbedtls_rsa_rsassa_pkcs1_v15_sign
 .text.mbedtls_rsa_pkcs1_sign
                0x20029fe8       0x20 build_sf32lb52-lchspi-ulp_hcpu\bootloader\sifli_sdk\external\mbedtls\library\rsa.o
                0x20029fe8                mbedtls_rsa_pkcs1_sign
 .text.mbedtls_rsa_rsassa_pkcs1_v15_verify
                0x2002a008      0x1b0 build_sf32lb52-lchspi-ulp_hcpu\bootloader\sifli_sdk\external\mbedtls\library\rsa.o
                0x2002a008                mbedtls_rsa_rsassa_pkcs1_v15_verify
 .text.mbedtls_rsa_pkcs1_verify
                0x2002a1b8       0x20 build_sf32lb52-lchspi-ulp_hcpu\bootloader\sifli_sdk\external\mbedtls\library\rsa.o
                0x2002a1b8                mbedtls_rsa_pkcs1_verify
 .text.mbedtls_rsa_free
                0x2002a1d8       0x6e build_sf32lb52-lchspi-ulp_hcpu\bootloader\sifli_sdk\external\mbedtls\library\rsa.o
                0x2002a1d8                mbedtls_rsa_free
 *fill*         0x2002a246        0x2 
 .text          0x2002a248       0x30 C:/Users/YBL/.sifli/tools/arm-none-eabi-gcc/14.2.1/bin/../lib/gcc/arm-none-eabi/14.2.1/thumb/v8-m.main+fp/hard\libgcc.a(_aeabi_uldivmod.o)
                0x2002a248                __aeabi_uldivmod
 .text.__udivmoddi4
                0x2002a278      0x34c C:/Users/YBL/.sifli/tools/arm-none-eabi-gcc/14.2.1/bin/../lib/gcc/arm-none-eabi/14.2.1/thumb/v8-m.main+fp/hard\libgcc.a(_udivmoddi4.o)
                0x2002a278                __udivmoddi4
 .text          0x2002a5c4        0x4 C:/Users/YBL/.sifli/tools/arm-none-eabi-gcc/14.2.1/bin/../lib/gcc/arm-none-eabi/14.2.1/thumb/v8-m.main+fp/hard\libgcc.a(_dvmd_tls.o)
                0x2002a5c4                __aeabi_idiv0
                0x2002a5c4                __aeabi_ldiv0
 .text.calloc   0x2002a5c8       0x10 C:/Users/YBL/.sifli/tools/arm-none-eabi-gcc/14.2.1/bin/../lib/gcc/arm-none-eabi/14.2.1/thumb/v8-m.main+fp/hard\libg_nano.a(libc_a-calloc.o)
                0x2002a5c8                calloc
 .text._calloc_r
                0x2002a5d8       0x28 C:/Users/YBL/.sifli/tools/arm-none-eabi-gcc/14.2.1/bin/../lib/gcc/arm-none-eabi/14.2.1/thumb/v8-m.main+fp/hard\libg_nano.a(libc_a-callocr.o)
                0x2002a5d8                _calloc_r
 .text.free     0x2002a600       0x10 C:/Users/YBL/.sifli/tools/arm-none-eabi-gcc/14.2.1/bin/../lib/gcc/arm-none-eabi/14.2.1/thumb/v8-m.main+fp/hard\libg_nano.a(libc_a-malloc.o)
                0x2002a600                free
 .text.sbrk_aligned
                0x2002a610       0x44 C:/Users/YBL/.sifli/tools/arm-none-eabi-gcc/14.2.1/bin/../lib/gcc/arm-none-eabi/14.2.1/thumb/v8-m.main+fp/hard\libg_nano.a(libc_a-mallocr.o)
 .text._malloc_r
                0x2002a654      0x100 C:/Users/YBL/.sifli/tools/arm-none-eabi-gcc/14.2.1/bin/../lib/gcc/arm-none-eabi/14.2.1/thumb/v8-m.main+fp/hard\libg_nano.a(libc_a-mallocr.o)
                0x2002a654                _malloc_r
 .text.__malloc_lock
                0x2002a754        0xc C:/Users/YBL/.sifli/tools/arm-none-eabi-gcc/14.2.1/bin/../lib/gcc/arm-none-eabi/14.2.1/thumb/v8-m.main+fp/hard\libg_nano.a(libc_a-mlock.o)
                0x2002a754                __malloc_lock
 .text.__malloc_unlock
                0x2002a760        0xc C:/Users/YBL/.sifli/tools/arm-none-eabi-gcc/14.2.1/bin/../lib/gcc/arm-none-eabi/14.2.1/thumb/v8-m.main+fp/hard\libg_nano.a(libc_a-mlock.o)
                0x2002a760                __malloc_unlock
 .text.memcmp   0x2002a76c       0x20 C:/Users/YBL/.sifli/tools/arm-none-eabi-gcc/14.2.1/bin/../lib/gcc/arm-none-eabi/14.2.1/thumb/v8-m.main+fp/hard\libg_nano.a(libc_a-memcmp.o)
                0x2002a76c                memcmp
 .text.memset   0x2002a78c       0x10 C:/Users/YBL/.sifli/tools/arm-none-eabi-gcc/14.2.1/bin/../lib/gcc/arm-none-eabi/14.2.1/thumb/v8-m.main+fp/hard\libg_nano.a(libc_a-memset.o)
                0x2002a78c                memset
 .text._sbrk_r  0x2002a79c       0x20 C:/Users/YBL/.sifli/tools/arm-none-eabi-gcc/14.2.1/bin/../lib/gcc/arm-none-eabi/14.2.1/thumb/v8-m.main+fp/hard\libg_nano.a(libc_a-sbrkr.o)
                0x2002a79c                _sbrk_r
 .text.__retarget_lock_acquire_recursive
                0x2002a7bc        0x2 C:/Users/YBL/.sifli/tools/arm-none-eabi-gcc/14.2.1/bin/../lib/gcc/arm-none-eabi/14.2.1/thumb/v8-m.main+fp/hard\libg_nano.a(libc_a-lock.o)
                0x2002a7bc                __retarget_lock_acquire_recursive
 .text.__retarget_lock_release_recursive
                0x2002a7be        0x2 C:/Users/YBL/.sifli/tools/arm-none-eabi-gcc/14.2.1/bin/../lib/gcc/arm-none-eabi/14.2.1/thumb/v8-m.main+fp/hard\libg_nano.a(libc_a-lock.o)
                0x2002a7be                __retarget_lock_release_recursive
 .text.memcpy   0x2002a7c0       0x1a C:/Users/YBL/.sifli/tools/arm-none-eabi-gcc/14.2.1/bin/../lib/gcc/arm-none-eabi/14.2.1/thumb/v8-m.main+fp/hard\libg_nano.a(libc_a-memcpy-stub.o)
                0x2002a7c0                memcpy